../STM32_WPAN/App/custom_app.c:115:6:Custom_STM_App_Notification	16	static
../STM32_WPAN/App/custom_app.c:169:6:Custom_APP_Notification	16	static
../STM32_WPAN/App/custom_app.c:210:6:Custom_APP_Init	8	static
../STM32_WPAN/App/custom_app.c:230:13:Custom_Temperature_pressure_Update_Char	16	static
../STM32_WPAN/App/custom_app.c:249:6:Custom_Temperature_pressure_Send_Notification	16	static
../STM32_WPAN/App/custom_app.c:270:6:Sensor_ReadTempPressure	8	static
../STM32_WPAN/App/custom_app.c:309:13:Sensor_Timer_Callback	16	static
