../Drivers/STM32WBxx_HAL_Driver/Inc/stm32wbxx_ll_pwr.h:1615:22:LL_PWR_EnableBootC2	1
../Drivers/STM32WBxx_HAL_Driver/Inc/stm32wbxx_ll_exti.h:417:22:LL_C2_EXTI_EnableIT_32_63	1
../Drivers/STM32WBxx_HAL_Driver/Inc/stm32wbxx_ll_exti.h:793:22:LL_C2_EXTI_EnableEvent_32_63	1
../Drivers/STM32WBxx_HAL_Driver/Inc/stm32wbxx_ll_rcc.h:1679:22:LL_RCC_LSE_SetDriveCapability	1
../Drivers/STM32WBxx_HAL_Driver/Inc/stm32wbxx_ll_bus.h:539:22:LL_AHB2_GRP1_EnableClock	1
../Drivers/STM32WBxx_HAL_Driver/Inc/stm32wbxx_ll_bus.h:1782:22:LL_C2_AHB3_GRP1_EnableClock	1
../Core/Src/main.c:111:5:main	2
../Core/Src/main.c:282:6:SystemClock_Config	3
../Core/Src/main.c:329:6:PeriphCommonClock_Config	2
../Core/Src/main.c:354:13:MX_IPCC_Init	2
../Core/Src/main.c:380:13:MX_RF_Init	1
../Core/Src/main.c:401:13:MX_RTC_Init	3
../Core/Src/main.c:443:13:MX_SPI1_Init	2
../Core/Src/main.c:483:13:MX_GPIO_Init	1
../Core/Src/main.c:516:6:Error_Handler	1
