../Drivers/STM32WBxx_HAL_Driver/Inc/stm32wbxx_ll_pwr.h:1615:22:LL_PWR_EnableBootC2	4	static
../Drivers/STM32WBxx_HAL_Driver/Inc/stm32wbxx_ll_exti.h:793:22:LL_C2_EXTI_EnableEvent_32_63	16	static
../Drivers/STM32WBxx_HAL_Driver/Inc/stm32wbxx_ll_exti.h:1051:22:LL_EXTI_EnableRisingTrig_32_63	16	static
../Drivers/STM32WBxx_HAL_Driver/Inc/stm32wbxx_ll_bus.h:744:22:LL_AHB3_GRP1_EnableClock	24	static
../Drivers/STM32WBxx_HAL_Driver/Inc/stm32wbxx_ll_bus.h:1782:22:LL_C2_AHB3_GRP1_EnableClock	24	static
../Drivers/STM32WBxx_HAL_Driver/Inc/stm32wbxx_ll_ipcc.h:137:22:LL_C1_IPCC_EnableIT_TXF	16	static
../Drivers/STM32WBxx_HAL_Driver/Inc/stm32wbxx_ll_ipcc.h:170:22:LL_C1_IPCC_EnableIT_RXO	16	static
../Drivers/STM32WBxx_HAL_Driver/Inc/stm32wbxx_ll_ipcc.h:289:22:LL_C1_IPCC_EnableTransmitChannel	16	static
../Drivers/STM32WBxx_HAL_Driver/Inc/stm32wbxx_ll_ipcc.h:312:22:LL_C1_IPCC_DisableTransmitChannel	16	static
../Drivers/STM32WBxx_HAL_Driver/Inc/stm32wbxx_ll_ipcc.h:358:22:LL_C1_IPCC_EnableReceiveChannel	16	static
../Drivers/STM32WBxx_HAL_Driver/Inc/stm32wbxx_ll_ipcc.h:574:22:LL_C1_IPCC_ClearFlag_CHx	16	static
../Drivers/STM32WBxx_HAL_Driver/Inc/stm32wbxx_ll_ipcc.h:598:22:LL_C1_IPCC_SetFlag_CHx	16	static
../Drivers/STM32WBxx_HAL_Driver/Inc/stm32wbxx_ll_ipcc.h:621:26:LL_C1_IPCC_IsActiveFlag_CHx	16	static
../Drivers/STM32WBxx_HAL_Driver/Inc/stm32wbxx_ll_ipcc.h:692:26:LL_C2_IPCC_IsActiveFlag_CHx	16	static
../STM32_WPAN/Target/hw_ipcc.c:85:6:HW_IPCC_Rx_Handler	8	static
../STM32_WPAN/Target/hw_ipcc.c:149:6:HW_IPCC_Tx_Handler	8	static
../STM32_WPAN/Target/hw_ipcc.c:190:6:HW_IPCC_Enable	8	static,ignoring_inline_asm
../STM32_WPAN/Target/hw_ipcc.c:221:6:HW_IPCC_Init	8	static
../STM32_WPAN/Target/hw_ipcc.c:235:13:IPCC_Wakeup_CPU2	8	static,ignoring_inline_asm
../STM32_WPAN/Target/hw_ipcc.c:250:13:HW_IPCC_SetFlagCHx	16	static
../STM32_WPAN/Target/hw_ipcc.c:261:6:HW_IPCC_BLE_Init	24	static,ignoring_inline_asm
../STM32_WPAN/Target/hw_ipcc.c:270:6:HW_IPCC_BLE_SendCmd	8	static
../STM32_WPAN/Target/hw_ipcc.c:277:13:HW_IPCC_BLE_EvtHandler	8	static
../STM32_WPAN/Target/hw_ipcc.c:286:6:HW_IPCC_BLE_SendAclData	24	static,ignoring_inline_asm
../STM32_WPAN/Target/hw_ipcc.c:296:13:HW_IPCC_BLE_AclDataEvtHandler	24	static,ignoring_inline_asm
../STM32_WPAN/Target/hw_ipcc.c:307:13:HW_IPCC_BLE_AclDataAckNot	4	static
../STM32_WPAN/Target/hw_ipcc.c:308:13:HW_IPCC_BLE_RxEvtNot	4	static
../STM32_WPAN/Target/hw_ipcc.c:313:6:HW_IPCC_SYS_Init	24	static,ignoring_inline_asm
../STM32_WPAN/Target/hw_ipcc.c:322:6:HW_IPCC_SYS_SendCmd	24	static,ignoring_inline_asm
../STM32_WPAN/Target/hw_ipcc.c:332:13:HW_IPCC_SYS_CmdEvtHandler	24	static,ignoring_inline_asm
../STM32_WPAN/Target/hw_ipcc.c:343:13:HW_IPCC_SYS_EvtHandler	8	static
../STM32_WPAN/Target/hw_ipcc.c:352:13:HW_IPCC_SYS_CmdEvtNot	4	static
../STM32_WPAN/Target/hw_ipcc.c:353:13:HW_IPCC_SYS_EvtNot	4	static
../STM32_WPAN/Target/hw_ipcc.c:727:6:HW_IPCC_MM_SendFreeBuf	32	static,ignoring_inline_asm
../STM32_WPAN/Target/hw_ipcc.c:746:13:HW_IPCC_MM_FreeBufHandler	24	static,ignoring_inline_asm
../STM32_WPAN/Target/hw_ipcc.c:762:6:HW_IPCC_TRACES_Init	24	static,ignoring_inline_asm
../STM32_WPAN/Target/hw_ipcc.c:771:13:HW_IPCC_TRACES_EvtHandler	8	static
../STM32_WPAN/Target/hw_ipcc.c:780:13:HW_IPCC_TRACES_EvtNot	4	static
