Archive member included to satisfy reference by file (symbol)

C:/ST/STM32CubeIDE_1.18.0/STM32CubeIDE/plugins/com.st.stm32cube.ide.mcu.externaltools.gnu-tools-for-stm32.13.3.rel1.win32_1.0.0.202411081344/tools/bin/../lib/gcc/arm-none-eabi/13.3.1/../../../../arm-none-eabi/lib/thumb/v7e-m+fp/hard\libc_nano.a(libc_a-exit.o)
                              C:/ST/STM32CubeIDE_1.18.0/STM32CubeIDE/plugins/com.st.stm32cube.ide.mcu.externaltools.gnu-tools-for-stm32.13.3.rel1.win32_1.0.0.202411081344/tools/bin/../lib/gcc/arm-none-eabi/13.3.1/../../../../arm-none-eabi/lib/thumb/v7e-m+fp/hard/crt0.o (exit)
C:/ST/STM32CubeIDE_1.18.0/STM32CubeIDE/plugins/com.st.stm32cube.ide.mcu.externaltools.gnu-tools-for-stm32.13.3.rel1.win32_1.0.0.202411081344/tools/bin/../lib/gcc/arm-none-eabi/13.3.1/../../../../arm-none-eabi/lib/thumb/v7e-m+fp/hard\libc_nano.a(libc_a-findfp.o)
                              C:/ST/STM32CubeIDE_1.18.0/STM32CubeIDE/plugins/com.st.stm32cube.ide.mcu.externaltools.gnu-tools-for-stm32.13.3.rel1.win32_1.0.0.202411081344/tools/bin/../lib/gcc/arm-none-eabi/13.3.1/../../../../arm-none-eabi/lib/thumb/v7e-m+fp/hard\libc_nano.a(libc_a-exit.o) (__stdio_exit_handler)
C:/ST/STM32CubeIDE_1.18.0/STM32CubeIDE/plugins/com.st.stm32cube.ide.mcu.externaltools.gnu-tools-for-stm32.13.3.rel1.win32_1.0.0.202411081344/tools/bin/../lib/gcc/arm-none-eabi/13.3.1/../../../../arm-none-eabi/lib/thumb/v7e-m+fp/hard\libc_nano.a(libc_a-fwalk.o)
                              C:/ST/STM32CubeIDE_1.18.0/STM32CubeIDE/plugins/com.st.stm32cube.ide.mcu.externaltools.gnu-tools-for-stm32.13.3.rel1.win32_1.0.0.202411081344/tools/bin/../lib/gcc/arm-none-eabi/13.3.1/../../../../arm-none-eabi/lib/thumb/v7e-m+fp/hard\libc_nano.a(libc_a-findfp.o) (_fwalk_sglue)
C:/ST/STM32CubeIDE_1.18.0/STM32CubeIDE/plugins/com.st.stm32cube.ide.mcu.externaltools.gnu-tools-for-stm32.13.3.rel1.win32_1.0.0.202411081344/tools/bin/../lib/gcc/arm-none-eabi/13.3.1/../../../../arm-none-eabi/lib/thumb/v7e-m+fp/hard\libc_nano.a(libc_a-printf.o)
                              ./Middlewares/ST/STM32_WPAN/utilities/dbg_trace.o (printf)
C:/ST/STM32CubeIDE_1.18.0/STM32CubeIDE/plugins/com.st.stm32cube.ide.mcu.externaltools.gnu-tools-for-stm32.13.3.rel1.win32_1.0.0.202411081344/tools/bin/../lib/gcc/arm-none-eabi/13.3.1/../../../../arm-none-eabi/lib/thumb/v7e-m+fp/hard\libc_nano.a(libc_a-stdio.o)
                              C:/ST/STM32CubeIDE_1.18.0/STM32CubeIDE/plugins/com.st.stm32cube.ide.mcu.externaltools.gnu-tools-for-stm32.13.3.rel1.win32_1.0.0.202411081344/tools/bin/../lib/gcc/arm-none-eabi/13.3.1/../../../../arm-none-eabi/lib/thumb/v7e-m+fp/hard\libc_nano.a(libc_a-findfp.o) (__sread)
C:/ST/STM32CubeIDE_1.18.0/STM32CubeIDE/plugins/com.st.stm32cube.ide.mcu.externaltools.gnu-tools-for-stm32.13.3.rel1.win32_1.0.0.202411081344/tools/bin/../lib/gcc/arm-none-eabi/13.3.1/../../../../arm-none-eabi/lib/thumb/v7e-m+fp/hard\libc_nano.a(libc_a-vprintf.o)
                              ./Middlewares/ST/STM32_WPAN/utilities/dbg_trace.o (vprintf)
C:/ST/STM32CubeIDE_1.18.0/STM32CubeIDE/plugins/com.st.stm32cube.ide.mcu.externaltools.gnu-tools-for-stm32.13.3.rel1.win32_1.0.0.202411081344/tools/bin/../lib/gcc/arm-none-eabi/13.3.1/../../../../arm-none-eabi/lib/thumb/v7e-m+fp/hard\libc_nano.a(libc_a-memcmp.o)
                              ./Middlewares/ST/STM32_WPAN/ble/core/template/osal.o (memcmp)
C:/ST/STM32CubeIDE_1.18.0/STM32CubeIDE/plugins/com.st.stm32cube.ide.mcu.externaltools.gnu-tools-for-stm32.13.3.rel1.win32_1.0.0.202411081344/tools/bin/../lib/gcc/arm-none-eabi/13.3.1/../../../../arm-none-eabi/lib/thumb/v7e-m+fp/hard\libc_nano.a(libc_a-memset.o)
                              C:/ST/STM32CubeIDE_1.18.0/STM32CubeIDE/plugins/com.st.stm32cube.ide.mcu.externaltools.gnu-tools-for-stm32.13.3.rel1.win32_1.0.0.202411081344/tools/bin/../lib/gcc/arm-none-eabi/13.3.1/../../../../arm-none-eabi/lib/thumb/v7e-m+fp/hard/crt0.o (memset)
C:/ST/STM32CubeIDE_1.18.0/STM32CubeIDE/plugins/com.st.stm32cube.ide.mcu.externaltools.gnu-tools-for-stm32.13.3.rel1.win32_1.0.0.202411081344/tools/bin/../lib/gcc/arm-none-eabi/13.3.1/../../../../arm-none-eabi/lib/thumb/v7e-m+fp/hard\libc_nano.a(libc_a-strrchr.o)
                              ./Middlewares/ST/STM32_WPAN/utilities/dbg_trace.o (strrchr)
C:/ST/STM32CubeIDE_1.18.0/STM32CubeIDE/plugins/com.st.stm32cube.ide.mcu.externaltools.gnu-tools-for-stm32.13.3.rel1.win32_1.0.0.202411081344/tools/bin/../lib/gcc/arm-none-eabi/13.3.1/../../../../arm-none-eabi/lib/thumb/v7e-m+fp/hard\libc_nano.a(libc_a-closer.o)
                              C:/ST/STM32CubeIDE_1.18.0/STM32CubeIDE/plugins/com.st.stm32cube.ide.mcu.externaltools.gnu-tools-for-stm32.13.3.rel1.win32_1.0.0.202411081344/tools/bin/../lib/gcc/arm-none-eabi/13.3.1/../../../../arm-none-eabi/lib/thumb/v7e-m+fp/hard\libc_nano.a(libc_a-stdio.o) (_close_r)
[...]
Memory Configuration

Name             Origin             Length             Attributes
FLASH            0x08000000         0x0001b800         xr
RAM              0x20000008         0x00002ff8         xrw
RAM_SHARED       0x20030000         0x00002800         xrw
*default*        0x00000000         0xffffffff

Linker script and memory map

LOAD C:/ST/STM32CubeIDE_1.18.0/STM32CubeIDE/plugins/com.st.stm32cube.ide.mcu.externaltools.gnu-tools-for-stm32.13.3.rel1.win32_1.0.0.202411081344/tools/bin/../lib/gcc/arm-none-eabi/13.3.1/thumb/v7e-m+fp/hard/crti.o
LOAD C:/ST/STM32CubeIDE_1.18.0/STM32CubeIDE/plugins/com.st.stm32cube.ide.mcu.externaltools.gnu-tools-for-stm32.13.3.rel1.win32_1.0.0.202411081344/tools/bin/../lib/gcc/arm-none-eabi/13.3.1/thumb/v7e-m+fp/hard/crtbegin.o
LOAD C:/ST/STM32CubeIDE_1.18.0/STM32CubeIDE/plugins/com.st.stm32cube.ide.mcu.externaltools.gnu-tools-for-stm32.13.3.rel1.win32_1.0.0.202411081344/tools/bin/../lib/gcc/arm-none-eabi/13.3.1/../../../../arm-none-eabi/lib/thumb/v7e-m+fp/hard/crt0.o
LOAD ./Core/Src/app_debug.o
LOAD ./Core/Src/app_entry.o
LOAD ./Core/Src/hw_timerserver.o
LOAD ./Core/Src/main.o
LOAD ./Core/Src/sleep_manager.o
LOAD ./Core/Src/standby.o
LOAD ./Core/Src/stm32_lpm_if.o
LOAD ./Core/Src/stm32wbxx_hal_msp.o
LOAD ./Core/Src/stm32wbxx_it.o
LOAD ./Core/Src/syscalls.o
LOAD ./Core/Src/sysmem.o
LOAD ./Core/Src/system_stm32wbxx.o
LOAD ./Core/Startup/startup_stm32wb1mmchx.o
LOAD ./Drivers/STM32WBxx_HAL_Driver/Src/stm32wbxx_hal.o
LOAD ./Drivers/STM32WBxx_HAL_Driver/Src/stm32wbxx_hal_cortex.o
LOAD ./Drivers/STM32WBxx_HAL_Driver/Src/stm32wbxx_hal_dma.o
LOAD ./Drivers/STM32WBxx_HAL_Driver/Src/stm32wbxx_hal_dma_ex.o
LOAD ./Drivers/STM32WBxx_HAL_Driver/Src/stm32wbxx_hal_exti.o
LOAD ./Drivers/STM32WBxx_HAL_Driver/Src/stm32wbxx_hal_flash.o
LOAD ./Drivers/STM32WBxx_HAL_Driver/Src/stm32wbxx_hal_flash_ex.o
LOAD ./Drivers/STM32WBxx_HAL_Driver/Src/stm32wbxx_hal_gpio.o
LOAD ./Drivers/STM32WBxx_HAL_Driver/Src/stm32wbxx_hal_hsem.o
LOAD ./Drivers/STM32WBxx_HAL_Driver/Src/stm32wbxx_hal_ipcc.o
LOAD ./Drivers/STM32WBxx_HAL_Driver/Src/stm32wbxx_hal_pwr.o
LOAD ./Drivers/STM32WBxx_HAL_Driver/Src/stm32wbxx_hal_pwr_ex.o
LOAD ./Drivers/STM32WBxx_HAL_Driver/Src/stm32wbxx_hal_rcc.o
LOAD ./Drivers/STM32WBxx_HAL_Driver/Src/stm32wbxx_hal_rcc_ex.o
LOAD ./Drivers/STM32WBxx_HAL_Driver/Src/stm32wbxx_hal_rtc.o
LOAD ./Drivers/STM32WBxx_HAL_Driver/Src/stm32wbxx_hal_rtc_ex.o
LOAD ./Drivers/STM32WBxx_HAL_Driver/Src/stm32wbxx_hal_spi.o
LOAD ./Drivers/STM32WBxx_HAL_Driver/Src/stm32wbxx_hal_spi_ex.o
LOAD ./Drivers/STM32WBxx_HAL_Driver/Src/stm32wbxx_ll_rcc.o
LOAD ./Middlewares/ST/STM32_WPAN/ble/core/auto/ble_events.o
LOAD ./Middlewares/ST/STM32_WPAN/ble/core/auto/ble_gap_aci.o
LOAD ./Middlewares/ST/STM32_WPAN/ble/core/auto/ble_gatt_aci.o
LOAD ./Middlewares/ST/STM32_WPAN/ble/core/auto/ble_hal_aci.o
LOAD ./Middlewares/ST/STM32_WPAN/ble/core/auto/ble_hci_le.o
LOAD ./Middlewares/ST/STM32_WPAN/ble/core/auto/ble_l2cap_aci.o
LOAD ./Middlewares/ST/STM32_WPAN/ble/core/template/osal.o
LOAD ./Middlewares/ST/STM32_WPAN/ble/svc/Src/svc_ctl.o
LOAD ./Middlewares/ST/STM32_WPAN/interface/patterns/ble_thread/shci/shci.o
LOAD ./Middlewares/ST/STM32_WPAN/interface/patterns/ble_thread/tl/hci_tl.o
LOAD ./Middlewares/ST/STM32_WPAN/interface/patterns/ble_thread/tl/hci_tl_if.o
LOAD ./Middlewares/ST/STM32_WPAN/interface/patterns/ble_thread/tl/shci_tl.o
LOAD ./Middlewares/ST/STM32_WPAN/interface/patterns/ble_thread/tl/shci_tl_if.o
LOAD ./Middlewares/ST/STM32_WPAN/interface/patterns/ble_thread/tl/tl_mbox.o
LOAD ./Middlewares/ST/STM32_WPAN/utilities/dbg_trace.o
LOAD ./Middlewares/ST/STM32_WPAN/utilities/otp.o
LOAD ./Middlewares/ST/STM32_WPAN/utilities/stm_list.o
LOAD ./Middlewares/ST/STM32_WPAN/utilities/stm_queue.o
LOAD ./STM32_WPAN/App/app_ble.o
LOAD ./STM32_WPAN/App/custom_app.o
LOAD ./STM32_WPAN/App/custom_stm.o
LOAD ./STM32_WPAN/Target/hw_ipcc.o
LOAD ./Utilities/lpm/tiny_lpm/stm32_lpm.o
LOAD ./Utilities/sequencer/stm32_seq.o
START GROUP
LOAD C:/ST/STM32CubeIDE_1.18.0/STM32CubeIDE/plugins/com.st.stm32cube.ide.mcu.externaltools.gnu-tools-for-stm32.13.3.rel1.win32_1.0.0.202411081344/tools/bin/../lib/gcc/arm-none-eabi/13.3.1/../../../../arm-none-eabi/lib/thumb/v7e-m+fp/hard\libc_nano.a
LOAD C:/ST/STM32CubeIDE_1.18.0/STM32CubeIDE/plugins/com.st.stm32cube.ide.mcu.externaltools.gnu-tools-for-stm32.13.3.rel1.win32_1.0.0.202411081344/tools/bin/../lib/gcc/arm-none-eabi/13.3.1/../../../../arm-none-eabi/lib/thumb/v7e-m+fp/hard\libm.a
END GROUP
START GROUP
LOAD C:/ST/STM32CubeIDE_1.18.0/STM32CubeIDE/plugins/com.st.stm32cube.ide.mcu.externaltools.gnu-tools-for-stm32.13.3.rel1.win32_1.0.0.202411081344/tools/bin/../lib/gcc/arm-none-eabi/13.3.1/thumb/v7e-m+fp/hard\libgcc.a
LOAD C:/ST/STM32CubeIDE_1.18.0/STM32CubeIDE/plugins/com.st.stm32cube.ide.mcu.externaltools.gnu-tools-for-stm32.13.3.rel1.win32_1.0.0.202411081344/tools/bin/../lib/gcc/arm-none-eabi/13.3.1/../../../../arm-none-eabi/lib/thumb/v7e-m+fp/hard\libc_nano.a
END GROUP
START GROUP
LOAD C:/ST/STM32CubeIDE_1.18.0/STM32CubeIDE/plugins/com.st.stm32cube.ide.mcu.externaltools.gnu-tools-for-stm32.13.3.rel1.win32_1.0.0.202411081344/tools/bin/../lib/gcc/arm-none-eabi/13.3.1/thumb/v7e-m+fp/hard\libgcc.a
LOAD C:/ST/STM32CubeIDE_1.18.0/STM32CubeIDE/plugins/com.st.stm32cube.ide.mcu.externaltools.gnu-tools-for-stm32.13.3.rel1.win32_1.0.0.202411081344/tools/bin/../lib/gcc/arm-none-eabi/13.3.1/../../../../arm-none-eabi/lib/thumb/v7e-m+fp/hard\libc_nano.a
LOAD C:/ST/STM32CubeIDE_1.18.0/STM32CubeIDE/plugins/com.st.stm32cube.ide.mcu.externaltools.gnu-tools-for-stm32.13.3.rel1.win32_1.0.0.202411081344/tools/bin/../lib/gcc/arm-none-eabi/13.3.1/../../../../arm-none-eabi/lib/thumb/v7e-m+fp/hard\libnosys.a
END GROUP
START GROUP
LOAD C:/ST/STM32CubeIDE_1.18.0/STM32CubeIDE/plugins/com.st.stm32cube.ide.mcu.externaltools.gnu-tools-for-stm32.13.3.rel1.win32_1.0.0.202411081344/tools/bin/../lib/gcc/arm-none-eabi/13.3.1/thumb/v7e-m+fp/hard\libgcc.a
LOAD C:/ST/STM32CubeIDE_1.18.0/STM32CubeIDE/plugins/com.st.stm32cube.ide.mcu.externaltools.gnu-tools-for-stm32.13.3.rel1.win32_1.0.0.202411081344/tools/bin/../lib/gcc/arm-none-eabi/13.3.1/../../../../arm-none-eabi/lib/thumb/v7e-m+fp/hard\libc_nano.a
LOAD C:/ST/STM32CubeIDE_1.18.0/STM32CubeIDE/plugins/com.st.stm32cube.ide.mcu.externaltools.gnu-tools-for-stm32.13.3.rel1.win32_1.0.0.202411081344/tools/bin/../lib/gcc/arm-none-eabi/13.3.1/../../../../arm-none-eabi/lib/thumb/v7e-m+fp/hard\libnosys.a
END GROUP
LOAD C:/ST/STM32CubeIDE_1.18.0/STM32CubeIDE/plugins/com.st.stm32cube.ide.mcu.externaltools.gnu-tools-for-stm32.13.3.rel1.win32_1.0.0.202411081344/tools/bin/../lib/gcc/arm-none-eabi/13.3.1/thumb/v7e-m+fp/hard/crtend.o
LOAD C:/ST/STM32CubeIDE_1.18.0/STM32CubeIDE/plugins/com.st.stm32cube.ide.mcu.externaltools.gnu-tools-for-stm32.13.3.rel1.win32_1.0.0.202411081344/tools/bin/../lib/gcc/arm-none-eabi/13.3.1/thumb/v7e-m+fp/hard/crtn.o
                0x20003000                        _estack = (ORIGIN (RAM) + LENGTH (RAM))
                0x00000200                        _Min_Heap_Size = 0x200
                0x00000400                        _Min_Stack_Size = 0x400

.isr_vector     0x08000000      0x13c
                0x08000000                        . = ALIGN (0x4)
 *(.isr_vector)
 .isr_vector    0x08000000      0x13c ./Core/Startup/startup_stm32wb1mmchx.o
                0x08000000                g_pfnVectors
                0x0800013c                        . = ALIGN (0x4)

.text           0x0800013c     0x8fec
                0x0800013c                        . = ALIGN (0x4)
 *(.text)
 .text          0x0800013c       0x40 C:/ST/STM32CubeIDE_1.18.0/STM32CubeIDE/plugins/com.st.stm32cube.ide.mcu.externaltools.gnu-tools-for-stm32.13.3.rel1.win32_1.0.0.202411081344/tools/bin/../lib/gcc/arm-none-eabi/13.3.1/thumb/v7e-m+fp/hard/crtbegin.o
 .text          0x0800017c       0x10 C:/ST/STM32CubeIDE_1.18.0/STM32CubeIDE/plugins/com.st.stm32cube.ide.mcu.externaltools.gnu-tools-for-stm32.13.3.rel1.win32_1.0.0.202411081344/tools/bin/../lib/gcc/arm-none-eabi/13.3.1/../../../../arm-none-eabi/lib/thumb/v7e-m+fp/hard\libc_nano.a(libc_a-strlen.o)
                0x0800017c                strlen
 *(.text*)
 .text.APPD_EnableCPU2
                0x0800018c       0x78 ./Core/Src/app_debug.o
                0x0800018c                APPD_EnableCPU2
 .text.LL_C2_PWR_SetPowerMode
                0x08000204       0x2c ./Core/Src/app_entry.o
 .text.LL_EXTI_EnableIT_32_63
                0x08000230       0x28 ./Core/Src/app_entry.o
 .text.LL_RCC_HSE_SetCapacitorTuning
                0x08000258       0x3c ./Core/Src/app_entry.o
 .text.LL_RCC_SetClkAfterWakeFromStop
                0x08000294       0x28 ./Core/Src/app_entry.o
 .text.LL_DBGMCU_GetDeviceID
                0x080002bc       0x1c ./Core/Src/app_entry.o
 .text.LL_DBGMCU_GetRevisionID
                0x080002d8       0x1c ./Core/Src/app_entry.o
 .text.LL_LPM_EnableSleep
                0x080002f4       0x20 ./Core/Src/app_entry.o
 .text.LL_RTC_EnableWriteProtection
                0x08000314       0x1a ./Core/Src/app_entry.o
 .text.LL_RTC_DisableWriteProtection
                0x0800032e       0x20 ./Core/Src/app_entry.o
 .text.LL_RTC_WAKEUP_SetClock
                0x0800034e       0x26 ./Core/Src/app_entry.o
 .text.MX_APPE_Config
                0x08000374       0x1c ./Core/Src/app_entry.o
                0x08000374                MX_APPE_Config
 .text.MX_APPE_Init
                0x08000390       0x20 ./Core/Src/app_entry.o
                0x08000390                MX_APPE_Init
 .text.Init_Smps
                0x080003b0        0xe ./Core/Src/app_entry.o
                0x080003b0                Init_Smps
 .text.Init_Exti
                0x080003be        0xe ./Core/Src/app_entry.o
                0x080003be                Init_Exti
 .text.Reset_Device
                0x080003cc        0xe ./Core/Src/app_entry.o
 .text.Config_HSE
                0x080003da       0x28 ./Core/Src/app_entry.o
 .text.System_Init
                0x08000402       0x14 ./Core/Src/app_entry.o
 *fill*         0x08000416        0x2 
 .text.Init_Rtc
                0x08000418       0x20 ./Core/Src/app_entry.o
 .text.SystemPower_Config
                0x08000438       0x1e ./Core/Src/app_entry.o
 *fill*         0x08000456        0x2 
 .text.appe_Tl_Init
                0x08000458       0x6c ./Core/Src/app_entry.o
 .text.APPE_SysStatusNot
                0x080004c4       0x16 ./Core/Src/app_entry.o
 *fill*         0x080004da        0x2 
 .text.APPE_SysUserEvtRx
                0x080004dc       0x68 ./Core/Src/app_entry.o
 .text.APPE_SysEvtError
                0x08000544       0x22 ./Core/Src/app_entry.o
 .text.APPE_SysEvtReadyProcessing
                0x08000566       0x88 ./Core/Src/app_entry.o
 .text.HAL_Delay
                0x080005ee       0x4a ./Core/Src/app_entry.o
                0x080005ee                HAL_Delay
 .text.MX_APPE_Process
                0x08000638       0x10 ./Core/Src/app_entry.o
                0x08000638                MX_APPE_Process
 .text.UTIL_SEQ_Idle
                0x08000648        0xc ./Core/Src/app_entry.o
                0x08000648                UTIL_SEQ_Idle
 .text.shci_notify_asynch_evt
                0x08000654       0x18 ./Core/Src/app_entry.o
                0x08000654                shci_notify_asynch_evt
 .text.shci_cmd_resp_release
                0x0800066c       0x16 ./Core/Src/app_entry.o
                0x0800066c                shci_cmd_resp_release
 .text.shci_cmd_resp_wait
                0x08000682       0x16 ./Core/Src/app_entry.o
                0x08000682                shci_cmd_resp_wait
 .text.LL_EXTI_EnableIT_0_31
                0x08000698       0x28 ./Core/Src/hw_timerserver.o
 .text.LL_EXTI_EnableRisingTrig_0_31
                0x080006c0       0x24 ./Core/Src/hw_timerserver.o
 .text.ReadRtcSsrValue
                0x080006e4       0x40 ./Core/Src/hw_timerserver.o
 .text.LinkTimerAfter
                0x08000724       0x8c ./Core/Src/hw_timerserver.o
 .text.LinkTimerBefore
                0x080007b0       0xc0 ./Core/Src/hw_timerserver.o
 .text.linkTimer
                0x08000870      0x154 ./Core/Src/hw_timerserver.o
 .text.UnlinkTimer
                0x080009c4      0x108 ./Core/Src/hw_timerserver.o
 .text.ReturnTimeElapsed
                0x08000acc       0x80 ./Core/Src/hw_timerserver.o
 .text.RestartWakeupCounter
                0x08000b4c       0xb0 ./Core/Src/hw_timerserver.o
 .text.RescheduleTimerList
                0x08000bfc      0x134 ./Core/Src/hw_timerserver.o
 .text.HW_TS_RTC_Wakeup_Handler
                0x08000d30      0x190 ./Core/Src/hw_timerserver.o
                0x08000d30                HW_TS_RTC_Wakeup_Handler
 .text.HW_TS_Init
                0x08000ec0      0x1b4 ./Core/Src/hw_timerserver.o
                0x08000ec0                HW_TS_Init
 .text.HW_TS_Create
                0x08001074       0xf4 ./Core/Src/hw_timerserver.o
                0x08001074                HW_TS_Create
 .text.HW_TS_Stop
                0x08001168      0x108 ./Core/Src/hw_timerserver.o
                0x08001168                HW_TS_Stop
 .text.HW_TS_Start
                0x08001270      0x10c ./Core/Src/hw_timerserver.o
                0x08001270                HW_TS_Start
 .text.HW_TS_RTC_Int_AppNot
                0x0800137c       0x1a ./Core/Src/hw_timerserver.o
                0x0800137c                HW_TS_RTC_Int_AppNot
 .text.LL_RCC_LSE_SetDriveCapability
                0x08001396       0x2c ./Core/Src/main.o
 .text.LL_AHB2_GRP1_EnableClock
                0x080013c2       0x32 ./Core/Src/main.o
 .text.main     0x080013f4      0x604 ./Core/Src/main.o
                0x080013f4                main
 .text.SystemClock_Config
                0x080019f8       0x98 ./Core/Src/main.o
                0x080019f8                SystemClock_Config
 .text.PeriphCommonClock_Config
                0x08001a90       0x40 ./Core/Src/main.o
                0x08001a90                PeriphCommonClock_Config
 .text.MX_IPCC_Init
                0x08001ad0       0x28 ./Core/Src/main.o
 .text.MX_RF_Init
                0x08001af8        0xe ./Core/Src/main.o
 *fill*         0x08001b06        0x2 
 .text.MX_RTC_Init
                0x08001b08       0x70 ./Core/Src/main.o
 .text.MX_SPI1_Init
                0x08001b78       0x7c ./Core/Src/main.o
 .text.MX_GPIO_Init
                0x08001bf4       0x4a ./Core/Src/main.o
 .text.Error_Handler
                0x08001c3e        0xc ./Core/Src/main.o
                0x08001c3e                Error_Handler
 *fill*         0x08001c4a        0x2 
 .text.Sleep_ArmWakeupAndIdle
                0x08001c4c       0x20 ./Core/Src/sleep_manager.o
                0x08001c4c                Sleep_ArmWakeupAndIdle
 .text.LL_PWR_SetPowerMode
                0x08001c6c       0x28 ./Core/Src/stm32_lpm_if.o
 .text.LL_PWR_ClearFlag_WU
                0x08001c94       0x18 ./Core/Src/stm32_lpm_if.o
 .text.LL_PWR_IsActiveFlag_C2SB
                0x08001cac       0x28 ./Core/Src/stm32_lpm_if.o
 .text.LL_PWR_IsActiveFlag_C2DS
                0x08001cd4       0x28 ./Core/Src/stm32_lpm_if.o
 .text.LL_RCC_HSI_Enable
                0x08001cfc       0x1e ./Core/Src/stm32_lpm_if.o
 .text.LL_RCC_HSI_IsReady
                0x08001d1a       0x24 ./Core/Src/stm32_lpm_if.o
 .text.LL_RCC_SetSysClkSource
                0x08001d3e       0x28 ./Core/Src/stm32_lpm_if.o
 .text.LL_RCC_GetSysClkSource
                0x08001d66       0x18 ./Core/Src/stm32_lpm_if.o
 .text.LL_RCC_SetSMPSClockSource
                0x08001d7e       0x28 ./Core/Src/stm32_lpm_if.o
 .text.LL_RCC_ClearResetFlags
                0x08001da6       0x22 ./Core/Src/stm32_lpm_if.o
 .text.LL_LPM_EnableSleep
                0x08001dc8       0x20 ./Core/Src/stm32_lpm_if.o
 .text.LL_LPM_EnableDeepSleep
                0x08001de8       0x20 ./Core/Src/stm32_lpm_if.o
 .text.LL_HSEM_1StepLock
                0x08001e08       0x30 ./Core/Src/stm32_lpm_if.o
 .text.LL_HSEM_ReleaseLock
                0x08001e38       0x26 ./Core/Src/stm32_lpm_if.o
 .text.PWR_EnterOffMode
                0x08001e5e       0x22 ./Core/Src/stm32_lpm_if.o
                0x08001e5e                PWR_EnterOffMode
 .text.PWR_ExitOffMode
                0x08001e80        0xe ./Core/Src/stm32_lpm_if.o
                0x08001e80                PWR_ExitOffMode
 .text.PWR_EnterStopMode
                0x08001e8e       0x1c ./Core/Src/stm32_lpm_if.o
                0x08001e8e                PWR_EnterStopMode
 .text.PWR_ExitStopMode
                0x08001eaa       0x10 ./Core/Src/stm32_lpm_if.o
                0x08001eaa                PWR_ExitStopMode
 .text.PWR_EnterSleepMode
                0x08001eba       0x12 ./Core/Src/stm32_lpm_if.o
                0x08001eba                PWR_EnterSleepMode
 .text.PWR_ExitSleepMode
                0x08001ecc        0xc ./Core/Src/stm32_lpm_if.o
                0x08001ecc                PWR_ExitSleepMode
 .text.EnterLowPower
                0x08001ed8       0x78 ./Core/Src/stm32_lpm_if.o
 .text.ExitLowPower
                0x08001f50       0x34 ./Core/Src/stm32_lpm_if.o
 .text.Switch_On_HSI
                0x08001f84       0x30 ./Core/Src/stm32_lpm_if.o
 .text.LL_RCC_EnableRTC
                0x08001fb4       0x22 ./Core/Src/stm32wbxx_hal_msp.o
 .text.LL_AHB2_GRP1_EnableClock
                0x08001fd6       0x32 ./Core/Src/stm32wbxx_hal_msp.o
 .text.LL_AHB3_GRP1_EnableClock
                0x08002008       0x32 ./Core/Src/stm32wbxx_hal_msp.o
 .text.LL_APB1_GRP1_EnableClock
                0x0800203a       0x32 ./Core/Src/stm32wbxx_hal_msp.o
 .text.LL_APB2_GRP1_EnableClock
                0x0800206c       0x32 ./Core/Src/stm32wbxx_hal_msp.o
 .text.HAL_MspInit
                0x0800209e       0x20 ./Core/Src/stm32wbxx_hal_msp.o
                0x0800209e                HAL_MspInit
 *fill*         0x080020be        0x2 
 .text.HAL_IPCC_MspInit
                0x080020c0       0x48 ./Core/Src/stm32wbxx_hal_msp.o
                0x080020c0                HAL_IPCC_MspInit
 .text.HAL_RTC_MspInit
                0x08002108       0x68 ./Core/Src/stm32wbxx_hal_msp.o
                0x08002108                HAL_RTC_MspInit
 .text.HAL_SPI_MspInit
                0x08002170       0x60 ./Core/Src/stm32wbxx_hal_msp.o
                0x08002170                HAL_SPI_MspInit
 .text.NMI_Handler
                0x080021d0        0x8 ./Core/Src/stm32wbxx_it.o
                0x080021d0                NMI_Handler
 .text.HardFault_Handler
                0x080021d8        0x8 ./Core/Src/stm32wbxx_it.o
                0x080021d8                HardFault_Handler
 .text.MemManage_Handler
                0x080021e0        0x8 ./Core/Src/stm32wbxx_it.o
                0x080021e0                MemManage_Handler
 .text.BusFault_Handler
                0x080021e8        0x8 ./Core/Src/stm32wbxx_it.o
                0x080021e8                BusFault_Handler
 .text.UsageFault_Handler
                0x080021f0        0x8 ./Core/Src/stm32wbxx_it.o
                0x080021f0                UsageFault_Handler
 .text.SVC_Handler
                0x080021f8        0xe ./Core/Src/stm32wbxx_it.o
                0x080021f8                SVC_Handler
 .text.DebugMon_Handler
                0x08002206        0xe ./Core/Src/stm32wbxx_it.o
                0x08002206                DebugMon_Handler
 .text.PendSV_Handler
                0x08002214        0xe ./Core/Src/stm32wbxx_it.o
                0x08002214                PendSV_Handler
 .text.SysTick_Handler
                0x08002222        0xc ./Core/Src/stm32wbxx_it.o
                0x08002222                SysTick_Handler
 .text.RTC_WKUP_IRQHandler
                0x0800222e        0xc ./Core/Src/stm32wbxx_it.o
                0x0800222e                RTC_WKUP_IRQHandler
 .text.IPCC_C1_RX_IRQHandler
                0x0800223a        0xc ./Core/Src/stm32wbxx_it.o
                0x0800223a                IPCC_C1_RX_IRQHandler
 .text.IPCC_C1_TX_IRQHandler
                0x08002246        0xc ./Core/Src/stm32wbxx_it.o
                0x08002246                IPCC_C1_TX_IRQHandler
 .text.HSEM_IRQHandler
                0x08002252        0xc ./Core/Src/stm32wbxx_it.o
                0x08002252                HSEM_IRQHandler
 *fill*         0x0800225e        0x2 
 .text.SystemInit
                0x08002260       0x9c ./Core/Src/system_stm32wbxx.o
                0x08002260                SystemInit
 .text.data_initializers
                0x080022fc       0x18 ./Core/Startup/startup_stm32wb1mmchx.o
 .text.Reset_Handler
                0x08002314       0x58 ./Core/Startup/startup_stm32wb1mmchx.o
                0x08002314                Reset_Handler
 .text.Default_Handler
                0x0800236c        0x2 ./Core/Startup/startup_stm32wb1mmchx.o
                0x0800236c                RTC_Alarm_IRQHandler
                0x0800236c                EXTI2_IRQHandler
                0x0800236c                TIM1_CC_IRQHandler
                0x0800236c                TSC_IRQHandler
                0x0800236c                EXTI3_IRQHandler
                0x0800236c                LPTIM2_IRQHandler
                0x0800236c                EXTI0_IRQHandler
                0x0800236c                FPU_IRQHandler
                0x0800236c                SPI1_IRQHandler
                0x0800236c                DMA1_Channel4_IRQHandler
                0x0800236c                ADC1_IRQHandler
                0x0800236c                PWR_SOTF_BLEACT_RFPHASE_IRQHandler
                0x0800236c                PKA_IRQHandler
                0x0800236c                DMA1_Channel7_IRQHandler
                0x0800236c                I2C1_EV_IRQHandler
                0x0800236c                DMAMUX1_OVR_IRQHandler
                0x0800236c                DMA1_Channel6_IRQHandler
                0x0800236c                RCC_IRQHandler
                0x0800236c                TIM1_TRG_COM_IRQHandler
                0x0800236c                DMA1_Channel1_IRQHandler
                0x0800236c                Default_Handler
                0x0800236c                EXTI15_10_IRQHandler
                0x0800236c                C2SEV_PWR_C2H_IRQHandler
                0x0800236c                AES2_IRQHandler
                0x0800236c                EXTI9_5_IRQHandler
                0x0800236c                PVD_PVM_IRQHandler
                0x0800236c                DMA1_Channel5_IRQHandler
                0x0800236c                EXTI4_IRQHandler
                0x0800236c                RNG_IRQHandler
                0x0800236c                TAMP_STAMP_LSECSS_IRQHandler
                0x0800236c                DMA1_Channel3_IRQHandler
                0x0800236c                COMP_IRQHandler
                0x0800236c                TIM1_UP_IRQHandler
                0x0800236c                WWDG_IRQHandler
                0x0800236c                LPUART1_IRQHandler
                0x0800236c                TIM2_IRQHandler
                0x0800236c                TIM1_BRK_IRQHandler
                0x0800236c                EXTI1_IRQHandler
                0x0800236c                DMA1_Channel2_IRQHandler
                0x0800236c                FLASH_IRQHandler
                0x0800236c                USART1_IRQHandler
                0x0800236c                I2C1_ER_IRQHandler
                0x0800236c                LPTIM1_IRQHandler
 *fill*         0x0800236e        0x2 
 .text.HAL_Init
                0x08002370       0x40 ./Drivers/STM32WBxx_HAL_Driver/Src/stm32wbxx_hal.o
                0x08002370                HAL_Init
 .text.HAL_InitTick
                0x080023b0       0x74 ./Drivers/STM32WBxx_HAL_Driver/Src/stm32wbxx_hal.o
                0x080023b0                HAL_InitTick
 .text.HAL_IncTick
                0x08002424       0x28 ./Drivers/STM32WBxx_HAL_Driver/Src/stm32wbxx_hal.o
                0x08002424                HAL_IncTick
 .text.HAL_GetTick
                0x0800244c       0x18 ./Drivers/STM32WBxx_HAL_Driver/Src/stm32wbxx_hal.o
                0x0800244c                HAL_GetTick
 .text.HAL_GetTickPrio
                0x08002464       0x18 ./Drivers/STM32WBxx_HAL_Driver/Src/stm32wbxx_hal.o
                0x08002464                HAL_GetTickPrio
 .text.HAL_GetTickFreq
                0x0800247c       0x18 ./Drivers/STM32WBxx_HAL_Driver/Src/stm32wbxx_hal.o
                0x0800247c                HAL_GetTickFreq
 .text.HAL_SuspendTick
                0x08002494       0x20 ./Drivers/STM32WBxx_HAL_Driver/Src/stm32wbxx_hal.o
                0x08002494                HAL_SuspendTick
 .text.HAL_ResumeTick
                0x080024b4       0x20 ./Drivers/STM32WBxx_HAL_Driver/Src/stm32wbxx_hal.o
                0x080024b4                HAL_ResumeTick
 .text.__NVIC_SetPriorityGrouping
                0x080024d4       0x48 ./Drivers/STM32WBxx_HAL_Driver/Src/stm32wbxx_hal_cortex.o
 .text.__NVIC_GetPriorityGrouping
                0x0800251c       0x1c ./Drivers/STM32WBxx_HAL_Driver/Src/stm32wbxx_hal_cortex.o
 .text.__NVIC_EnableIRQ
                0x08002538       0x3c ./Drivers/STM32WBxx_HAL_Driver/Src/stm32wbxx_hal_cortex.o
 .text.__NVIC_DisableIRQ
                0x08002574       0x48 ./Drivers/STM32WBxx_HAL_Driver/Src/stm32wbxx_hal_cortex.o
 .text.__NVIC_SetPendingIRQ
                0x080025bc       0x3c ./Drivers/STM32WBxx_HAL_Driver/Src/stm32wbxx_hal_cortex.o
 .text.__NVIC_ClearPendingIRQ
                0x080025f8       0x3c ./Drivers/STM32WBxx_HAL_Driver/Src/stm32wbxx_hal_cortex.o
 .text.__NVIC_SetPriority
                0x08002634       0x54 ./Drivers/STM32WBxx_HAL_Driver/Src/stm32wbxx_hal_cortex.o
 .text.NVIC_EncodePriority
                0x08002688       0x66 ./Drivers/STM32WBxx_HAL_Driver/Src/stm32wbxx_hal_cortex.o
 *fill*         0x080026ee        0x2 
 .text.SysTick_Config
                0x080026f0       0x44 ./Drivers/STM32WBxx_HAL_Driver/Src/stm32wbxx_hal_cortex.o
 .text.HAL_NVIC_SetPriorityGrouping
                0x08002734       0x16 ./Drivers/STM32WBxx_HAL_Driver/Src/stm32wbxx_hal_cortex.o
                0x08002734                HAL_NVIC_SetPriorityGrouping
 .text.HAL_NVIC_SetPriority
                0x0800274a       0x34 ./Drivers/STM32WBxx_HAL_Driver/Src/stm32wbxx_hal_cortex.o
                0x0800274a                HAL_NVIC_SetPriority
 .text.HAL_NVIC_EnableIRQ
                0x0800277e       0x1c ./Drivers/STM32WBxx_HAL_Driver/Src/stm32wbxx_hal_cortex.o
                0x0800277e                HAL_NVIC_EnableIRQ
 .text.HAL_NVIC_DisableIRQ
                0x0800279a       0x1c ./Drivers/STM32WBxx_HAL_Driver/Src/stm32wbxx_hal_cortex.o
                0x0800279a                HAL_NVIC_DisableIRQ
 .text.HAL_SYSTICK_Config
                0x080027b6       0x18 ./Drivers/STM32WBxx_HAL_Driver/Src/stm32wbxx_hal_cortex.o
                0x080027b6                HAL_SYSTICK_Config
 .text.HAL_NVIC_SetPendingIRQ
                0x080027ce       0x1c ./Drivers/STM32WBxx_HAL_Driver/Src/stm32wbxx_hal_cortex.o
                0x080027ce                HAL_NVIC_SetPendingIRQ
 .text.HAL_NVIC_ClearPendingIRQ
                0x080027ea       0x1c ./Drivers/STM32WBxx_HAL_Driver/Src/stm32wbxx_hal_cortex.o
                0x080027ea                HAL_NVIC_ClearPendingIRQ
 *fill*         0x08002806        0x2 
 .text.HAL_GPIO_Init
                0x08002808      0x2d0 ./Drivers/STM32WBxx_HAL_Driver/Src/stm32wbxx_hal_gpio.o
                0x08002808                HAL_GPIO_Init
 .text.HAL_GPIO_WritePin
                0x08002ad8       0x30 ./Drivers/STM32WBxx_HAL_Driver/Src/stm32wbxx_hal_gpio.o
                0x08002ad8                HAL_GPIO_WritePin
 .text.HAL_HSEM_IRQHandler
                0x08002b08       0x34 ./Drivers/STM32WBxx_HAL_Driver/Src/stm32wbxx_hal_hsem.o
                0x08002b08                HAL_HSEM_IRQHandler
 .text.HAL_HSEM_FreeCallback
                0x08002b3c       0x14 ./Drivers/STM32WBxx_HAL_Driver/Src/stm32wbxx_hal_hsem.o
                0x08002b3c                HAL_HSEM_FreeCallback
 .text.HAL_IPCC_Init
                0x08002b50       0x64 ./Drivers/STM32WBxx_HAL_Driver/Src/stm32wbxx_hal_ipcc.o
                0x08002b50                HAL_IPCC_Init
 .text.HAL_IPCC_RxCallback
                0x08002bb4       0x1a ./Drivers/STM32WBxx_HAL_Driver/Src/stm32wbxx_hal_ipcc.o
                0x08002bb4                HAL_IPCC_RxCallback
 .text.HAL_IPCC_TxCallback
                0x08002bce       0x1a ./Drivers/STM32WBxx_HAL_Driver/Src/stm32wbxx_hal_ipcc.o
                0x08002bce                HAL_IPCC_TxCallback
 .text.IPCC_SetDefaultCallbacks
                0x08002be8       0x4c ./Drivers/STM32WBxx_HAL_Driver/Src/stm32wbxx_hal_ipcc.o
                0x08002be8                IPCC_SetDefaultCallbacks
 .text.IPCC_Reset_Register
                0x08002c34       0x28 ./Drivers/STM32WBxx_HAL_Driver/Src/stm32wbxx_hal_ipcc.o
                0x08002c34                IPCC_Reset_Register
 .text.HAL_PWR_EnableBkUpAccess
                0x08002c5c       0x20 ./Drivers/STM32WBxx_HAL_Driver/Src/stm32wbxx_hal_pwr.o
                0x08002c5c                HAL_PWR_EnableBkUpAccess
 .text.LL_PWR_EnableSRAM2Retention
                0x08002c7c       0x20 ./Drivers/STM32WBxx_HAL_Driver/Src/stm32wbxx_hal_pwr_ex.o
 .text.HAL_PWREx_EnableSRAMRetention
                0x08002c9c        0xc ./Drivers/STM32WBxx_HAL_Driver/Src/stm32wbxx_hal_pwr_ex.o
                0x08002c9c                HAL_PWREx_EnableSRAMRetention
 .text.LL_RCC_HSE_IsEnabledDiv2
                0x08002ca8       0x24 ./Drivers/STM32WBxx_HAL_Driver/Src/stm32wbxx_hal_rcc.o
 .text.LL_RCC_HSE_Enable
                0x08002ccc       0x1e ./Drivers/STM32WBxx_HAL_Driver/Src/stm32wbxx_hal_rcc.o
 .text.LL_RCC_HSE_Disable
                0x08002cea       0x1e ./Drivers/STM32WBxx_HAL_Driver/Src/stm32wbxx_hal_rcc.o
 .text.LL_RCC_HSE_IsReady
                0x08002d08       0x24 ./Drivers/STM32WBxx_HAL_Driver/Src/stm32wbxx_hal_rcc.o
 .text.LL_RCC_HSI_Enable
                0x08002d2c       0x1e ./Drivers/STM32WBxx_HAL_Driver/Src/stm32wbxx_hal_rcc.o
 .text.LL_RCC_HSI_Disable
                0x08002d4a       0x1e ./Drivers/STM32WBxx_HAL_Driver/Src/stm32wbxx_hal_rcc.o
 .text.LL_RCC_HSI_IsReady
                0x08002d68       0x24 ./Drivers/STM32WBxx_HAL_Driver/Src/stm32wbxx_hal_rcc.o
 .text.LL_RCC_HSI_SetCalibTrimming
                0x08002d8c       0x2a ./Drivers/STM32WBxx_HAL_Driver/Src/stm32wbxx_hal_rcc.o
 .text.LL_RCC_LSE_Enable
                0x08002db6       0x22 ./Drivers/STM32WBxx_HAL_Driver/Src/stm32wbxx_hal_rcc.o
 .text.LL_RCC_LSE_Disable
                0x08002dd8       0x22 ./Drivers/STM32WBxx_HAL_Driver/Src/stm32wbxx_hal_rcc.o
 .text.LL_RCC_LSE_EnableBypass
                0x08002dfa       0x22 ./Drivers/STM32WBxx_HAL_Driver/Src/stm32wbxx_hal_rcc.o
 .text.LL_RCC_LSE_DisableBypass
                0x08002e1c       0x22 ./Drivers/STM32WBxx_HAL_Driver/Src/stm32wbxx_hal_rcc.o
 .text.LL_RCC_LSE_IsReady
                0x08002e3e       0x24 ./Drivers/STM32WBxx_HAL_Driver/Src/stm32wbxx_hal_rcc.o
 .text.LL_RCC_LSI1_Enable
                0x08002e62       0x22 ./Drivers/STM32WBxx_HAL_Driver/Src/stm32wbxx_hal_rcc.o
 .text.LL_RCC_LSI1_Disable
                0x08002e84       0x22 ./Drivers/STM32WBxx_HAL_Driver/Src/stm32wbxx_hal_rcc.o
 .text.LL_RCC_LSI1_IsReady
                0x08002ea6       0x24 ./Drivers/STM32WBxx_HAL_Driver/Src/stm32wbxx_hal_rcc.o
 .text.LL_RCC_LSI2_Enable
                0x08002eca       0x22 ./Drivers/STM32WBxx_HAL_Driver/Src/stm32wbxx_hal_rcc.o
 .text.LL_RCC_LSI2_Disable
                0x08002eec       0x22 ./Drivers/STM32WBxx_HAL_Driver/Src/stm32wbxx_hal_rcc.o
 .text.LL_RCC_LSI2_IsReady
                0x08002f0e       0x24 ./Drivers/STM32WBxx_HAL_Driver/Src/stm32wbxx_hal_rcc.o
 .text.LL_RCC_LSI2_SetTrimming
                0x08002f32       0x2e ./Drivers/STM32WBxx_HAL_Driver/Src/stm32wbxx_hal_rcc.o
 .text.LL_RCC_MSI_Enable
                0x08002f60       0x1e ./Drivers/STM32WBxx_HAL_Driver/Src/stm32wbxx_hal_rcc.o
 .text.LL_RCC_MSI_Disable
                0x08002f7e       0x1e ./Drivers/STM32WBxx_HAL_Driver/Src/stm32wbxx_hal_rcc.o
 .text.LL_RCC_MSI_IsReady
                0x08002f9c       0x22 ./Drivers/STM32WBxx_HAL_Driver/Src/stm32wbxx_hal_rcc.o
 .text.LL_RCC_MSI_SetRange
                0x08002fbe       0x28 ./Drivers/STM32WBxx_HAL_Driver/Src/stm32wbxx_hal_rcc.o
 .text.LL_RCC_MSI_GetRange
                0x08002fe6       0x2a ./Drivers/STM32WBxx_HAL_Driver/Src/stm32wbxx_hal_rcc.o
 .text.LL_RCC_MSI_SetCalibTrimming
                0x08003010       0x2a ./Drivers/STM32WBxx_HAL_Driver/Src/stm32wbxx_hal_rcc.o
 .text.LL_RCC_SetSysClkSource
                0x0800303a       0x28 ./Drivers/STM32WBxx_HAL_Driver/Src/stm32wbxx_hal_rcc.o
 .text.LL_RCC_GetSysClkSource
                0x08003062       0x18 ./Drivers/STM32WBxx_HAL_Driver/Src/stm32wbxx_hal_rcc.o
 .text.LL_RCC_SetAHBPrescaler
                0x0800307a       0x28 ./Drivers/STM32WBxx_HAL_Driver/Src/stm32wbxx_hal_rcc.o
 .text.LL_C2_RCC_SetAHBPrescaler
                0x080030a2       0x2c ./Drivers/STM32WBxx_HAL_Driver/Src/stm32wbxx_hal_rcc.o
 .text.LL_RCC_SetAHB4Prescaler
                0x080030ce       0x2e ./Drivers/STM32WBxx_HAL_Driver/Src/stm32wbxx_hal_rcc.o
 .text.LL_RCC_SetAPB1Prescaler
                0x080030fc       0x28 ./Drivers/STM32WBxx_HAL_Driver/Src/stm32wbxx_hal_rcc.o
 .text.LL_RCC_SetAPB2Prescaler
                0x08003124       0x28 ./Drivers/STM32WBxx_HAL_Driver/Src/stm32wbxx_hal_rcc.o
 .text.LL_RCC_GetAHBPrescaler
                0x0800314c       0x18 ./Drivers/STM32WBxx_HAL_Driver/Src/stm32wbxx_hal_rcc.o
 .text.LL_RCC_GetAHB4Prescaler
                0x08003164       0x1c ./Drivers/STM32WBxx_HAL_Driver/Src/stm32wbxx_hal_rcc.o
 .text.LL_RCC_PLL_Enable
                0x08003180       0x1e ./Drivers/STM32WBxx_HAL_Driver/Src/stm32wbxx_hal_rcc.o
 .text.LL_RCC_PLL_Disable
                0x0800319e       0x1e ./Drivers/STM32WBxx_HAL_Driver/Src/stm32wbxx_hal_rcc.o
 .text.LL_RCC_PLL_IsReady
                0x080031bc       0x24 ./Drivers/STM32WBxx_HAL_Driver/Src/stm32wbxx_hal_rcc.o
 .text.LL_RCC_PLL_GetN
                0x080031e0       0x1a ./Drivers/STM32WBxx_HAL_Driver/Src/stm32wbxx_hal_rcc.o
 .text.LL_RCC_PLL_GetR
                0x080031fa       0x18 ./Drivers/STM32WBxx_HAL_Driver/Src/stm32wbxx_hal_rcc.o
 .text.LL_RCC_PLL_GetDivider
                0x08003212       0x18 ./Drivers/STM32WBxx_HAL_Driver/Src/stm32wbxx_hal_rcc.o
 .text.LL_RCC_PLL_GetMainSource
                0x0800322a       0x18 ./Drivers/STM32WBxx_HAL_Driver/Src/stm32wbxx_hal_rcc.o
 .text.LL_RCC_IsActiveFlag_HPRE
                0x08003242       0x24 ./Drivers/STM32WBxx_HAL_Driver/Src/stm32wbxx_hal_rcc.o
 .text.LL_RCC_IsActiveFlag_C2HPRE
                0x08003266       0x26 ./Drivers/STM32WBxx_HAL_Driver/Src/stm32wbxx_hal_rcc.o
 .text.LL_RCC_IsActiveFlag_SHDHPRE
                0x0800328c       0x26 ./Drivers/STM32WBxx_HAL_Driver/Src/stm32wbxx_hal_rcc.o
 .text.LL_RCC_IsActiveFlag_PPRE1
                0x080032b2       0x24 ./Drivers/STM32WBxx_HAL_Driver/Src/stm32wbxx_hal_rcc.o
 .text.LL_RCC_IsActiveFlag_PPRE2
                0x080032d6       0x24 ./Drivers/STM32WBxx_HAL_Driver/Src/stm32wbxx_hal_rcc.o
 *fill*         0x080032fa        0x2 
 .text.HAL_RCC_OscConfig
                0x080032fc      0x66c ./Drivers/STM32WBxx_HAL_Driver/Src/stm32wbxx_hal_rcc.o
                0x080032fc                HAL_RCC_OscConfig
 .text.HAL_RCC_ClockConfig
                0x08003968      0x280 ./Drivers/STM32WBxx_HAL_Driver/Src/stm32wbxx_hal_rcc.o
                0x08003968                HAL_RCC_ClockConfig
 .text.HAL_RCC_GetSysClockFreq
                0x08003be8       0xd8 ./Drivers/STM32WBxx_HAL_Driver/Src/stm32wbxx_hal_rcc.o
                0x08003be8                HAL_RCC_GetSysClockFreq
 .text.HAL_RCC_GetHCLKFreq
                0x08003cc0       0x28 ./Drivers/STM32WBxx_HAL_Driver/Src/stm32wbxx_hal_rcc.o
                0x08003cc0                HAL_RCC_GetHCLKFreq
 .text.RCC_SetFlashLatencyFromMSIRange
                0x08003ce8       0x6c ./Drivers/STM32WBxx_HAL_Driver/Src/stm32wbxx_hal_rcc.o
 .text.RCC_SetFlashLatency
                0x08003d54       0xa8 ./Drivers/STM32WBxx_HAL_Driver/Src/stm32wbxx_hal_rcc.o
 .text.LL_RCC_LSE_IsEnabled
                0x08003dfc       0x24 ./Drivers/STM32WBxx_HAL_Driver/Src/stm32wbxx_hal_rcc_ex.o
 .text.LL_RCC_LSE_IsReady
                0x08003e20       0x24 ./Drivers/STM32WBxx_HAL_Driver/Src/stm32wbxx_hal_rcc_ex.o
 .text.LL_RCC_SetRFWKPClockSource
                0x08003e44       0x2c ./Drivers/STM32WBxx_HAL_Driver/Src/stm32wbxx_hal_rcc_ex.o
 .text.LL_RCC_SetSMPSClockSource
                0x08003e70       0x28 ./Drivers/STM32WBxx_HAL_Driver/Src/stm32wbxx_hal_rcc_ex.o
 .text.LL_RCC_SetSMPSPrescaler
                0x08003e98       0x28 ./Drivers/STM32WBxx_HAL_Driver/Src/stm32wbxx_hal_rcc_ex.o
 .text.LL_RCC_SetUSARTClockSource
                0x08003ec0       0x2c ./Drivers/STM32WBxx_HAL_Driver/Src/stm32wbxx_hal_rcc_ex.o
 .text.LL_RCC_SetLPUARTClockSource
                0x08003eec       0x2c ./Drivers/STM32WBxx_HAL_Driver/Src/stm32wbxx_hal_rcc_ex.o
 .text.LL_RCC_SetI2CClockSource
                0x08003f18       0x3a ./Drivers/STM32WBxx_HAL_Driver/Src/stm32wbxx_hal_rcc_ex.o
 .text.LL_RCC_SetLPTIMClockSource
                0x08003f52       0x34 ./Drivers/STM32WBxx_HAL_Driver/Src/stm32wbxx_hal_rcc_ex.o
 .text.LL_RCC_SetRNGClockSource
                0x08003f86       0x2c ./Drivers/STM32WBxx_HAL_Driver/Src/stm32wbxx_hal_rcc_ex.o
 .text.LL_RCC_SetCLK48ClockSource
                0x08003fb2       0x2c ./Drivers/STM32WBxx_HAL_Driver/Src/stm32wbxx_hal_rcc_ex.o
 .text.LL_RCC_SetADCClockSource
                0x08003fde       0x2c ./Drivers/STM32WBxx_HAL_Driver/Src/stm32wbxx_hal_rcc_ex.o
 .text.LL_RCC_SetRTCClockSource
                0x0800400a       0x2c ./Drivers/STM32WBxx_HAL_Driver/Src/stm32wbxx_hal_rcc_ex.o
 .text.LL_RCC_GetRTCClockSource
                0x08004036       0x1a ./Drivers/STM32WBxx_HAL_Driver/Src/stm32wbxx_hal_rcc_ex.o
 .text.LL_RCC_ForceBackupDomainReset
                0x08004050       0x22 ./Drivers/STM32WBxx_HAL_Driver/Src/stm32wbxx_hal_rcc_ex.o
 .text.LL_RCC_ReleaseBackupDomainReset
                0x08004072       0x22 ./Drivers/STM32WBxx_HAL_Driver/Src/stm32wbxx_hal_rcc_ex.o
 .text.HAL_RCCEx_PeriphCLKConfig
                0x08004094      0x1ec ./Drivers/STM32WBxx_HAL_Driver/Src/stm32wbxx_hal_rcc_ex.o
                0x08004094                HAL_RCCEx_PeriphCLKConfig
 .text.HAL_RTC_Init
                0x08004280      0x10e ./Drivers/STM32WBxx_HAL_Driver/Src/stm32wbxx_hal_rtc.o
                0x08004280                HAL_RTC_Init
 *fill*         0x0800438e        0x2 
 .text.HAL_RTC_WaitForSynchro
                0x08004390       0x4c ./Drivers/STM32WBxx_HAL_Driver/Src/stm32wbxx_hal_rtc.o
                0x08004390                HAL_RTC_WaitForSynchro
 .text.RTC_EnterInitMode
                0x080043dc       0x70 ./Drivers/STM32WBxx_HAL_Driver/Src/stm32wbxx_hal_rtc.o
                0x080043dc                RTC_EnterInitMode
 .text.RTC_ExitInitMode
                0x0800444c       0x4c ./Drivers/STM32WBxx_HAL_Driver/Src/stm32wbxx_hal_rtc.o
                0x0800444c                RTC_ExitInitMode
 .text.HAL_RTCEx_SetWakeUpTimer_IT
                0x08004498      0x198 ./Drivers/STM32WBxx_HAL_Driver/Src/stm32wbxx_hal_rtc_ex.o
                0x08004498                HAL_RTCEx_SetWakeUpTimer_IT
 .text.HAL_RTCEx_DeactivateWakeUpTimer
                0x08004630       0xbe ./Drivers/STM32WBxx_HAL_Driver/Src/stm32wbxx_hal_rtc_ex.o
                0x08004630                HAL_RTCEx_DeactivateWakeUpTimer
 .text.HAL_SPI_Init
                0x080046ee      0x146 ./Drivers/STM32WBxx_HAL_Driver/Src/stm32wbxx_hal_spi.o
                0x080046ee                HAL_SPI_Init
 .text.HAL_SPI_Transmit
                0x08004834      0x2ec ./Drivers/STM32WBxx_HAL_Driver/Src/stm32wbxx_hal_spi.o
                0x08004834                HAL_SPI_Transmit
 .text.HAL_SPI_Receive
                0x08004b20      0x270 ./Drivers/STM32WBxx_HAL_Driver/Src/stm32wbxx_hal_spi.o
                0x08004b20                HAL_SPI_Receive
 .text.HAL_SPI_TransmitReceive
                0x08004d90      0x43e ./Drivers/STM32WBxx_HAL_Driver/Src/stm32wbxx_hal_spi.o
                0x08004d90                HAL_SPI_TransmitReceive
 *fill*         0x080051ce        0x2 
 .text.SPI_WaitFlagStateUntilTimeout
                0x080051d0      0x110 ./Drivers/STM32WBxx_HAL_Driver/Src/stm32wbxx_hal_spi.o
 .text.SPI_WaitFifoStateUntilTimeout
                0x080052e0      0x12c ./Drivers/STM32WBxx_HAL_Driver/Src/stm32wbxx_hal_spi.o
 .text.SPI_EndRxTransaction
                0x0800540c       0xb0 ./Drivers/STM32WBxx_HAL_Driver/Src/stm32wbxx_hal_spi.o
 .text.SPI_EndRxTxTransaction
                0x080054bc       0x8c ./Drivers/STM32WBxx_HAL_Driver/Src/stm32wbxx_hal_spi.o
 .text.aci_gap_set_non_discoverable
                0x08005548       0x48 ./Middlewares/ST/STM32_WPAN/ble/core/auto/ble_gap_aci.o
                0x08005548                aci_gap_set_non_discoverable
 .text.aci_gap_set_discoverable
                0x08005590      0x1f4 ./Middlewares/ST/STM32_WPAN/ble/core/auto/ble_gap_aci.o
                0x08005590                aci_gap_set_discoverable
 .text.aci_gap_set_io_capability
                0x08005784       0xa8 ./Middlewares/ST/STM32_WPAN/ble/core/auto/ble_gap_aci.o
                0x08005784                aci_gap_set_io_capability
 .text.aci_gap_set_authentication_requirement
                0x0800582c      0x188 ./Middlewares/ST/STM32_WPAN/ble/core/auto/ble_gap_aci.o
                0x0800582c                aci_gap_set_authentication_requirement
 .text.aci_gap_pass_key_resp
                0x080059b4       0xce ./Middlewares/ST/STM32_WPAN/ble/core/auto/ble_gap_aci.o
                0x080059b4                aci_gap_pass_key_resp
 .text.aci_gap_init
                0x08005a82      0x15a ./Middlewares/ST/STM32_WPAN/ble/core/auto/ble_gap_aci.o
                0x08005a82                aci_gap_init
 .text.aci_gap_update_adv_data
                0x08005bdc       0xe4 ./Middlewares/ST/STM32_WPAN/ble/core/auto/ble_gap_aci.o
                0x08005bdc                aci_gap_update_adv_data
 .text.aci_gap_configure_filter_accept_list
                0x08005cc0       0x48 ./Middlewares/ST/STM32_WPAN/ble/core/auto/ble_gap_aci.o
                0x08005cc0                aci_gap_configure_filter_accept_list
 .text.aci_gap_terminate
                0x08005d08       0xd4 ./Middlewares/ST/STM32_WPAN/ble/core/auto/ble_gap_aci.o
                0x08005d08                aci_gap_terminate
 .text.aci_gap_numeric_comparison_value_confirm_yesno
                0x08005ddc       0xce ./Middlewares/ST/STM32_WPAN/ble/core/auto/ble_gap_aci.o
                0x08005ddc                aci_gap_numeric_comparison_value_confirm_yesno
 .text.aci_gatt_init
                0x08005eaa       0x4a ./Middlewares/ST/STM32_WPAN/ble/core/auto/ble_gatt_aci.o
                0x08005eaa                aci_gatt_init
 .text.aci_gatt_add_service
                0x08005ef4      0x1ac ./Middlewares/ST/STM32_WPAN/ble/core/auto/ble_gatt_aci.o
                0x08005ef4                aci_gatt_add_service
 .text.aci_gatt_add_char
                0x080060a0      0x210 ./Middlewares/ST/STM32_WPAN/ble/core/auto/ble_gatt_aci.o
                0x080060a0                aci_gatt_add_char
 .text.aci_gatt_update_char_value
                0x080062b0      0x152 ./Middlewares/ST/STM32_WPAN/ble/core/auto/ble_gatt_aci.o
                0x080062b0                aci_gatt_update_char_value
 .text.aci_gatt_confirm_indication
                0x08006402       0xaa ./Middlewares/ST/STM32_WPAN/ble/core/auto/ble_gatt_aci.o
                0x08006402                aci_gatt_confirm_indication
 .text.aci_gatt_allow_read
                0x080064ac       0xaa ./Middlewares/ST/STM32_WPAN/ble/core/auto/ble_gatt_aci.o
                0x080064ac                aci_gatt_allow_read
 .text.aci_hal_write_config_data
                0x08006556      0x10a ./Middlewares/ST/STM32_WPAN/ble/core/auto/ble_hal_aci.o
                0x08006556                aci_hal_write_config_data
 .text.aci_hal_set_tx_power_level
                0x08006660       0xce ./Middlewares/ST/STM32_WPAN/ble/core/auto/ble_hal_aci.o
                0x08006660                aci_hal_set_tx_power_level
 .text.aci_hal_set_radio_activity_mask
                0x0800672e       0xa8 ./Middlewares/ST/STM32_WPAN/ble/core/auto/ble_hal_aci.o
                0x0800672e                aci_hal_set_radio_activity_mask
 .text.hci_reset
                0x080067d6       0x48 ./Middlewares/ST/STM32_WPAN/ble/core/auto/ble_hci_le.o
                0x080067d6                hci_reset
 .text.hci_le_set_default_phy
                0x0800681e       0xfa ./Middlewares/ST/STM32_WPAN/ble/core/auto/ble_hci_le.o
                0x0800681e                hci_le_set_default_phy
 .text.Osal_MemCpy
                0x08006918       0x20 ./Middlewares/ST/STM32_WPAN/ble/core/template/osal.o
                0x08006918                Osal_MemCpy
 .text.Osal_MemSet
                0x08006938       0x20 ./Middlewares/ST/STM32_WPAN/ble/core/template/osal.o
                0x08006938                Osal_MemSet
 .text.BAS_Init
                0x08006958        0xe ./Middlewares/ST/STM32_WPAN/ble/svc/Src/svc_ctl.o
                0x08006958                BAS_Init
 .text.BLS_Init
                0x08006966        0xe ./Middlewares/ST/STM32_WPAN/ble/svc/Src/svc_ctl.o
                0x08006966                BLS_Init
 .text.CRS_STM_Init
                0x08006974        0xe ./Middlewares/ST/STM32_WPAN/ble/svc/Src/svc_ctl.o
                0x08006974                CRS_STM_Init
 .text.DIS_Init
                0x08006982        0xe ./Middlewares/ST/STM32_WPAN/ble/svc/Src/svc_ctl.o
                0x08006982                DIS_Init
 .text.EDS_STM_Init
                0x08006990        0xe ./Middlewares/ST/STM32_WPAN/ble/svc/Src/svc_ctl.o
                0x08006990                EDS_STM_Init
 .text.HIDS_Init
                0x0800699e        0xe ./Middlewares/ST/STM32_WPAN/ble/svc/Src/svc_ctl.o
                0x0800699e                HIDS_Init
 .text.HRS_Init
                0x080069ac        0xe ./Middlewares/ST/STM32_WPAN/ble/svc/Src/svc_ctl.o
                0x080069ac                HRS_Init
 .text.HTS_Init
                0x080069ba        0xe ./Middlewares/ST/STM32_WPAN/ble/svc/Src/svc_ctl.o
                0x080069ba                HTS_Init
 .text.IAS_Init
                0x080069c8        0xe ./Middlewares/ST/STM32_WPAN/ble/svc/Src/svc_ctl.o
                0x080069c8                IAS_Init
 .text.LLS_Init
                0x080069d6        0xe ./Middlewares/ST/STM32_WPAN/ble/svc/Src/svc_ctl.o
                0x080069d6                LLS_Init
 .text.TPS_Init
                0x080069e4        0xe ./Middlewares/ST/STM32_WPAN/ble/svc/Src/svc_ctl.o
                0x080069e4                TPS_Init
 .text.MOTENV_STM_Init
                0x080069f2        0xe ./Middlewares/ST/STM32_WPAN/ble/svc/Src/svc_ctl.o
                0x080069f2                MOTENV_STM_Init
 .text.P2PS_STM_Init
                0x08006a00        0xe ./Middlewares/ST/STM32_WPAN/ble/svc/Src/svc_ctl.o
                0x08006a00                P2PS_STM_Init
 .text.ZDD_STM_Init
                0x08006a0e        0xe ./Middlewares/ST/STM32_WPAN/ble/svc/Src/svc_ctl.o
                0x08006a0e                ZDD_STM_Init
 .text.OTAS_STM_Init
                0x08006a1c        0xe ./Middlewares/ST/STM32_WPAN/ble/svc/Src/svc_ctl.o
                0x08006a1c                OTAS_STM_Init
 .text.MESH_Init
                0x08006a2a        0xe ./Middlewares/ST/STM32_WPAN/ble/svc/Src/svc_ctl.o
                0x08006a2a                MESH_Init
 .text.BVOPUS_STM_Init
                0x08006a38        0xe ./Middlewares/ST/STM32_WPAN/ble/svc/Src/svc_ctl.o
                0x08006a38                BVOPUS_STM_Init
 *fill*         0x08006a46        0x2 
 .text.SVCCTL_Init
                0x08006a48       0x20 ./Middlewares/ST/STM32_WPAN/ble/svc/Src/svc_ctl.o
                0x08006a48                SVCCTL_Init
 .text.SVCCTL_SvcInit
                0x08006a68       0x50 ./Middlewares/ST/STM32_WPAN/ble/svc/Src/svc_ctl.o
                0x08006a68                SVCCTL_SvcInit
 .text.SVCCTL_RegisterSvcHandler
                0x08006ab8       0x34 ./Middlewares/ST/STM32_WPAN/ble/svc/Src/svc_ctl.o
                0x08006ab8                SVCCTL_RegisterSvcHandler
 .text.SVCCTL_UserEvtRx
                0x08006aec       0xa8 ./Middlewares/ST/STM32_WPAN/ble/svc/Src/svc_ctl.o
                0x08006aec                SVCCTL_UserEvtRx
 .text.SHCI_C2_BLE_Init
                0x08006b94       0x2e ./Middlewares/ST/STM32_WPAN/interface/patterns/ble_thread/shci/shci.o
                0x08006b94                SHCI_C2_BLE_Init
 .text.SHCI_C2_DEBUG_Init
                0x08006bc2       0x2e ./Middlewares/ST/STM32_WPAN/interface/patterns/ble_thread/shci/shci.o
                0x08006bc2                SHCI_C2_DEBUG_Init
 .text.SHCI_C2_Config
                0x08006bf0       0x2a ./Middlewares/ST/STM32_WPAN/interface/patterns/ble_thread/shci/shci.o
                0x08006bf0                SHCI_C2_Config
 *fill*         0x08006c1a        0x2 
 .text.SHCI_GetWirelessFwInfo
                0x08006c1c      0x15c ./Middlewares/ST/STM32_WPAN/interface/patterns/ble_thread/shci/shci.o
                0x08006c1c                SHCI_GetWirelessFwInfo
 .text.hci_init
                0x08006d78       0x38 ./Middlewares/ST/STM32_WPAN/interface/patterns/ble_thread/tl/hci_tl.o
                0x08006d78                hci_init
 .text.hci_user_evt_proc
                0x08006db0       0x9c ./Middlewares/ST/STM32_WPAN/interface/patterns/ble_thread/tl/hci_tl.o
                0x08006db0                hci_user_evt_proc
 .text.hci_send_req
                0x08006e4c      0x108 ./Middlewares/ST/STM32_WPAN/interface/patterns/ble_thread/tl/hci_tl.o
                0x08006e4c                hci_send_req
 .text.TlInit   0x08006f54       0x60 ./Middlewares/ST/STM32_WPAN/interface/patterns/ble_thread/tl/hci_tl.o
 .text.SendCmd  0x08006fb4       0x4c ./Middlewares/ST/STM32_WPAN/interface/patterns/ble_thread/tl/hci_tl.o
 .text.NotifyCmdStatus
                0x08007000       0x40 ./Middlewares/ST/STM32_WPAN/interface/patterns/ble_thread/tl/hci_tl.o
 .text.TlEvtReceived
                0x08007040       0x48 ./Middlewares/ST/STM32_WPAN/interface/patterns/ble_thread/tl/hci_tl.o
 .text.hci_register_io_bus
                0x08007088       0x28 ./Middlewares/ST/STM32_WPAN/interface/patterns/ble_thread/tl/hci_tl_if.o
                0x08007088                hci_register_io_bus
 .text.shci_init
                0x080070b0       0x38 ./Middlewares/ST/STM32_WPAN/interface/patterns/ble_thread/tl/shci_tl.o
                0x080070b0                shci_init
 .text.shci_user_evt_proc
                0x080070e8       0x9c ./Middlewares/ST/STM32_WPAN/interface/patterns/ble_thread/tl/shci_tl.o
                0x080070e8                shci_user_evt_proc
 .text.shci_send
                0x08007184       0x84 ./Middlewares/ST/STM32_WPAN/interface/patterns/ble_thread/tl/shci_tl.o
                0x08007184                shci_send
 .text.TlInit   0x08007208       0x64 ./Middlewares/ST/STM32_WPAN/interface/patterns/ble_thread/tl/shci_tl.o
 .text.Cmd_SetStatus
                0x0800726c       0x50 ./Middlewares/ST/STM32_WPAN/interface/patterns/ble_thread/tl/shci_tl.o
 .text.TlCmdEvtReceived
                0x080072bc       0x16 ./Middlewares/ST/STM32_WPAN/interface/patterns/ble_thread/tl/shci_tl.o
 *fill*         0x080072d2        0x2 
 .text.TlUserEvtReceived
                0x080072d4       0x24 ./Middlewares/ST/STM32_WPAN/interface/patterns/ble_thread/tl/shci_tl.o
 .text.shci_register_io_bus
                0x080072f8       0x28 ./Middlewares/ST/STM32_WPAN/interface/patterns/ble_thread/tl/shci_tl_if.o
                0x080072f8                shci_register_io_bus
 .text.TL_Enable
                0x08007320        0xc ./Middlewares/ST/STM32_WPAN/interface/patterns/ble_thread/tl/tl_mbox.o
                0x08007320                TL_Enable
 .text.TL_Init  0x0800732c       0x74 ./Middlewares/ST/STM32_WPAN/interface/patterns/ble_thread/tl/tl_mbox.o
                0x0800732c                TL_Init
 .text.TL_BLE_Init
                0x080073a0       0x68 ./Middlewares/ST/STM32_WPAN/interface/patterns/ble_thread/tl/tl_mbox.o
                0x080073a0                TL_BLE_Init
 .text.TL_BLE_SendCmd
                0x08007408       0x38 ./Middlewares/ST/STM32_WPAN/interface/patterns/ble_thread/tl/tl_mbox.o
                0x08007408                TL_BLE_SendCmd
 .text.HW_IPCC_BLE_RxEvtNot
                0x08007440       0x60 ./Middlewares/ST/STM32_WPAN/interface/patterns/ble_thread/tl/tl_mbox.o
                0x08007440                HW_IPCC_BLE_RxEvtNot
 .text.HW_IPCC_BLE_AclDataAckNot
                0x080074a0       0x14 ./Middlewares/ST/STM32_WPAN/interface/patterns/ble_thread/tl/tl_mbox.o
                0x080074a0                HW_IPCC_BLE_AclDataAckNot
 .text.TL_SYS_Init
                0x080074b4       0x54 ./Middlewares/ST/STM32_WPAN/interface/patterns/ble_thread/tl/tl_mbox.o
                0x080074b4                TL_SYS_Init
 .text.TL_SYS_SendCmd
                0x08007508       0x38 ./Middlewares/ST/STM32_WPAN/interface/patterns/ble_thread/tl/tl_mbox.o
                0x08007508                TL_SYS_SendCmd
 .text.HW_IPCC_SYS_CmdEvtNot
                0x08007540       0x2c ./Middlewares/ST/STM32_WPAN/interface/patterns/ble_thread/tl/tl_mbox.o
                0x08007540                HW_IPCC_SYS_CmdEvtNot
 .text.HW_IPCC_SYS_EvtNot
                0x0800756c       0x44 ./Middlewares/ST/STM32_WPAN/interface/patterns/ble_thread/tl/tl_mbox.o
                0x0800756c                HW_IPCC_SYS_EvtNot
 .text.TL_MM_Init
                0x080075b0       0x78 ./Middlewares/ST/STM32_WPAN/interface/patterns/ble_thread/tl/tl_mbox.o
                0x080075b0                TL_MM_Init
 .text.TL_MM_EvtDone
                0x08007628       0x30 ./Middlewares/ST/STM32_WPAN/interface/patterns/ble_thread/tl/tl_mbox.o
                0x08007628                TL_MM_EvtDone
 .text.SendFreeBuf
                0x08007658       0x40 ./Middlewares/ST/STM32_WPAN/interface/patterns/ble_thread/tl/tl_mbox.o
 .text.TL_TRACES_Init
                0x08007698       0x24 ./Middlewares/ST/STM32_WPAN/interface/patterns/ble_thread/tl/tl_mbox.o
                0x08007698                TL_TRACES_Init
 .text.HW_IPCC_TRACES_EvtNot
                0x080076bc       0x34 ./Middlewares/ST/STM32_WPAN/interface/patterns/ble_thread/tl/tl_mbox.o
                0x080076bc                HW_IPCC_TRACES_EvtNot
 .text.TL_TRACES_EvtReceived
                0x080076f0       0x14 ./Middlewares/ST/STM32_WPAN/interface/patterns/ble_thread/tl/tl_mbox.o
                0x080076f0                TL_TRACES_EvtReceived
 .text.OutputDbgTrace
                0x08007704       0xac ./Middlewares/ST/STM32_WPAN/interface/patterns/ble_thread/tl/tl_mbox.o
 .text.OTP_Read
                0x080077b0       0x50 ./Middlewares/ST/STM32_WPAN/utilities/otp.o
                0x080077b0                OTP_Read
 .text.LST_init_head
                0x08007800       0x20 ./Middlewares/ST/STM32_WPAN/utilities/stm_list.o
                0x08007800                LST_init_head
 .text.LST_is_empty
                0x08007820       0x44 ./Middlewares/ST/STM32_WPAN/utilities/stm_list.o
                0x08007820                LST_is_empty
 .text.LST_insert_head
                0x08007864       0x4c ./Middlewares/ST/STM32_WPAN/utilities/stm_list.o
                0x08007864                LST_insert_head
 .text.LST_insert_tail
                0x080078b0       0x4c ./Middlewares/ST/STM32_WPAN/utilities/stm_list.o
                0x080078b0                LST_insert_tail
 .text.LST_remove_node
                0x080078fc       0x42 ./Middlewares/ST/STM32_WPAN/utilities/stm_list.o
                0x080078fc                LST_remove_node
 .text.LST_remove_head
                0x0800793e       0x3e ./Middlewares/ST/STM32_WPAN/utilities/stm_list.o
                0x0800793e                LST_remove_head
 .text.LL_FLASH_GetUDN
                0x0800797c       0x18 ./STM32_WPAN/App/app_ble.o
 .text.LL_FLASH_GetDeviceID
                0x08007994       0x18 ./STM32_WPAN/App/app_ble.o
 .text.LL_FLASH_GetSTCompanyID
                0x080079ac       0x18 ./STM32_WPAN/App/app_ble.o
 .text.APP_BLE_Init
                0x080079c4       0xb4 ./STM32_WPAN/App/app_ble.o
                0x080079c4                APP_BLE_Init
 .text.SVCCTL_App_Notification
                0x08007a78      0x1b8 ./STM32_WPAN/App/app_ble.o
                0x08007a78                SVCCTL_App_Notification
 .text.Ble_Tl_Init
                0x08007c30       0x2c ./STM32_WPAN/App/app_ble.o
 .text.Ble_Hci_Gap_Gatt_Init
                0x08007c5c      0x168 ./STM32_WPAN/App/app_ble.o
 .text.Adv_Request
                0x08007dc4       0x60 ./STM32_WPAN/App/app_ble.o
 .text.BleGetBdAddress
                0x08007e24       0x88 ./STM32_WPAN/App/app_ble.o
 .text.Adv_Cancel
                0x08007eac       0x34 ./STM32_WPAN/App/app_ble.o
 .text.hci_notify_asynch_evt
                0x08007ee0       0x18 ./STM32_WPAN/App/app_ble.o
                0x08007ee0                hci_notify_asynch_evt
 .text.hci_cmd_resp_release
                0x08007ef8       0x16 ./STM32_WPAN/App/app_ble.o
                0x08007ef8                hci_cmd_resp_release
 .text.hci_cmd_resp_wait
                0x08007f0e       0x16 ./STM32_WPAN/App/app_ble.o
                0x08007f0e                hci_cmd_resp_wait
 .text.BLE_UserEvtRx
                0x08007f24       0x38 ./STM32_WPAN/App/app_ble.o
 .text.BLE_StatusNot
                0x08007f5c       0x36 ./STM32_WPAN/App/app_ble.o
 *fill*         0x08007f92        0x2 
 .text.Custom_STM_App_Notification
                0x08007f94       0x64 ./STM32_WPAN/App/custom_app.o
                0x08007f94                Custom_STM_App_Notification
 .text.Custom_APP_Notification
                0x08007ff8       0x4c ./STM32_WPAN/App/custom_app.o
                0x08007ff8                Custom_APP_Notification
 .text.Custom_APP_Init
                0x08008044       0x1c ./STM32_WPAN/App/custom_app.o
                0x08008044                Custom_APP_Init
 .text.Sensor_ReadTempPressure
                0x08008060      0x1f4 ./STM32_WPAN/App/custom_app.o
                0x08008060                Sensor_ReadTempPressure
 .text.Sensor_Timer_Callback
                0x08008254       0x50 ./STM32_WPAN/App/custom_app.o
 .text.Custom_STM_Event_Handler
                0x080082a4      0x198 ./STM32_WPAN/App/custom_stm.o
 .text.SVCCTL_InitCustomSvc
                0x0800843c       0xec ./STM32_WPAN/App/custom_stm.o
                0x0800843c                SVCCTL_InitCustomSvc
 .text.Custom_STM_App_Update_Char
                0x08008528       0x4c ./STM32_WPAN/App/custom_stm.o
                0x08008528                Custom_STM_App_Update_Char
 .text.LL_PWR_EnableBootC2
                0x08008574       0x20 ./STM32_WPAN/Target/hw_ipcc.o
 .text.LL_C2_EXTI_EnableEvent_32_63
                0x08008594       0x28 ./STM32_WPAN/Target/hw_ipcc.o
 .text.LL_EXTI_EnableRisingTrig_32_63
                0x080085bc       0x24 ./STM32_WPAN/Target/hw_ipcc.o
 .text.LL_AHB3_GRP1_EnableClock
                0x080085e0       0x32 ./STM32_WPAN/Target/hw_ipcc.o
 .text.LL_C2_AHB3_GRP1_EnableClock
                0x08008612       0x38 ./STM32_WPAN/Target/hw_ipcc.o
 .text.LL_C1_IPCC_EnableIT_TXF
                0x0800864a       0x20 ./STM32_WPAN/Target/hw_ipcc.o
 .text.LL_C1_IPCC_EnableIT_RXO
                0x0800866a       0x20 ./STM32_WPAN/Target/hw_ipcc.o
 .text.LL_C1_IPCC_EnableTransmitChannel
                0x0800868a       0x26 ./STM32_WPAN/Target/hw_ipcc.o
 .text.LL_C1_IPCC_DisableTransmitChannel
                0x080086b0       0x24 ./STM32_WPAN/Target/hw_ipcc.o
 .text.LL_C1_IPCC_EnableReceiveChannel
                0x080086d4       0x24 ./STM32_WPAN/Target/hw_ipcc.o
 .text.LL_C1_IPCC_ClearFlag_CHx
                0x080086f8       0x1c ./STM32_WPAN/Target/hw_ipcc.o
 .text.LL_C1_IPCC_SetFlag_CHx
                0x08008714       0x1e ./STM32_WPAN/Target/hw_ipcc.o
 .text.LL_C1_IPCC_IsActiveFlag_CHx
                0x08008732       0x2a ./STM32_WPAN/Target/hw_ipcc.o
 .text.LL_C2_IPCC_IsActiveFlag_CHx
                0x0800875c       0x2a ./STM32_WPAN/Target/hw_ipcc.o
 *fill*         0x08008786        0x2 
 .text.HW_IPCC_Rx_Handler
                0x08008788       0x6c ./STM32_WPAN/Target/hw_ipcc.o
                0x08008788                HW_IPCC_Rx_Handler
 .text.HW_IPCC_Tx_Handler
                0x080087f4       0x6c ./STM32_WPAN/Target/hw_ipcc.o
                0x080087f4                HW_IPCC_Tx_Handler
 .text.HW_IPCC_Enable
                0x08008860       0x28 ./STM32_WPAN/Target/hw_ipcc.o
                0x08008860                HW_IPCC_Enable
 .text.HW_IPCC_Init
                0x08008888       0x2c ./STM32_WPAN/Target/hw_ipcc.o
                0x08008888                HW_IPCC_Init
 .text.HW_IPCC_BLE_Init
                0x080088b4       0x34 ./STM32_WPAN/Target/hw_ipcc.o
                0x080088b4                HW_IPCC_BLE_Init
 .text.HW_IPCC_BLE_SendCmd
                0x080088e8       0x14 ./STM32_WPAN/Target/hw_ipcc.o
                0x080088e8                HW_IPCC_BLE_SendCmd
 .text.HW_IPCC_BLE_EvtHandler
                0x080088fc       0x18 ./STM32_WPAN/Target/hw_ipcc.o
 .text.HW_IPCC_BLE_AclDataEvtHandler
                0x08008914       0x38 ./STM32_WPAN/Target/hw_ipcc.o
 .text.HW_IPCC_SYS_Init
                0x0800894c       0x34 ./STM32_WPAN/Target/hw_ipcc.o
                0x0800894c                HW_IPCC_SYS_Init
 .text.HW_IPCC_SYS_SendCmd
                0x08008980       0x3c ./STM32_WPAN/Target/hw_ipcc.o
                0x08008980                HW_IPCC_SYS_SendCmd
 .text.HW_IPCC_SYS_CmdEvtHandler
                0x080089bc       0x38 ./STM32_WPAN/Target/hw_ipcc.o
 .text.HW_IPCC_SYS_EvtHandler
                0x080089f4       0x18 ./STM32_WPAN/Target/hw_ipcc.o
 .text.HW_IPCC_MM_SendFreeBuf
                0x08008a0c       0x5c ./STM32_WPAN/Target/hw_ipcc.o
                0x08008a0c                HW_IPCC_MM_SendFreeBuf
 .text.HW_IPCC_MM_FreeBufHandler
                0x08008a68       0x48 ./STM32_WPAN/Target/hw_ipcc.o
 .text.HW_IPCC_TRACES_Init
                0x08008ab0       0x34 ./STM32_WPAN/Target/hw_ipcc.o
                0x08008ab0                HW_IPCC_TRACES_Init
 .text.HW_IPCC_TRACES_EvtHandler
                0x08008ae4       0x18 ./STM32_WPAN/Target/hw_ipcc.o
 .text.UTIL_LPM_Init
                0x08008afc       0x24 ./Utilities/lpm/tiny_lpm/stm32_lpm.o
                0x08008afc                UTIL_LPM_Init
 .text.UTIL_LPM_SetStopMode
                0x08008b20       0x60 ./Utilities/lpm/tiny_lpm/stm32_lpm.o
                0x08008b20                UTIL_LPM_SetStopMode
 .text.UTIL_LPM_SetOffMode
                0x08008b80       0x60 ./Utilities/lpm/tiny_lpm/stm32_lpm.o
                0x08008b80                UTIL_LPM_SetOffMode
 .text.UTIL_LPM_EnterLowPower
                0x08008be0       0x6c ./Utilities/lpm/tiny_lpm/stm32_lpm.o
                0x08008be0                UTIL_LPM_EnterLowPower
 .text.UTIL_SEQ_Run
                0x08008c4c      0x1f8 ./Utilities/sequencer/stm32_seq.o
                0x08008c4c                UTIL_SEQ_Run
 .text.UTIL_SEQ_RegTask
                0x08008e44       0x44 ./Utilities/sequencer/stm32_seq.o
                0x08008e44                UTIL_SEQ_RegTask
 .text.UTIL_SEQ_SetTask
                0x08008e88       0x58 ./Utilities/sequencer/stm32_seq.o
                0x08008e88                UTIL_SEQ_SetTask
 .text.UTIL_SEQ_PauseTask
                0x08008ee0       0x40 ./Utilities/sequencer/stm32_seq.o
                0x08008ee0                UTIL_SEQ_PauseTask
 .text.UTIL_SEQ_ResumeTask
                0x08008f20       0x40 ./Utilities/sequencer/stm32_seq.o
                0x08008f20                UTIL_SEQ_ResumeTask
 .text.UTIL_SEQ_SetEvt
                0x08008f60       0x40 ./Utilities/sequencer/stm32_seq.o
                0x08008f60                UTIL_SEQ_SetEvt
 .text.UTIL_SEQ_WaitEvt
                0x08008fa0       0x94 ./Utilities/sequencer/stm32_seq.o
                0x08008fa0                UTIL_SEQ_WaitEvt
 .text.UTIL_SEQ_EvtIdle
                0x08009034       0x1c ./Utilities/sequencer/stm32_seq.o
                0x08009034                UTIL_SEQ_EvtIdle
 .text.UTIL_SEQ_PreIdle
                0x08009050        0xe ./Utilities/sequencer/stm32_seq.o
                0x08009050                UTIL_SEQ_PreIdle
 .text.UTIL_SEQ_PostIdle
                0x0800905e        0xe ./Utilities/sequencer/stm32_seq.o
                0x0800905e                UTIL_SEQ_PostIdle
 .text.SEQ_BitPosition
                0x0800906c       0x30 ./Utilities/sequencer/stm32_seq.o
                0x0800906c                SEQ_BitPosition
 .text.memset   0x0800909c       0x10 C:/ST/STM32CubeIDE_1.18.0/STM32CubeIDE/plugins/com.st.stm32cube.ide.mcu.externaltools.gnu-tools-for-stm32.13.3.rel1.win32_1.0.0.202411081344/tools/bin/../lib/gcc/arm-none-eabi/13.3.1/../../../../arm-none-eabi/lib/thumb/v7e-m+fp/hard\libc_nano.a(libc_a-memset.o)
                0x0800909c                memset
 .text.__libc_init_array
                0x080090ac       0x48 C:/ST/STM32CubeIDE_1.18.0/STM32CubeIDE/plugins/com.st.stm32cube.ide.mcu.externaltools.gnu-tools-for-stm32.13.3.rel1.win32_1.0.0.202411081344/tools/bin/../lib/gcc/arm-none-eabi/13.3.1/../../../../arm-none-eabi/lib/thumb/v7e-m+fp/hard\libc_nano.a(libc_a-init.o)
                0x080090ac                __libc_init_array
 .text.memcpy   0x080090f4       0x1c C:/ST/STM32CubeIDE_1.18.0/STM32CubeIDE/plugins/com.st.stm32cube.ide.mcu.externaltools.gnu-tools-for-stm32.13.3.rel1.win32_1.0.0.202411081344/tools/bin/../lib/gcc/arm-none-eabi/13.3.1/../../../../arm-none-eabi/lib/thumb/v7e-m+fp/hard\libc_nano.a(libc_a-memcpy-stub.o)
                0x080090f4                memcpy
 *(.glue_7)
 .glue_7        0x08009110        0x0 linker stubs
 *(.glue_7t)
 .glue_7t       0x08009110        0x0 linker stubs
 *(.eh_frame)
 .eh_frame      0x08009110        0x0 C:/ST/STM32CubeIDE_1.18.0/STM32CubeIDE/plugins/com.st.stm32cube.ide.mcu.externaltools.gnu-tools-for-stm32.13.3.rel1.win32_1.0.0.202411081344/tools/bin/../lib/gcc/arm-none-eabi/13.3.1/thumb/v7e-m+fp/hard/crtbegin.o
 *(.init)
 .init          0x08009110        0x4 C:/ST/STM32CubeIDE_1.18.0/STM32CubeIDE/plugins/com.st.stm32cube.ide.mcu.externaltools.gnu-tools-for-stm32.13.3.rel1.win32_1.0.0.202411081344/tools/bin/../lib/gcc/arm-none-eabi/13.3.1/thumb/v7e-m+fp/hard/crti.o
                0x08009110                _init
 .init          0x08009114        0x8 C:/ST/STM32CubeIDE_1.18.0/STM32CubeIDE/plugins/com.st.stm32cube.ide.mcu.externaltools.gnu-tools-for-stm32.13.3.rel1.win32_1.0.0.202411081344/tools/bin/../lib/gcc/arm-none-eabi/13.3.1/thumb/v7e-m+fp/hard/crtn.o
 *(.fini)
 .fini          0x0800911c        0x4 C:/ST/STM32CubeIDE_1.18.0/STM32CubeIDE/plugins/com.st.stm32cube.ide.mcu.externaltools.gnu-tools-for-stm32.13.3.rel1.win32_1.0.0.202411081344/tools/bin/../lib/gcc/arm-none-eabi/13.3.1/thumb/v7e-m+fp/hard/crti.o
                0x0800911c                _fini
 .fini          0x08009120        0x8 C:/ST/STM32CubeIDE_1.18.0/STM32CubeIDE/plugins/com.st.stm32cube.ide.mcu.externaltools.gnu-tools-for-stm32.13.3.rel1.win32_1.0.0.202411081344/tools/bin/../lib/gcc/arm-none-eabi/13.3.1/thumb/v7e-m+fp/hard/crtn.o
                0x08009128                        . = ALIGN (0x4)
                0x08009128                        _etext = .

.vfp11_veneer   0x08009128        0x0
 .vfp11_veneer  0x08009128        0x0 linker stubs

.v4_bx          0x08009128        0x0
 .v4_bx         0x08009128        0x0 linker stubs

.iplt           0x08009128        0x0
 .iplt          0x08009128        0x0 C:/ST/STM32CubeIDE_1.18.0/STM32CubeIDE/plugins/com.st.stm32cube.ide.mcu.externaltools.gnu-tools-for-stm32.13.3.rel1.win32_1.0.0.202411081344/tools/bin/../lib/gcc/arm-none-eabi/13.3.1/thumb/v7e-m+fp/hard/crtbegin.o

.rodata         0x08009128      0x274
                0x08009128                        . = ALIGN (0x4)
 *(.rodata)
 .rodata        0x08009128       0x1b ./Core/Src/app_debug.o
 *fill*         0x08009143        0x1 
 .rodata        0x08009144       0x20 ./Drivers/STM32WBxx_HAL_Driver/Src/stm32wbxx_hal_rcc.o
 .rodata        0x08009164       0x45 ./STM32_WPAN/App/app_ble.o
 *(.rodata*)
 *fill*         0x080091a9        0x3 
 .rodata.aGpioConfigList
                0x080091ac      0x130 ./Core/Src/app_debug.o
 .rodata.UTIL_PowerDriver
                0x080092dc       0x18 ./Core/Src/stm32_lpm_if.o
                0x080092dc                UTIL_PowerDriver
 .rodata.AHBPrescTable
                0x080092f4       0x40 ./Core/Src/system_stm32wbxx.o
                0x080092f4                AHBPrescTable
 .rodata.MSIRangeTable
                0x08009334       0x40 ./Core/Src/system_stm32wbxx.o
                0x08009334                MSIRangeTable
 .rodata.a_MBdAddr
                0x08009374        0x6 ./STM32_WPAN/App/app_ble.o
 *fill*         0x0800937a        0x2 
 .rodata.a_BLE_CfgIrValue
                0x0800937c       0x10 ./STM32_WPAN/App/app_ble.o
 .rodata.a_BLE_CfgErValue
                0x0800938c       0x10 ./STM32_WPAN/App/app_ble.o
                0x0800939c                        . = ALIGN (0x4)

.ARM.extab
 *(.ARM.extab* .gnu.linkonce.armextab.*)

.ARM            0x0800939c        0x8
                0x0800939c                        __exidx_start = .
 *(.ARM.exidx*)
 .ARM.exidx     0x0800939c        0x8 C:/ST/STM32CubeIDE_1.18.0/STM32CubeIDE/plugins/com.st.stm32cube.ide.mcu.externaltools.gnu-tools-for-stm32.13.3.rel1.win32_1.0.0.202411081344/tools/bin/../lib/gcc/arm-none-eabi/13.3.1/../../../../arm-none-eabi/lib/thumb/v7e-m+fp/hard\libc_nano.a(libc_a-strlen.o)
                0x080093a4                        __exidx_end = .

.preinit_array  0x080093a4        0x0
                0x080093a4                        PROVIDE (__preinit_array_start = .)
 *(.preinit_array*)
                0x080093a4                        PROVIDE (__preinit_array_end = .)

.init_array     0x080093a4        0x4
                0x080093a4                        PROVIDE (__init_array_start = .)
 *(SORT_BY_NAME(.init_array.*))
 *(.init_array*)
 .init_array    0x080093a4        0x4 C:/ST/STM32CubeIDE_1.18.0/STM32CubeIDE/plugins/com.st.stm32cube.ide.mcu.externaltools.gnu-tools-for-stm32.13.3.rel1.win32_1.0.0.202411081344/tools/bin/../lib/gcc/arm-none-eabi/13.3.1/thumb/v7e-m+fp/hard/crtbegin.o
                0x080093a8                        PROVIDE (__init_array_end = .)

.fini_array     0x080093a8        0x4
                [!provide]                        PROVIDE (__fini_array_start = .)
 *(SORT_BY_NAME(.fini_array.*))
 *(.fini_array*)
 .fini_array    0x080093a8        0x4 C:/ST/STM32CubeIDE_1.18.0/STM32CubeIDE/plugins/com.st.stm32cube.ide.mcu.externaltools.gnu-tools-for-stm32.13.3.rel1.win32_1.0.0.202411081344/tools/bin/../lib/gcc/arm-none-eabi/13.3.1/thumb/v7e-m+fp/hard/crtbegin.o
                [!provide]                        PROVIDE (__fini_array_end = .)
                0x080093ac                        _sidata = LOADADDR (.data)

.rel.dyn        0x080093ac        0x0
 .rel.iplt      0x080093ac        0x0 C:/ST/STM32CubeIDE_1.18.0/STM32CubeIDE/plugins/com.st.stm32cube.ide.mcu.externaltools.gnu-tools-for-stm32.13.3.rel1.win32_1.0.0.202411081344/tools/bin/../lib/gcc/arm-none-eabi/13.3.1/thumb/v7e-m+fp/hard/crtbegin.o

.data           0x20000008       0x48 load address 0x080093ac
                0x20000008                        . = ALIGN (0x4)
                0x20000008                        _sdata = .
 *(.data)
 *(.data*)
 .data.reset_cmd
                0x20000008        0x1 ./Core/Src/main.o
                0x20000008                reset_cmd
 .data.read_c1_cmd
                0x20000009        0x1 ./Core/Src/main.o
                0x20000009                read_c1_cmd
 .data.read_c2_cmd
                0x2000000a        0x1 ./Core/Src/main.o
                0x2000000a                read_c2_cmd
 .data.read_c3_cmd
                0x2000000b        0x1 ./Core/Src/main.o
                0x2000000b                read_c3_cmd
 .data.read_c4_cmd
                0x2000000c        0x1 ./Core/Src/main.o
                0x2000000c                read_c4_cmd
 .data.read_c5_cmd
                0x2000000d        0x1 ./Core/Src/main.o
                0x2000000d                read_c5_cmd
 .data.read_c6_cmd
                0x2000000e        0x1 ./Core/Src/main.o
                0x2000000e                read_c6_cmd
 .data.read_c7_cmd
                0x2000000f        0x1 ./Core/Src/main.o
                0x2000000f                read_c7_cmd
 .data.read_c8_cmd
                0x20000010        0x1 ./Core/Src/main.o
                0x20000010                read_c8_cmd
 .data.read_c9_cmd
                0x20000011        0x1 ./Core/Src/main.o
                0x20000011                read_c9_cmd
 .data.read_c10_cmd
                0x20000012        0x1 ./Core/Src/main.o
                0x20000012                read_c10_cmd
 .data.start_conversion_cmd
                0x20000013        0x1 ./Core/Src/main.o
                0x20000013                start_conversion_cmd
 .data.read_adc_cmd
                0x20000014        0x1 ./Core/Src/main.o
                0x20000014                read_adc_cmd
 *fill*         0x20000015        0x1 
 .data.STBY_DebugGpioaPinList
                0x20000016        0x2 ./Core/Src/standby.o
                0x20000016                STBY_DebugGpioaPinList
 .data.STBY_DebugGpiobPinList
                0x20000018        0x2 ./Core/Src/standby.o
                0x20000018                STBY_DebugGpiobPinList
 .data.STBY_DebugGpiocPinList
                0x2000001a        0x2 ./Core/Src/standby.o
                0x2000001a                STBY_DebugGpiocPinList
 .data.STBY_DtbGpioaPinList
                0x2000001c        0x2 ./Core/Src/standby.o
                0x2000001c                STBY_DtbGpioaPinList
 .data.STBY_DtbGpiobPinList
                0x2000001e        0x2 ./Core/Src/standby.o
                0x2000001e                STBY_DtbGpiobPinList
 .data.SystemCoreClock
                0x20000020        0x4 ./Core/Src/system_stm32wbxx.o
                0x20000020                SystemCoreClock
 .data.uwTickPrio
                0x20000024        0x4 ./Drivers/STM32WBxx_HAL_Driver/Src/stm32wbxx_hal.o
                0x20000024                uwTickPrio
 .data.uwTickFreq
                0x20000028        0x1 ./Drivers/STM32WBxx_HAL_Driver/Src/stm32wbxx_hal.o
                0x20000028                uwTickFreq
 *fill*         0x20000029        0x3 
 .data.a_AdvData
                0x2000002c       0x19 ./STM32_WPAN/App/app_ble.o
                0x2000002c                a_AdvData
 *fill*         0x20000045        0x1 
 .data.SizeTemperature_Pressure
                0x20000046        0x2 ./STM32_WPAN/App/custom_stm.o
                0x20000046                SizeTemperature_Pressure
 .data.TaskMask
                0x20000048        0x4 ./Utilities/sequencer/stm32_seq.o
 .data.SuperMask
                0x2000004c        0x4 ./Utilities/sequencer/stm32_seq.o
 *(.RamFunc)
 *(.RamFunc*)
                0x20000050                        . = ALIGN (0x4)
                0x20000050                        _edata = .

.igot.plt       0x20000050        0x0 load address 0x080093f4
 .igot.plt      0x20000050        0x0 C:/ST/STM32CubeIDE_1.18.0/STM32CubeIDE/plugins/com.st.stm32cube.ide.mcu.externaltools.gnu-tools-for-stm32.13.3.rel1.win32_1.0.0.202411081344/tools/bin/../lib/gcc/arm-none-eabi/13.3.1/thumb/v7e-m+fp/hard/crtbegin.o

BLE_DRIVER_CONTEXT
                0x20000050       0x35 load address 0x080093f4
 BLE_DRIVER_CONTEXT
                0x20000050       0x21 ./Middlewares/ST/STM32_WPAN/ble/svc/Src/svc_ctl.o
                0x20000050                SVCCTL_EvtHandler
                0x20000070                SVCCTL_CltHandler
 *fill*         0x20000071        0x3 
 BLE_DRIVER_CONTEXT
                0x20000074       0x11 ./Middlewares/ST/STM32_WPAN/interface/patterns/ble_thread/tl/hci_tl.o
                0x20000084                UserEventFlow

SYSTEM_DRIVER_CONTEXT
                0x20000088       0x11 load address 0x08009429
 SYSTEM_DRIVER_CONTEXT
                0x20000088       0x11 ./Middlewares/ST/STM32_WPAN/interface/patterns/ble_thread/tl/shci_tl.o
                0x20000098                SHCI_TL_UserEventFlow
                0x2000009c                        . = ALIGN (0x4)

.bss            0x2000009c      0x370 load address 0x0800943a
                0x2000009c                        _sbss = .
                0x2000009c                        __bss_start__ = _sbss
 *(.bss)
 .bss           0x2000009c       0x1c C:/ST/STM32CubeIDE_1.18.0/STM32CubeIDE/plugins/com.st.stm32cube.ide.mcu.externaltools.gnu-tools-for-stm32.13.3.rel1.win32_1.0.0.202411081344/tools/bin/../lib/gcc/arm-none-eabi/13.3.1/thumb/v7e-m+fp/hard/crtbegin.o
 *(.bss*)
 .bss.aTimerContext
                0x200000b8       0x90 ./Core/Src/hw_timerserver.o
 .bss.CurrentRunningTimerID
                0x20000148        0x1 ./Core/Src/hw_timerserver.o
 .bss.PreviousRunningTimerID
                0x20000149        0x1 ./Core/Src/hw_timerserver.o
 *fill*         0x2000014a        0x2 
 .bss.SSRValueOnLastSetup
                0x2000014c        0x4 ./Core/Src/hw_timerserver.o
 .bss.WakeupTimerLimitation
                0x20000150        0x1 ./Core/Src/hw_timerserver.o
 .bss.WakeupTimerDivider
                0x20000151        0x1 ./Core/Src/hw_timerserver.o
 .bss.AsynchPrescalerUserConfig
                0x20000152        0x1 ./Core/Src/hw_timerserver.o
 *fill*         0x20000153        0x1 
 .bss.SynchPrescalerUserConfig
                0x20000154        0x2 ./Core/Src/hw_timerserver.o
 .bss.MaxWakeupTimerSetup
                0x20000156        0x2 ./Core/Src/hw_timerserver.o
 .bss.hipcc     0x20000158       0x3c ./Core/Src/main.o
                0x20000158                hipcc
 .bss.hrtc      0x20000194       0x24 ./Core/Src/main.o
                0x20000194                hrtc
 .bss.hspi1     0x200001b8       0x64 ./Core/Src/main.o
                0x200001b8                hspi1
 .bss.C1        0x2000021c        0x2 ./Core/Src/main.o
                0x2000021c                C1
 .bss.C2        0x2000021e        0x2 ./Core/Src/main.o
                0x2000021e                C2
 .bss.C3        0x20000220        0x2 ./Core/Src/main.o
                0x20000220                C3
 .bss.C4        0x20000222        0x2 ./Core/Src/main.o
                0x20000222                C4
 .bss.C5        0x20000224        0x2 ./Core/Src/main.o
                0x20000224                C5
 .bss.C6        0x20000226        0x2 ./Core/Src/main.o
                0x20000226                C6
 .bss.C7        0x20000228        0x2 ./Core/Src/main.o
                0x20000228                C7
 .bss.C8        0x2000022a        0x2 ./Core/Src/main.o
                0x2000022a                C8
 .bss.C9        0x2000022c        0x2 ./Core/Src/main.o
                0x2000022c                C9
 .bss.C10       0x2000022e        0x2 ./Core/Src/main.o
                0x2000022e                C10
 .bss.raw_pressure
                0x20000230        0x4 ./Core/Src/main.o
                0x20000230                raw_pressure
 .bss.raw_temp  0x20000234        0x4 ./Core/Src/main.o
                0x20000234                raw_temp
 .bss.temperature
                0x20000238        0x4 ./Core/Src/main.o
                0x20000238                temperature
 .bss.offset    0x2000023c        0x4 ./Core/Src/main.o
                0x2000023c                offset
 .bss.sensitivity
                0x20000240        0x4 ./Core/Src/main.o
                0x20000240                sensitivity
 .bss.pressure  0x20000244        0x4 ./Core/Src/main.o
                0x20000244                pressure
 .bss.TX_BUFFER
                0x20000248        0x1 ./Core/Src/main.o
                0x20000248                TX_BUFFER
 *fill*         0x20000249        0x3 
 .bss.RX_BUFFER
                0x2000024c        0x8 ./Core/Src/main.o
                0x2000024c                RX_BUFFER
 .bss.uwTick    0x20000254        0x4 ./Drivers/STM32WBxx_HAL_Driver/Src/stm32wbxx_hal.o
                0x20000254                uwTick
 .bss.hciContext
                0x20000258       0x20 ./Middlewares/ST/STM32_WPAN/interface/patterns/ble_thread/tl/hci_tl.o
 .bss.HciCmdEventQueue
                0x20000278        0x8 ./Middlewares/ST/STM32_WPAN/interface/patterns/ble_thread/tl/hci_tl.o
 .bss.StatusNotCallBackFunction
                0x20000280        0x4 ./Middlewares/ST/STM32_WPAN/interface/patterns/ble_thread/tl/hci_tl.o
 .bss.CmdRspStatusFlag
                0x20000284        0x1 ./Middlewares/ST/STM32_WPAN/interface/patterns/ble_thread/tl/hci_tl.o
 *fill*         0x20000285        0x3 
 .bss.shciContext
                0x20000288       0x20 ./Middlewares/ST/STM32_WPAN/interface/patterns/ble_thread/tl/shci_tl.o
 .bss.StatusNotCallBackFunction
                0x200002a8        0x4 ./Middlewares/ST/STM32_WPAN/interface/patterns/ble_thread/tl/shci_tl.o
 .bss.CmdRspStatusFlag
                0x200002ac        0x1 ./Middlewares/ST/STM32_WPAN/interface/patterns/ble_thread/tl/shci_tl.o
 *fill*         0x200002ad        0x3 
 .bss.LocalFreeBufQueue
                0x200002b0        0x8 ./Middlewares/ST/STM32_WPAN/interface/patterns/ble_thread/tl/tl_mbox.o
 .bss.BLE_IoBusEvtCallBackFunction
                0x200002b8        0x4 ./Middlewares/ST/STM32_WPAN/interface/patterns/ble_thread/tl/tl_mbox.o
 .bss.BLE_IoBusAclDataTxAck
                0x200002bc        0x4 ./Middlewares/ST/STM32_WPAN/interface/patterns/ble_thread/tl/tl_mbox.o
 .bss.SYS_CMD_IoBusCallBackFunction
                0x200002c0        0x4 ./Middlewares/ST/STM32_WPAN/interface/patterns/ble_thread/tl/tl_mbox.o
 .bss.SYS_EVT_IoBusCallBackFunction
                0x200002c4        0x4 ./Middlewares/ST/STM32_WPAN/interface/patterns/ble_thread/tl/tl_mbox.o
 .bss.p_mem_manager_table.0
                0x200002c8        0x4 ./Middlewares/ST/STM32_WPAN/interface/patterns/ble_thread/tl/tl_mbox.o
 .bss.a_BdAddrUdn
                0x200002cc        0x6 ./STM32_WPAN/App/app_ble.o
 *fill*         0x200002d2        0x2 
 .bss.BleApplicationContext
                0x200002d4       0x84 ./STM32_WPAN/App/app_ble.o
 .bss.HandleNotification
                0x20000358        0x4 ./STM32_WPAN/App/app_ble.o
                0x20000358                HandleNotification
 .bss.Custom_App_Context
                0x2000035c        0x4 ./STM32_WPAN/App/custom_app.o
 .bss.TemperatureTimerId
                0x20000360        0x1 ./STM32_WPAN/App/custom_app.o
 *fill*         0x20000361        0x3 
 .bss.CustomContext
                0x20000364        0x4 ./STM32_WPAN/App/custom_stm.o
 .bss.FreeBufCb
                0x20000368        0x4 ./STM32_WPAN/Target/hw_ipcc.o
 .bss.StopModeDisable
                0x2000036c        0x4 ./Utilities/lpm/tiny_lpm/stm32_lpm.o
 .bss.OffModeDisable
                0x20000370        0x4 ./Utilities/lpm/tiny_lpm/stm32_lpm.o
 .bss.TaskSet   0x20000374        0x4 ./Utilities/sequencer/stm32_seq.o
 .bss.EvtSet    0x20000378        0x4 ./Utilities/sequencer/stm32_seq.o
 .bss.EvtWaited
                0x2000037c        0x4 ./Utilities/sequencer/stm32_seq.o
 .bss.CurrentTaskIdx
                0x20000380        0x4 ./Utilities/sequencer/stm32_seq.o
 .bss.TaskCb    0x20000384       0x80 ./Utilities/sequencer/stm32_seq.o
 .bss.TaskPrio  0x20000404        0x8 ./Utilities/sequencer/stm32_seq.o
 *(COMMON)
                0x2000040c                        . = ALIGN (0x4)
                0x2000040c                        _ebss = .
                0x2000040c                        __bss_end__ = _ebss

._user_heap_stack
                0x2000040c      0x604 load address 0x0800943a
                0x20000410                        . = ALIGN (0x8)
 *fill*         0x2000040c        0x4 
                [!provide]                        PROVIDE (end = .)
                0x20000410                        PROVIDE (_end = .)
                0x20000610                        . = (. + _Min_Heap_Size)
 *fill*         0x20000410      0x200 
                0x20000a10                        . = (. + _Min_Stack_Size)
 *fill*         0x20000610      0x400 
                0x20000a10                        . = ALIGN (0x8)

/DISCARD/
 libc.a(*)
 libm.a(*)
 libgcc.a(*)

.ARM.attributes
                0x00000000       0x30
 *(.ARM.attributes)
 .ARM.attributes
                0x00000000       0x22 C:/ST/STM32CubeIDE_1.18.0/STM32CubeIDE/plugins/com.st.stm32cube.ide.mcu.externaltools.gnu-tools-for-stm32.13.3.rel1.win32_1.0.0.202411081344/tools/bin/../lib/gcc/arm-none-eabi/13.3.1/thumb/v7e-m+fp/hard/crti.o
 .ARM.attributes
                0x00000022       0x34 C:/ST/STM32CubeIDE_1.18.0/STM32CubeIDE/plugins/com.st.stm32cube.ide.mcu.externaltools.gnu-tools-for-stm32.13.3.rel1.win32_1.0.0.202411081344/tools/bin/../lib/gcc/arm-none-eabi/13.3.1/thumb/v7e-m+fp/hard/crtbegin.o
 .ARM.attributes
                0x00000056       0x34 ./Core/Src/app_debug.o
 .ARM.attributes
                0x0000008a       0x34 ./Core/Src/app_entry.o
 .ARM.attributes
                0x000000be       0x34 ./Core/Src/hw_timerserver.o
 .ARM.attributes
                0x000000f2       0x34 ./Core/Src/main.o
 .ARM.attributes
                0x00000126       0x34 ./Core/Src/sleep_manager.o
 .ARM.attributes
                0x0000015a       0x34 ./Core/Src/standby.o
 .ARM.attributes
                0x0000018e       0x34 ./Core/Src/stm32_lpm_if.o
 .ARM.attributes
                0x000001c2       0x34 ./Core/Src/stm32wbxx_hal_msp.o
 .ARM.attributes
                0x000001f6       0x34 ./Core/Src/stm32wbxx_it.o
 .ARM.attributes
                0x0000022a       0x34 ./Core/Src/system_stm32wbxx.o
 .ARM.attributes
                0x0000025e       0x21 ./Core/Startup/startup_stm32wb1mmchx.o
 .ARM.attributes
                0x0000027f       0x34 ./Drivers/STM32WBxx_HAL_Driver/Src/stm32wbxx_hal.o
 .ARM.attributes
                0x000002b3       0x34 ./Drivers/STM32WBxx_HAL_Driver/Src/stm32wbxx_hal_cortex.o
 .ARM.attributes
                0x000002e7       0x34 ./Drivers/STM32WBxx_HAL_Driver/Src/stm32wbxx_hal_gpio.o
 .ARM.attributes
                0x0000031b       0x34 ./Drivers/STM32WBxx_HAL_Driver/Src/stm32wbxx_hal_hsem.o
 .ARM.attributes
                0x0000034f       0x34 ./Drivers/STM32WBxx_HAL_Driver/Src/stm32wbxx_hal_ipcc.o
 .ARM.attributes
                0x00000383       0x34 ./Drivers/STM32WBxx_HAL_Driver/Src/stm32wbxx_hal_pwr.o
 .ARM.attributes
                0x000003b7       0x34 ./Drivers/STM32WBxx_HAL_Driver/Src/stm32wbxx_hal_pwr_ex.o
 .ARM.attributes
                0x000003eb       0x34 ./Drivers/STM32WBxx_HAL_Driver/Src/stm32wbxx_hal_rcc.o
 .ARM.attributes
                0x0000041f       0x34 ./Drivers/STM32WBxx_HAL_Driver/Src/stm32wbxx_hal_rcc_ex.o
 .ARM.attributes
                0x00000453       0x34 ./Drivers/STM32WBxx_HAL_Driver/Src/stm32wbxx_hal_rtc.o
 .ARM.attributes
                0x00000487       0x34 ./Drivers/STM32WBxx_HAL_Driver/Src/stm32wbxx_hal_rtc_ex.o
 .ARM.attributes
                0x000004bb       0x34 ./Drivers/STM32WBxx_HAL_Driver/Src/stm32wbxx_hal_spi.o
 .ARM.attributes
                0x000004ef       0x34 ./Middlewares/ST/STM32_WPAN/ble/core/auto/ble_gap_aci.o
 .ARM.attributes
                0x00000523       0x34 ./Middlewares/ST/STM32_WPAN/ble/core/auto/ble_gatt_aci.o
 .ARM.attributes
                0x00000557       0x34 ./Middlewares/ST/STM32_WPAN/ble/core/auto/ble_hal_aci.o
 .ARM.attributes
                0x0000058b       0x34 ./Middlewares/ST/STM32_WPAN/ble/core/auto/ble_hci_le.o
 .ARM.attributes
                0x000005bf       0x34 ./Middlewares/ST/STM32_WPAN/ble/core/template/osal.o
 .ARM.attributes
                0x000005f3       0x34 ./Middlewares/ST/STM32_WPAN/ble/svc/Src/svc_ctl.o
 .ARM.attributes
                0x00000627       0x34 ./Middlewares/ST/STM32_WPAN/interface/patterns/ble_thread/shci/shci.o
 .ARM.attributes
                0x0000065b       0x34 ./Middlewares/ST/STM32_WPAN/interface/patterns/ble_thread/tl/hci_tl.o
 .ARM.attributes
                0x0000068f       0x34 ./Middlewares/ST/STM32_WPAN/interface/patterns/ble_thread/tl/hci_tl_if.o
 .ARM.attributes
                0x000006c3       0x34 ./Middlewares/ST/STM32_WPAN/interface/patterns/ble_thread/tl/shci_tl.o
 .ARM.attributes
                0x000006f7       0x34 ./Middlewares/ST/STM32_WPAN/interface/patterns/ble_thread/tl/shci_tl_if.o
 .ARM.attributes
                0x0000072b       0x34 ./Middlewares/ST/STM32_WPAN/interface/patterns/ble_thread/tl/tl_mbox.o
 .ARM.attributes
                0x0000075f       0x34 ./Middlewares/ST/STM32_WPAN/utilities/otp.o
 .ARM.attributes
                0x00000793       0x34 ./Middlewares/ST/STM32_WPAN/utilities/stm_list.o
 .ARM.attributes
                0x000007c7       0x34 ./STM32_WPAN/App/app_ble.o
 .ARM.attributes
                0x000007fb       0x34 ./STM32_WPAN/App/custom_app.o
 .ARM.attributes
                0x0000082f       0x34 ./STM32_WPAN/App/custom_stm.o
 .ARM.attributes
                0x00000863       0x34 ./STM32_WPAN/Target/hw_ipcc.o
 .ARM.attributes
                0x00000897       0x34 ./Utilities/lpm/tiny_lpm/stm32_lpm.o
 .ARM.attributes
                0x000008cb       0x34 ./Utilities/sequencer/stm32_seq.o
 .ARM.attributes
                0x000008ff       0x34 C:/ST/STM32CubeIDE_1.18.0/STM32CubeIDE/plugins/com.st.stm32cube.ide.mcu.externaltools.gnu-tools-for-stm32.13.3.rel1.win32_1.0.0.202411081344/tools/bin/../lib/gcc/arm-none-eabi/13.3.1/../../../../arm-none-eabi/lib/thumb/v7e-m+fp/hard\libc_nano.a(libc_a-memset.o)
 .ARM.attributes
                0x00000933       0x34 C:/ST/STM32CubeIDE_1.18.0/STM32CubeIDE/plugins/com.st.stm32cube.ide.mcu.externaltools.gnu-tools-for-stm32.13.3.rel1.win32_1.0.0.202411081344/tools/bin/../lib/gcc/arm-none-eabi/13.3.1/../../../../arm-none-eabi/lib/thumb/v7e-m+fp/hard\libc_nano.a(libc_a-init.o)
 .ARM.attributes
                0x00000967       0x34 C:/ST/STM32CubeIDE_1.18.0/STM32CubeIDE/plugins/com.st.stm32cube.ide.mcu.externaltools.gnu-tools-for-stm32.13.3.rel1.win32_1.0.0.202411081344/tools/bin/../lib/gcc/arm-none-eabi/13.3.1/../../../../arm-none-eabi/lib/thumb/v7e-m+fp/hard\libc_nano.a(libc_a-memcpy-stub.o)
 .ARM.attributes
                0x0000099b       0x17 C:/ST/STM32CubeIDE_1.18.0/STM32CubeIDE/plugins/com.st.stm32cube.ide.mcu.externaltools.gnu-tools-for-stm32.13.3.rel1.win32_1.0.0.202411081344/tools/bin/../lib/gcc/arm-none-eabi/13.3.1/../../../../arm-none-eabi/lib/thumb/v7e-m+fp/hard\libc_nano.a(libc_a-strlen.o)
 .ARM.attributes
                0x000009b2       0x22 C:/ST/STM32CubeIDE_1.18.0/STM32CubeIDE/plugins/com.st.stm32cube.ide.mcu.externaltools.gnu-tools-for-stm32.13.3.rel1.win32_1.0.0.202411081344/tools/bin/../lib/gcc/arm-none-eabi/13.3.1/thumb/v7e-m+fp/hard/crtn.o

MAPPING_TABLE   0x20030000       0x28
 *(MAPPING_TABLE)
 MAPPING_TABLE  0x20030000       0x28 ./Middlewares/ST/STM32_WPAN/interface/patterns/ble_thread/tl/tl_mbox.o

MB_MEM1         0x20030028      0x1bb
 *(MB_MEM1)
 MB_MEM1        0x20030028       0xb0 ./Middlewares/ST/STM32_WPAN/interface/patterns/ble_thread/tl/tl_mbox.o
 MB_MEM1        0x200300d8      0x10b ./STM32_WPAN/App/app_ble.o
                0x0800943a                        _siMB_MEM2 = LOADADDR (.MB_MEM2)

.MB_MEM2        0x200301e4      0x883 load address 0x0800943a
                0x200301e4                        _sMB_MEM2 = .
 *(MB_MEM2)
 MB_MEM2        0x200301e4       0x12 ./Core/Src/app_debug.o
 *fill*         0x200301f6        0x2 
 MB_MEM2        0x200301f8      0x85e ./Core/Src/app_entry.o
 *fill*         0x20030a56        0x2 
 MB_MEM2        0x20030a58        0xf ./Middlewares/ST/STM32_WPAN/interface/patterns/ble_thread/tl/tl_mbox.o
                0x20030a67                        _eMB_MEM2 = .
OUTPUT(Tire_Sensor.elf elf32-littlearm)
LOAD linker stubs
LOAD C:/ST/STM32CubeIDE_1.18.0/STM32CubeIDE/plugins/com.st.stm32cube.ide.mcu.externaltools.gnu-tools-for-stm32.13.3.rel1.win32_1.0.0.202411081344/tools/bin/../lib/gcc/arm-none-eabi/13.3.1/../../../../arm-none-eabi/lib/thumb/v7e-m+fp/hard\libc.a
LOAD C:/ST/STM32CubeIDE_1.18.0/STM32CubeIDE/plugins/com.st.stm32cube.ide.mcu.externaltools.gnu-tools-for-stm32.13.3.rel1.win32_1.0.0.202411081344/tools/bin/../lib/gcc/arm-none-eabi/13.3.1/../../../../arm-none-eabi/lib/thumb/v7e-m+fp/hard\libm.a
LOAD C:/ST/STM32CubeIDE_1.18.0/STM32CubeIDE/plugins/com.st.stm32cube.ide.mcu.externaltools.gnu-tools-for-stm32.13.3.rel1.win32_1.0.0.202411081344/tools/bin/../lib/gcc/arm-none-eabi/13.3.1/thumb/v7e-m+fp/hard\libgcc.a

.debug_info     0x00000000    0x27cf6
 .debug_info    0x00000000      0xa0e ./Core/Src/app_debug.o
 .debug_info    0x00000a0e     0x1bc0 ./Core/Src/app_entry.o
 .debug_info    0x000025ce     0x1142 ./Core/Src/hw_timerserver.o
 .debug_info    0x00003710     0x1a58 ./Core/Src/main.o
 .debug_info    0x00005168      0x4fc ./Core/Src/sleep_manager.o
 .debug_info    0x00005664     0x12e3 ./Core/Src/standby.o
 .debug_info    0x00006947      0xcb2 ./Core/Src/stm32_lpm_if.o
 .debug_info    0x000075f9     0x14f3 ./Core/Src/stm32wbxx_hal_msp.o
 .debug_info    0x00008aec      0x178 ./Core/Src/stm32wbxx_it.o
 .debug_info    0x00008c64      0x705 ./Core/Src/system_stm32wbxx.o
 .debug_info    0x00009369       0x30 ./Core/Startup/startup_stm32wb1mmchx.o
 .debug_info    0x00009399     0x108c ./Drivers/STM32WBxx_HAL_Driver/Src/stm32wbxx_hal.o
 .debug_info    0x0000a425      0xc67 ./Drivers/STM32WBxx_HAL_Driver/Src/stm32wbxx_hal_cortex.o
 .debug_info    0x0000b08c      0x6aa ./Drivers/STM32WBxx_HAL_Driver/Src/stm32wbxx_hal_gpio.o
 .debug_info    0x0000b736      0x3bc ./Drivers/STM32WBxx_HAL_Driver/Src/stm32wbxx_hal_hsem.o
 .debug_info    0x0000baf2      0x7a3 ./Drivers/STM32WBxx_HAL_Driver/Src/stm32wbxx_hal_ipcc.o
 .debug_info    0x0000c295      0x906 ./Drivers/STM32WBxx_HAL_Driver/Src/stm32wbxx_hal_pwr.o
 .debug_info    0x0000cb9b      0xe3a ./Drivers/STM32WBxx_HAL_Driver/Src/stm32wbxx_hal_pwr_ex.o
 .debug_info    0x0000d9d5     0x141b ./Drivers/STM32WBxx_HAL_Driver/Src/stm32wbxx_hal_rcc.o
 .debug_info    0x0000edf0     0x14b1 ./Drivers/STM32WBxx_HAL_Driver/Src/stm32wbxx_hal_rcc_ex.o
 .debug_info    0x000102a1      0xd28 ./Drivers/STM32WBxx_HAL_Driver/Src/stm32wbxx_hal_rtc.o
 .debug_info    0x00010fc9      0xf3a ./Drivers/STM32WBxx_HAL_Driver/Src/stm32wbxx_hal_rtc_ex.o
 .debug_info    0x00011f03     0x1668 ./Drivers/STM32WBxx_HAL_Driver/Src/stm32wbxx_hal_spi.o