Archive member included to satisfy reference by file (symbol)

C:/ST/STM32CubeIDE_1.18.0/STM32CubeIDE/plugins/com.st.stm32cube.ide.mcu.externaltools.gnu-tools-for-stm32.13.3.rel1.win32_1.0.0.202411081344/tools/bin/../lib/gcc/arm-none-eabi/13.3.1/../../../../arm-none-eabi/lib/thumb/v7e-m+fp/hard\libc_nano.a(libc_a-exit.o)
                              C:/ST/STM32CubeIDE_1.18.0/STM32CubeIDE/plugins/com.st.stm32cube.ide.mcu.externaltools.gnu-tools-for-stm32.13.3.rel1.win32_1.0.0.202411081344/tools/bin/../lib/gcc/arm-none-eabi/13.3.1/../../../../arm-none-eabi/lib/thumb/v7e-m+fp/hard/crt0.o (exit)
C:/ST/STM32CubeIDE_1.18.0/STM32CubeIDE/plugins/com.st.stm32cube.ide.mcu.externaltools.gnu-tools-for-stm32.13.3.rel1.win32_1.0.0.202411081344/tools/bin/../lib/gcc/arm-none-eabi/13.3.1/../../../../arm-none-eabi/lib/thumb/v7e-m+fp/hard\libc_nano.a(libc_a-findfp.o)
                              C:/ST/STM32CubeIDE_1.18.0/STM32CubeIDE/plugins/com.st.stm32cube.ide.mcu.externaltools.gnu-tools-for-stm32.13.3.rel1.win32_1.0.0.202411081344/tools/bin/../lib/gcc/arm-none-eabi/13.3.1/../../../../arm-none-eabi/lib/thumb/v7e-m+fp/hard\libc_nano.a(libc_a-exit.o) (__stdio_exit_handler)
C:/ST/STM32CubeIDE_1.18.0/STM32CubeIDE/plugins/com.st.stm32cube.ide.mcu.externaltools.gnu-tools-for-stm32.13.3.rel1.win32_1.0.0.202411081344/tools/bin/../lib/gcc/arm-none-eabi/13.3.1/../../../../arm-none-eabi/lib/thumb/v7e-m+fp/hard\libc_nano.a(libc_a-fwalk.o)
                              C:/ST/STM32CubeIDE_1.18.0/STM32CubeIDE/plugins/com.st.stm32cube.ide.mcu.externaltools.gnu-tools-for-stm32.13.3.rel1.win32_1.0.0.202411081344/tools/bin/../lib/gcc/arm-none-eabi/13.3.1/../../../../arm-none-eabi/lib/thumb/v7e-m+fp/hard\libc_nano.a(libc_a-findfp.o) (_fwalk_sglue)
C:/ST/STM32CubeIDE_1.18.0/STM32CubeIDE/plugins/com.st.stm32cube.ide.mcu.externaltools.gnu-tools-for-stm32.13.3.rel1.win32_1.0.0.202411081344/tools/bin/../lib/gcc/arm-none-eabi/13.3.1/../../../../arm-none-eabi/lib/thumb/v7e-m+fp/hard\libc_nano.a(libc_a-printf.o)
                              ./Middlewares/ST/STM32_WPAN/utilities/dbg_trace.o (printf)
C:/ST/STM32CubeIDE_1.18.0/STM32CubeIDE/plugins/com.st.stm32cube.ide.mcu.externaltools.gnu-tools-for-stm32.13.3.rel1.win32_1.0.0.202411081344/tools/bin/../lib/gcc/arm-none-eabi/13.3.1/../../../../arm-none-eabi/lib/thumb/v7e-m+fp/hard\libc_nano.a(libc_a-stdio.o)
                              C:/ST/STM32CubeIDE_1.18.0/STM32CubeIDE/plugins/com.st.stm32cube.ide.mcu.externaltools.gnu-tools-for-stm32.13.3.rel1.win32_1.0.0.202411081344/tools/bin/../lib/gcc/arm-none-eabi/13.3.1/../../../../arm-none-eabi/lib/thumb/v7e-m+fp/hard\libc_nano.a(libc_a-findfp.o) (__sread)
C:/ST/STM32CubeIDE_1.18.0/STM32CubeIDE/plugins/com.st.stm32cube.ide.mcu.externaltools.gnu-tools-for-stm32.13.3.rel1.win32_1.0.0.202411081344/tools/bin/../lib/gcc/arm-none-eabi/13.3.1/../../../../arm-none-eabi/lib/thumb/v7e-m+fp/hard\libc_nano.a(libc_a-vprintf.o)
                              ./Middlewares/ST/STM32_WPAN/utilities/dbg_trace.o (vprintf)
C:/ST/STM32CubeIDE_1.18.0/STM32CubeIDE/plugins/com.st.stm32cube.ide.mcu.externaltools.gnu-tools-for-stm32.13.3.rel1.win32_1.0.0.202411081344/tools/bin/../lib/gcc/arm-none-eabi/13.3.1/../../../../arm-none-eabi/lib/thumb/v7e-m+fp/hard\libc_nano.a(libc_a-memcmp.o)
                              ./Middlewares/ST/STM32_WPAN/ble/core/template/osal.o (memcmp)
C:/ST/STM32CubeIDE_1.18.0/STM32CubeIDE/plugins/com.st.stm32cube.ide.mcu.externaltools.gnu-tools-for-stm32.13.3.rel1.win32_1.0.0.202411081344/tools/bin/../lib/gcc/arm-none-eabi/13.3.1/../../../../arm-none-eabi/lib/thumb/v7e-m+fp/hard\libc_nano.a(libc_a-memset.o)
                              C:/ST/STM32CubeIDE_1.18.0/STM32CubeIDE/plugins/com.st.stm32cube.ide.mcu.externaltools.gnu-tools-for-stm32.13.3.rel1.win32_1.0.0.202411081344/tools/bin/../lib/gcc/arm-none-eabi/13.3.1/../../../../arm-none-eabi/lib/thumb/v7e-m+fp/hard/crt0.o (memset)
C:/ST/STM32CubeIDE_1.18.0/STM32CubeIDE/plugins/com.st.stm32cube.ide.mcu.externaltools.gnu-tools-for-stm32.13.3.rel1.win32_1.0.0.202411081344/tools/bin/../lib/gcc/arm-none-eabi/13.3.1/../../../../arm-none-eabi/lib/thumb/v7e-m+fp/hard\libc_nano.a(libc_a-strrchr.o)
                              ./Middlewares/ST/STM32_WPAN/utilities/dbg_trace.o (strrchr)
C:/ST/STM32CubeIDE_1.18.0/STM32CubeIDE/plugins/com.st.stm32cube.ide.mcu.externaltools.gnu-tools-for-stm32.13.3.rel1.win32_1.0.0.202411081344/tools/bin/../lib/gcc/arm-none-eabi/13.3.1/../../../../arm-none-eabi/lib/thumb/v7e-m+fp/hard\libc_nano.a(libc_a-closer.o)
                              C:/ST/STM32CubeIDE_1.18.0/STM32CubeIDE/plugins/com.st.stm32cube.ide.mcu.externaltools.gnu-tools-for-stm32.13.3.rel1.win32_1.0.0.202411081344/tools/bin/../lib/gcc/arm-none-eabi/13.3.1/../../../../arm-none-eabi/lib/thumb/v7e-m+fp/hard\libc_nano.a(libc_a-stdio.o) (_close_r)
[...]
Memory Configuration

Name             Origin             Length             Attributes
FLASH            0x08000000         0x0001b800         xr
RAM              0x20000008         0x00002ff8         xrw
RAM_SHARED       0x20030000         0x00002800         xrw
*default*        0x00000000         0xffffffff

Linker script and memory map

LOAD C:/ST/STM32CubeIDE_1.18.0/STM32CubeIDE/plugins/com.st.stm32cube.ide.mcu.externaltools.gnu-tools-for-stm32.13.3.rel1.win32_1.0.0.202411081344/tools/bin/../lib/gcc/arm-none-eabi/13.3.1/thumb/v7e-m+fp/hard/crti.o
LOAD C:/ST/STM32CubeIDE_1.18.0/STM32CubeIDE/plugins/com.st.stm32cube.ide.mcu.externaltools.gnu-tools-for-stm32.13.3.rel1.win32_1.0.0.202411081344/tools/bin/../lib/gcc/arm-none-eabi/13.3.1/thumb/v7e-m+fp/hard/crtbegin.o
LOAD C:/ST/STM32CubeIDE_1.18.0/STM32CubeIDE/plugins/com.st.stm32cube.ide.mcu.externaltools.gnu-tools-for-stm32.13.3.rel1.win32_1.0.0.202411081344/tools/bin/../lib/gcc/arm-none-eabi/13.3.1/../../../../arm-none-eabi/lib/thumb/v7e-m+fp/hard/crt0.o
LOAD ./Core/Src/app_debug.o
LOAD ./Core/Src/app_entry.o
LOAD ./Core/Src/hw_timerserver.o
LOAD ./Core/Src/main.o
LOAD ./Core/Src/standby.o
LOAD ./Core/Src/stm32_lpm_if.o
LOAD ./Core/Src/stm32wbxx_hal_msp.o
LOAD ./Core/Src/stm32wbxx_it.o
LOAD ./Core/Src/syscalls.o
LOAD ./Core/Src/sysmem.o
LOAD ./Core/Src/system_stm32wbxx.o
LOAD ./Core/Startup/startup_stm32wb1mmchx.o
LOAD ./Drivers/STM32WBxx_HAL_Driver/Src/stm32wbxx_hal.o
LOAD ./Drivers/STM32WBxx_HAL_Driver/Src/stm32wbxx_hal_cortex.o
LOAD ./Drivers/STM32WBxx_HAL_Driver/Src/stm32wbxx_hal_dma.o
LOAD ./Drivers/STM32WBxx_HAL_Driver/Src/stm32wbxx_hal_dma_ex.o
LOAD ./Drivers/STM32WBxx_HAL_Driver/Src/stm32wbxx_hal_exti.o
LOAD ./Drivers/STM32WBxx_HAL_Driver/Src/stm32wbxx_hal_flash.o
LOAD ./Drivers/STM32WBxx_HAL_Driver/Src/stm32wbxx_hal_flash_ex.o
LOAD ./Drivers/STM32WBxx_HAL_Driver/Src/stm32wbxx_hal_gpio.o
LOAD ./Drivers/STM32WBxx_HAL_Driver/Src/stm32wbxx_hal_hsem.o
LOAD ./Drivers/STM32WBxx_HAL_Driver/Src/stm32wbxx_hal_ipcc.o
LOAD ./Drivers/STM32WBxx_HAL_Driver/Src/stm32wbxx_hal_lptim.o
LOAD ./Drivers/STM32WBxx_HAL_Driver/Src/stm32wbxx_hal_pwr.o
LOAD ./Drivers/STM32WBxx_HAL_Driver/Src/stm32wbxx_hal_pwr_ex.o
LOAD ./Drivers/STM32WBxx_HAL_Driver/Src/stm32wbxx_hal_rcc.o
LOAD ./Drivers/STM32WBxx_HAL_Driver/Src/stm32wbxx_hal_rcc_ex.o
LOAD ./Drivers/STM32WBxx_HAL_Driver/Src/stm32wbxx_hal_rtc.o
LOAD ./Drivers/STM32WBxx_HAL_Driver/Src/stm32wbxx_hal_rtc_ex.o
LOAD ./Drivers/STM32WBxx_HAL_Driver/Src/stm32wbxx_hal_spi.o
LOAD ./Drivers/STM32WBxx_HAL_Driver/Src/stm32wbxx_hal_spi_ex.o
LOAD ./Drivers/STM32WBxx_HAL_Driver/Src/stm32wbxx_ll_rcc.o
LOAD ./Middlewares/ST/STM32_WPAN/ble/core/auto/ble_events.o
LOAD ./Middlewares/ST/STM32_WPAN/ble/core/auto/ble_gap_aci.o
LOAD ./Middlewares/ST/STM32_WPAN/ble/core/auto/ble_gatt_aci.o
LOAD ./Middlewares/ST/STM32_WPAN/ble/core/auto/ble_hal_aci.o
LOAD ./Middlewares/ST/STM32_WPAN/ble/core/auto/ble_hci_le.o
LOAD ./Middlewares/ST/STM32_WPAN/ble/core/auto/ble_l2cap_aci.o
LOAD ./Middlewares/ST/STM32_WPAN/ble/core/template/osal.o
LOAD ./Middlewares/ST/STM32_WPAN/ble/svc/Src/svc_ctl.o
LOAD ./Middlewares/ST/STM32_WPAN/interface/patterns/ble_thread/shci/shci.o
LOAD ./Middlewares/ST/STM32_WPAN/interface/patterns/ble_thread/tl/hci_tl.o
LOAD ./Middlewares/ST/STM32_WPAN/interface/patterns/ble_thread/tl/hci_tl_if.o
LOAD ./Middlewares/ST/STM32_WPAN/interface/patterns/ble_thread/tl/shci_tl.o
LOAD ./Middlewares/ST/STM32_WPAN/interface/patterns/ble_thread/tl/shci_tl_if.o
LOAD ./Middlewares/ST/STM32_WPAN/interface/patterns/ble_thread/tl/tl_mbox.o
LOAD ./Middlewares/ST/STM32_WPAN/utilities/dbg_trace.o
LOAD ./Middlewares/ST/STM32_WPAN/utilities/otp.o
LOAD ./Middlewares/ST/STM32_WPAN/utilities/stm_list.o
LOAD ./Middlewares/ST/STM32_WPAN/utilities/stm_queue.o
LOAD ./STM32_WPAN/App/app_ble.o
LOAD ./STM32_WPAN/App/custom_app.o
LOAD ./STM32_WPAN/App/custom_stm.o
LOAD ./STM32_WPAN/Target/hw_ipcc.o
LOAD ./Utilities/lpm/tiny_lpm/stm32_lpm.o
LOAD ./Utilities/sequencer/stm32_seq.o
START GROUP
LOAD C:/ST/STM32CubeIDE_1.18.0/STM32CubeIDE/plugins/com.st.stm32cube.ide.mcu.externaltools.gnu-tools-for-stm32.13.3.rel1.win32_1.0.0.202411081344/tools/bin/../lib/gcc/arm-none-eabi/13.3.1/../../../../arm-none-eabi/lib/thumb/v7e-m+fp/hard\libc_nano.a
LOAD C:/ST/STM32CubeIDE_1.18.0/STM32CubeIDE/plugins/com.st.stm32cube.ide.mcu.externaltools.gnu-tools-for-stm32.13.3.rel1.win32_1.0.0.202411081344/tools/bin/../lib/gcc/arm-none-eabi/13.3.1/../../../../arm-none-eabi/lib/thumb/v7e-m+fp/hard\libm.a
END GROUP
START GROUP
LOAD C:/ST/STM32CubeIDE_1.18.0/STM32CubeIDE/plugins/com.st.stm32cube.ide.mcu.externaltools.gnu-tools-for-stm32.13.3.rel1.win32_1.0.0.202411081344/tools/bin/../lib/gcc/arm-none-eabi/13.3.1/thumb/v7e-m+fp/hard\libgcc.a
LOAD C:/ST/STM32CubeIDE_1.18.0/STM32CubeIDE/plugins/com.st.stm32cube.ide.mcu.externaltools.gnu-tools-for-stm32.13.3.rel1.win32_1.0.0.202411081344/tools/bin/../lib/gcc/arm-none-eabi/13.3.1/../../../../arm-none-eabi/lib/thumb/v7e-m+fp/hard\libc_nano.a
END GROUP
START GROUP
LOAD C:/ST/STM32CubeIDE_1.18.0/STM32CubeIDE/plugins/com.st.stm32cube.ide.mcu.externaltools.gnu-tools-for-stm32.13.3.rel1.win32_1.0.0.202411081344/tools/bin/../lib/gcc/arm-none-eabi/13.3.1/thumb/v7e-m+fp/hard\libgcc.a
LOAD C:/ST/STM32CubeIDE_1.18.0/STM32CubeIDE/plugins/com.st.stm32cube.ide.mcu.externaltools.gnu-tools-for-stm32.13.3.rel1.win32_1.0.0.202411081344/tools/bin/../lib/gcc/arm-none-eabi/13.3.1/../../../../arm-none-eabi/lib/thumb/v7e-m+fp/hard\libc_nano.a
LOAD C:/ST/STM32CubeIDE_1.18.0/STM32CubeIDE/plugins/com.st.stm32cube.ide.mcu.externaltools.gnu-tools-for-stm32.13.3.rel1.win32_1.0.0.202411081344/tools/bin/../lib/gcc/arm-none-eabi/13.3.1/../../../../arm-none-eabi/lib/thumb/v7e-m+fp/hard\libnosys.a
END GROUP
START GROUP
LOAD C:/ST/STM32CubeIDE_1.18.0/STM32CubeIDE/plugins/com.st.stm32cube.ide.mcu.externaltools.gnu-tools-for-stm32.13.3.rel1.win32_1.0.0.202411081344/tools/bin/../lib/gcc/arm-none-eabi/13.3.1/thumb/v7e-m+fp/hard\libgcc.a
LOAD C:/ST/STM32CubeIDE_1.18.0/STM32CubeIDE/plugins/com.st.stm32cube.ide.mcu.externaltools.gnu-tools-for-stm32.13.3.rel1.win32_1.0.0.202411081344/tools/bin/../lib/gcc/arm-none-eabi/13.3.1/../../../../arm-none-eabi/lib/thumb/v7e-m+fp/hard\libc_nano.a
LOAD C:/ST/STM32CubeIDE_1.18.0/STM32CubeIDE/plugins/com.st.stm32cube.ide.mcu.externaltools.gnu-tools-for-stm32.13.3.rel1.win32_1.0.0.202411081344/tools/bin/../lib/gcc/arm-none-eabi/13.3.1/../../../../arm-none-eabi/lib/thumb/v7e-m+fp/hard\libnosys.a
END GROUP
LOAD C:/ST/STM32CubeIDE_1.18.0/STM32CubeIDE/plugins/com.st.stm32cube.ide.mcu.externaltools.gnu-tools-for-stm32.13.3.rel1.win32_1.0.0.202411081344/tools/bin/../lib/gcc/arm-none-eabi/13.3.1/thumb/v7e-m+fp/hard/crtend.o
LOAD C:/ST/STM32CubeIDE_1.18.0/STM32CubeIDE/plugins/com.st.stm32cube.ide.mcu.externaltools.gnu-tools-for-stm32.13.3.rel1.win32_1.0.0.202411081344/tools/bin/../lib/gcc/arm-none-eabi/13.3.1/thumb/v7e-m+fp/hard/crtn.o
                0x20003000                        _estack = (ORIGIN (RAM) + LENGTH (RAM))
                0x00000200                        _Min_Heap_Size = 0x200
                0x00000400                        _Min_Stack_Size = 0x400

.isr_vector     0x08000000      0x13c
                0x08000000                        . = ALIGN (0x4)
 *(.isr_vector)
 .isr_vector    0x08000000      0x13c ./Core/Startup/startup_stm32wb1mmchx.o
                0x08000000                g_pfnVectors
                0x0800013c                        . = ALIGN (0x4)

.text           0x0800013c     0x9e48
                0x0800013c                        . = ALIGN (0x4)
 *(.text)
 .text          0x0800013c       0x40 C:/ST/STM32CubeIDE_1.18.0/STM32CubeIDE/plugins/com.st.stm32cube.ide.mcu.externaltools.gnu-tools-for-stm32.13.3.rel1.win32_1.0.0.202411081344/tools/bin/../lib/gcc/arm-none-eabi/13.3.1/thumb/v7e-m+fp/hard/crtbegin.o
 .text          0x0800017c       0x10 C:/ST/STM32CubeIDE_1.18.0/STM32CubeIDE/plugins/com.st.stm32cube.ide.mcu.externaltools.gnu-tools-for-stm32.13.3.rel1.win32_1.0.0.202411081344/tools/bin/../lib/gcc/arm-none-eabi/13.3.1/../../../../arm-none-eabi/lib/thumb/v7e-m+fp/hard\libc_nano.a(libc_a-strlen.o)
                0x0800017c                strlen
 *(.text*)
 .text.LL_EXTI_EnableIT_32_63
                0x0800018c       0x28 ./Core/Src/app_debug.o
 .text.LL_AHB2_GRP1_EnableClock
                0x080001b4       0x32 ./Core/Src/app_debug.o
 .text.LL_C2_AHB2_GRP1_EnableClock
                0x080001e6       0x38 ./Core/Src/app_debug.o
 .text.APPD_Init
                0x0800021e       0x20 ./Core/Src/app_debug.o
                0x0800021e                APPD_Init
 *fill*         0x0800023e        0x2 
 .text.APPD_EnableCPU2
                0x08000240       0x78 ./Core/Src/app_debug.o
                0x08000240                APPD_EnableCPU2
 .text.APPD_SetCPU2GpioConfig
                0x080002b8      0x180 ./Core/Src/app_debug.o
 .text.APPD_BleDtbCfg
                0x08000438       0x24 ./Core/Src/app_debug.o
 .text.LL_PWR_SMPS_Enable
                0x0800045c       0x20 ./Core/Src/app_entry.o
 .text.LL_PWR_SMPS_SetStartupCurrent
                0x0800047c       0x28 ./Core/Src/app_entry.o
 .text.LL_PWR_SMPS_SetOutputVoltageLevel
                0x080004a4       0x74 ./Core/Src/app_entry.o
 .text.LL_C2_PWR_SetPowerMode
                0x08000518       0x2c ./Core/Src/app_entry.o
 .text.LL_EXTI_EnableIT_32_63
                0x08000544       0x28 ./Core/Src/app_entry.o
 .text.LL_RCC_HSE_SetCapacitorTuning
                0x0800056c       0x3c ./Core/Src/app_entry.o
 .text.LL_RCC_SetClkAfterWakeFromStop
                0x080005a8       0x28 ./Core/Src/app_entry.o
 .text.LL_RCC_ForceBackupDomainReset
                0x080005d0       0x22 ./Core/Src/app_entry.o
 .text.LL_RCC_ReleaseBackupDomainReset
                0x080005f2       0x22 ./Core/Src/app_entry.o
 .text.LL_RCC_IsActiveFlag_PINRST
                0x08000614       0x26 ./Core/Src/app_entry.o
 .text.LL_RCC_IsActiveFlag_SFTRST
                0x0800063a       0x26 ./Core/Src/app_entry.o
 .text.LL_AHB3_GRP1_EnableClock
                0x08000660       0x32 ./Core/Src/app_entry.o
 *fill*         0x08000692        0x2 
 .text.LL_DBGMCU_GetDeviceID
                0x08000694       0x1c ./Core/Src/app_entry.o
 .text.LL_DBGMCU_GetRevisionID
                0x080006b0       0x1c ./Core/Src/app_entry.o
 .text.LL_C1_IPCC_DisableTransmitChannel
                0x080006cc       0x24 ./Core/Src/app_entry.o
 .text.LL_C1_IPCC_DisableReceiveChannel
                0x080006f0       0x22 ./Core/Src/app_entry.o
 .text.LL_C2_IPCC_DisableTransmitChannel
                0x08000712       0x24 ./Core/Src/app_entry.o
 .text.LL_C2_IPCC_DisableReceiveChannel
                0x08000736       0x22 ./Core/Src/app_entry.o
 .text.LL_C1_IPCC_ClearFlag_CHx
                0x08000758       0x1c ./Core/Src/app_entry.o
 .text.LL_C2_IPCC_ClearFlag_CHx
                0x08000774       0x1c ./Core/Src/app_entry.o
 .text.LL_LPM_EnableSleep
                0x08000790       0x20 ./Core/Src/app_entry.o
 .text.LL_RTC_EnableWriteProtection
                0x080007b0       0x1a ./Core/Src/app_entry.o
 .text.LL_RTC_DisableWriteProtection
                0x080007ca       0x20 ./Core/Src/app_entry.o
 .text.LL_RTC_WAKEUP_SetClock
                0x080007ea       0x26 ./Core/Src/app_entry.o
 .text.MX_APPE_Config
                0x08000810       0x1c ./Core/Src/app_entry.o
                0x08000810                MX_APPE_Config
 .text.MX_APPE_Init
                0x0800082c       0x20 ./Core/Src/app_entry.o
                0x0800082c                MX_APPE_Init
 .text.Init_Smps
                0x0800084c       0x18 ./Core/Src/app_entry.o
                0x0800084c                Init_Smps
 .text.Init_Exti
                0x08000864        0xe ./Core/Src/app_entry.o
                0x08000864                Init_Exti
 .text.Reset_Device
                0x08000872       0x10 ./Core/Src/app_entry.o
 .text.Reset_BackupDomain
                0x08000882       0x2e ./Core/Src/app_entry.o
 .text.Reset_IPCC
                0x080008b0       0x44 ./Core/Src/app_entry.o
 .text.Config_HSE
                0x080008f4       0x28 ./Core/Src/app_entry.o
 .text.System_Init
                0x0800091c       0x14 ./Core/Src/app_entry.o
 .text.Init_Rtc
                0x08000930       0x20 ./Core/Src/app_entry.o
 .text.SystemPower_Config
                0x08000950       0x1e ./Core/Src/app_entry.o
 *fill*         0x0800096e        0x2 
 .text.appe_Tl_Init
                0x08000970       0x6c ./Core/Src/app_entry.o
 .text.APPE_SysStatusNot
                0x080009dc       0x16 ./Core/Src/app_entry.o
 *fill*         0x080009f2        0x2 
 .text.APPE_SysUserEvtRx
                0x080009f4       0x68 ./Core/Src/app_entry.o
 .text.APPE_SysEvtError
                0x08000a5c       0x22 ./Core/Src/app_entry.o
 .text.APPE_SysEvtReadyProcessing
                0x08000a7e       0x88 ./Core/Src/app_entry.o
 .text.HAL_Delay
                0x08000b06       0x4a ./Core/Src/app_entry.o
                0x08000b06                HAL_Delay
 .text.MX_APPE_Process
                0x08000b50       0x10 ./Core/Src/app_entry.o
                0x08000b50                MX_APPE_Process
 .text.UTIL_SEQ_Idle
                0x08000b60        0xc ./Core/Src/app_entry.o
                0x08000b60                UTIL_SEQ_Idle
 .text.shci_notify_asynch_evt
                0x08000b6c       0x18 ./Core/Src/app_entry.o
                0x08000b6c                shci_notify_asynch_evt
 .text.shci_cmd_resp_release
                0x08000b84       0x16 ./Core/Src/app_entry.o
                0x08000b84                shci_cmd_resp_release
 .text.shci_cmd_resp_wait
                0x08000b9a       0x16 ./Core/Src/app_entry.o
                0x08000b9a                shci_cmd_resp_wait
 .text.LL_EXTI_EnableIT_0_31
                0x08000bb0       0x28 ./Core/Src/hw_timerserver.o
 .text.LL_EXTI_EnableRisingTrig_0_31
                0x08000bd8       0x24 ./Core/Src/hw_timerserver.o
 .text.ReadRtcSsrValue
                0x08000bfc       0x40 ./Core/Src/hw_timerserver.o
 .text.LinkTimerAfter
                0x08000c3c       0x8c ./Core/Src/hw_timerserver.o
 .text.LinkTimerBefore
                0x08000cc8       0xc0 ./Core/Src/hw_timerserver.o
 .text.linkTimer
                0x08000d88      0x154 ./Core/Src/hw_timerserver.o
 .text.UnlinkTimer
                0x08000edc      0x108 ./Core/Src/hw_timerserver.o
 .text.ReturnTimeElapsed
                0x08000fe4       0x80 ./Core/Src/hw_timerserver.o
 .text.RestartWakeupCounter
                0x08001064       0xb0 ./Core/Src/hw_timerserver.o
 .text.RescheduleTimerList
                0x08001114      0x134 ./Core/Src/hw_timerserver.o
 .text.HW_TS_RTC_Wakeup_Handler
                0x08001248      0x190 ./Core/Src/hw_timerserver.o
                0x08001248                HW_TS_RTC_Wakeup_Handler
 .text.HW_TS_Init
                0x080013d8      0x1b4 ./Core/Src/hw_timerserver.o
                0x080013d8                HW_TS_Init
 .text.HW_TS_Create
                0x0800158c       0xf4 ./Core/Src/hw_timerserver.o
                0x0800158c                HW_TS_Create
 .text.HW_TS_Stop
                0x08001680      0x108 ./Core/Src/hw_timerserver.o
                0x08001680                HW_TS_Stop
 .text.HW_TS_Start
                0x08001788      0x10c ./Core/Src/hw_timerserver.o
                0x08001788                HW_TS_Start
 .text.HW_TS_RTC_Int_AppNot
                0x08001894       0x1a ./Core/Src/hw_timerserver.o
                0x08001894                HW_TS_RTC_Int_AppNot
 .text.LL_RCC_LSE_SetDriveCapability
                0x080018ae       0x2c ./Core/Src/main.o
 .text.LL_AHB2_GRP1_EnableClock
                0x080018da       0x32 ./Core/Src/main.o
 .text.main     0x0800190c      0x600 ./Core/Src/main.o
                0x0800190c                main
 .text.SystemClock_Config
                0x08001f0c       0x98 ./Core/Src/main.o
                0x08001f0c                SystemClock_Config
 .text.PeriphCommonClock_Config
                0x08001fa4       0x40 ./Core/Src/main.o
                0x08001fa4                PeriphCommonClock_Config
 .text.MX_IPCC_Init
                0x08001fe4       0x28 ./Core/Src/main.o
 .text.MX_LPTIM1_Init
                0x0800200c       0x5c ./Core/Src/main.o
 .text.MX_RF_Init
                0x08002068        0xe ./Core/Src/main.o
 *fill*         0x08002076        0x2 
 .text.MX_RTC_Init
                0x08002078       0x60 ./Core/Src/main.o
 .text.MX_SPI1_Init
                0x080020d8       0x7c ./Core/Src/main.o
 .text.MX_GPIO_Init
                0x08002154       0x4a ./Core/Src/main.o
 .text.Error_Handler
                0x0800219e        0xc ./Core/Src/main.o
                0x0800219e                Error_Handler
 *fill*         0x080021aa        0x2 
 .text.LL_PWR_EnableSRAM2Retention
                0x080021ac       0x20 ./Core/Src/standby.o
 .text.LL_EXTI_IsEnabledRisingTrig_0_31
                0x080021cc       0x2c ./Core/Src/standby.o
 .text.LL_EXTI_IsEnabledFallingTrig_0_31
                0x080021f8       0x2c ./Core/Src/standby.o
 .text.LL_EXTI_GenerateSWI_0_31
                0x08002224       0x24 ./Core/Src/standby.o
 .text.LL_RCC_SetClkAfterWakeFromStop
                0x08002248       0x28 ./Core/Src/standby.o
 .text.LL_SYSCFG_GetEXTISource
                0x08002270       0x58 ./Core/Src/standby.o
 .text.LL_HSEM_1StepLock
                0x080022c8       0x30 ./Core/Src/standby.o
 .text.LL_HSEM_ReleaseLock
                0x080022f8       0x26 ./Core/Src/standby.o
 .text.STBY_AppHwSave
                0x0800231e        0xe ./Core/Src/standby.o
                0x0800231e                STBY_AppHwSave
 .text.STBY_AppHwRestore
                0x0800232c       0x14 ./Core/Src/standby.o
                0x0800232c                STBY_AppHwRestore
 .text.STBY_SysHwSave
                0x08002340       0x30 ./Core/Src/standby.o
                0x08002340                STBY_SysHwSave
 .text.STBY_SysHwRestore
                0x08002370       0x7c ./Core/Src/standby.o
                0x08002370                STBY_SysHwRestore
 .text.STBY_TriggerIT
                0x080023ec       0xf8 ./Core/Src/standby.o
 .text.LL_PWR_SetPowerMode
                0x080024e4       0x28 ./Core/Src/stm32_lpm_if.o
 .text.LL_PWR_ClearFlag_WU
                0x0800250c       0x18 ./Core/Src/stm32_lpm_if.o
 .text.LL_PWR_IsActiveFlag_C2SB
                0x08002524       0x28 ./Core/Src/stm32_lpm_if.o
 .text.LL_PWR_IsActiveFlag_C2DS
                0x0800254c       0x28 ./Core/Src/stm32_lpm_if.o
 .text.LL_EXTI_EnableEvent_32_63
                0x08002574       0x28 ./Core/Src/stm32_lpm_if.o
 .text.LL_EXTI_EnableRisingTrig_32_63
                0x0800259c       0x24 ./Core/Src/stm32_lpm_if.o
 .text.LL_RCC_HSI_Enable
                0x080025c0       0x1e ./Core/Src/stm32_lpm_if.o
 .text.LL_RCC_HSI_IsReady
                0x080025de       0x24 ./Core/Src/stm32_lpm_if.o
 .text.LL_RCC_SetSysClkSource
                0x08002602       0x28 ./Core/Src/stm32_lpm_if.o
 .text.LL_RCC_GetSysClkSource
                0x0800262a       0x18 ./Core/Src/stm32_lpm_if.o
 .text.LL_RCC_SetSMPSClockSource
                0x08002642       0x28 ./Core/Src/stm32_lpm_if.o
 .text.LL_RCC_ClearResetFlags
                0x0800266a       0x22 ./Core/Src/stm32_lpm_if.o
 .text.LL_LPM_EnableSleep
                0x0800268c       0x20 ./Core/Src/stm32_lpm_if.o
 .text.LL_LPM_EnableDeepSleep
                0x080026ac       0x20 ./Core/Src/stm32_lpm_if.o
 .text.LL_HSEM_1StepLock
                0x080026cc       0x30 ./Core/Src/stm32_lpm_if.o
 .text.LL_HSEM_ReleaseLock
                0x080026fc       0x26 ./Core/Src/stm32_lpm_if.o
 .text.PWR_EnterOffMode
                0x08002722       0x3e ./Core/Src/stm32_lpm_if.o
                0x08002722                PWR_EnterOffMode
 .text.PWR_ExitOffMode
                0x08002760       0x28 ./Core/Src/stm32_lpm_if.o
                0x08002760                PWR_ExitOffMode
 .text.PWR_EnterStopMode
                0x08002788       0x1c ./Core/Src/stm32_lpm_if.o
                0x08002788                PWR_EnterStopMode
 .text.PWR_ExitStopMode
                0x080027a4       0x10 ./Core/Src/stm32_lpm_if.o
                0x080027a4                PWR_ExitStopMode
 .text.PWR_EnterSleepMode
                0x080027b4       0x12 ./Core/Src/stm32_lpm_if.o
                0x080027b4                PWR_EnterSleepMode
 .text.PWR_ExitSleepMode
                0x080027c6        0xc ./Core/Src/stm32_lpm_if.o
                0x080027c6                PWR_ExitSleepMode
 .text.CPUcontextSave
                0x080027d2        0xc ./Core/Src/stm32_lpm_if.o
                0x080027d2                CPUcontextSave
 *fill*         0x080027de        0x2 
 .text.EnterLowPower
                0x080027e0       0x78 ./Core/Src/stm32_lpm_if.o
 .text.ExitLowPower
                0x08002858       0x40 ./Core/Src/stm32_lpm_if.o
 .text.ExitLowPower_standby
                0x08002898       0x3c ./Core/Src/stm32_lpm_if.o
 .text.Switch_On_HSI
                0x080028d4       0x30 ./Core/Src/stm32_lpm_if.o
 .text.LL_RCC_EnableRTC
                0x08002904       0x22 ./Core/Src/stm32wbxx_hal_msp.o
 .text.LL_AHB2_GRP1_EnableClock
                0x08002926       0x32 ./Core/Src/stm32wbxx_hal_msp.o
 .text.LL_AHB3_GRP1_EnableClock
                0x08002958       0x32 ./Core/Src/stm32wbxx_hal_msp.o
 .text.LL_APB1_GRP1_EnableClock
                0x0800298a       0x32 ./Core/Src/stm32wbxx_hal_msp.o
 .text.LL_APB2_GRP1_EnableClock
                0x080029bc       0x32 ./Core/Src/stm32wbxx_hal_msp.o
 .text.HAL_MspInit
                0x080029ee       0x20 ./Core/Src/stm32wbxx_hal_msp.o
                0x080029ee                HAL_MspInit
 *fill*         0x08002a0e        0x2 
 .text.HAL_IPCC_MspInit
                0x08002a10       0x48 ./Core/Src/stm32wbxx_hal_msp.o
                0x08002a10                HAL_IPCC_MspInit
 .text.HAL_LPTIM_MspInit
                0x08002a58       0x54 ./Core/Src/stm32wbxx_hal_msp.o
                0x08002a58                HAL_LPTIM_MspInit
 .text.HAL_RTC_MspInit
                0x08002aac       0x68 ./Core/Src/stm32wbxx_hal_msp.o
                0x08002aac                HAL_RTC_MspInit
 .text.HAL_SPI_MspInit
                0x08002b14       0x60 ./Core/Src/stm32wbxx_hal_msp.o
                0x08002b14                HAL_SPI_MspInit
 .text.NMI_Handler
                0x08002b74        0x8 ./Core/Src/stm32wbxx_it.o
                0x08002b74                NMI_Handler
 .text.HardFault_Handler
                0x08002b7c        0x8 ./Core/Src/stm32wbxx_it.o
                0x08002b7c                HardFault_Handler
 .text.MemManage_Handler
                0x08002b84        0x8 ./Core/Src/stm32wbxx_it.o
                0x08002b84                MemManage_Handler
 .text.BusFault_Handler
                0x08002b8c        0x8 ./Core/Src/stm32wbxx_it.o
                0x08002b8c                BusFault_Handler
 .text.UsageFault_Handler
                0x08002b94        0x8 ./Core/Src/stm32wbxx_it.o
                0x08002b94                UsageFault_Handler
 .text.SVC_Handler
                0x08002b9c        0xe ./Core/Src/stm32wbxx_it.o
                0x08002b9c                SVC_Handler
 .text.DebugMon_Handler
                0x08002baa        0xe ./Core/Src/stm32wbxx_it.o
                0x08002baa                DebugMon_Handler
 .text.PendSV_Handler
                0x08002bb8        0xe ./Core/Src/stm32wbxx_it.o
                0x08002bb8                PendSV_Handler
 .text.SysTick_Handler
                0x08002bc6        0xc ./Core/Src/stm32wbxx_it.o
                0x08002bc6                SysTick_Handler
 .text.RTC_WKUP_IRQHandler
                0x08002bd2        0xc ./Core/Src/stm32wbxx_it.o
                0x08002bd2                RTC_WKUP_IRQHandler
 .text.IPCC_C1_RX_IRQHandler
                0x08002bde        0xc ./Core/Src/stm32wbxx_it.o
                0x08002bde                IPCC_C1_RX_IRQHandler
 .text.IPCC_C1_TX_IRQHandler
                0x08002bea        0xc ./Core/Src/stm32wbxx_it.o
                0x08002bea                IPCC_C1_TX_IRQHandler
 .text.HSEM_IRQHandler
                0x08002bf6        0xc ./Core/Src/stm32wbxx_it.o
                0x08002bf6                HSEM_IRQHandler
 *fill*         0x08002c02        0x2 
 .text.SystemInit
                0x08002c04       0x9c ./Core/Src/system_stm32wbxx.o
                0x08002c04                SystemInit
 .text.data_initializers
                0x08002ca0       0x18 ./Core/Startup/startup_stm32wb1mmchx.o
 .text.Reset_Handler
                0x08002cb8       0x58 ./Core/Startup/startup_stm32wb1mmchx.o
                0x08002cb8                Reset_Handler
 .text.Default_Handler
                0x08002d10        0x2 ./Core/Startup/startup_stm32wb1mmchx.o
                0x08002d10                RTC_Alarm_IRQHandler
                0x08002d10                EXTI2_IRQHandler
                0x08002d10                TIM1_CC_IRQHandler
                0x08002d10                TSC_IRQHandler
                0x08002d10                EXTI3_IRQHandler
                0x08002d10                LPTIM2_IRQHandler
                0x08002d10                EXTI0_IRQHandler
                0x08002d10                FPU_IRQHandler
                0x08002d10                SPI1_IRQHandler
                0x08002d10                DMA1_Channel4_IRQHandler
                0x08002d10                ADC1_IRQHandler
                0x08002d10                PWR_SOTF_BLEACT_RFPHASE_IRQHandler
                0x08002d10                PKA_IRQHandler
                0x08002d10                DMA1_Channel7_IRQHandler
                0x08002d10                I2C1_EV_IRQHandler
                0x08002d10                DMAMUX1_OVR_IRQHandler
                0x08002d10                DMA1_Channel6_IRQHandler
                0x08002d10                RCC_IRQHandler
                0x08002d10                TIM1_TRG_COM_IRQHandler
                0x08002d10                DMA1_Channel1_IRQHandler
                0x08002d10                Default_Handler
                0x08002d10                EXTI15_10_IRQHandler
                0x08002d10                C2SEV_PWR_C2H_IRQHandler
                0x08002d10                AES2_IRQHandler
                0x08002d10                EXTI9_5_IRQHandler
                0x08002d10                PVD_PVM_IRQHandler
                0x08002d10                DMA1_Channel5_IRQHandler
                0x08002d10                EXTI4_IRQHandler
                0x08002d10                RNG_IRQHandler
                0x08002d10                TAMP_STAMP_LSECSS_IRQHandler
                0x08002d10                DMA1_Channel3_IRQHandler
                0x08002d10                COMP_IRQHandler
                0x08002d10                TIM1_UP_IRQHandler
                0x08002d10                WWDG_IRQHandler
                0x08002d10                LPUART1_IRQHandler
                0x08002d10                TIM2_IRQHandler
                0x08002d10                TIM1_BRK_IRQHandler
                0x08002d10                EXTI1_IRQHandler
                0x08002d10                DMA1_Channel2_IRQHandler
                0x08002d10                FLASH_IRQHandler
                0x08002d10                USART1_IRQHandler
                0x08002d10                I2C1_ER_IRQHandler
                0x08002d10                LPTIM1_IRQHandler
 *fill*         0x08002d12        0x2 
 .text.LL_DBGMCU_EnableDBGSleepMode
                0x08002d14       0x20 ./Drivers/STM32WBxx_HAL_Driver/Src/stm32wbxx_hal.o
 .text.LL_DBGMCU_EnableDBGStopMode
                0x08002d34       0x20 ./Drivers/STM32WBxx_HAL_Driver/Src/stm32wbxx_hal.o
 .text.HAL_Init
                0x08002d54       0x40 ./Drivers/STM32WBxx_HAL_Driver/Src/stm32wbxx_hal.o
                0x08002d54                HAL_Init
 .text.HAL_InitTick
                0x08002d94       0x74 ./Drivers/STM32WBxx_HAL_Driver/Src/stm32wbxx_hal.o
                0x08002d94                HAL_InitTick
 .text.HAL_IncTick
                0x08002e08       0x28 ./Drivers/STM32WBxx_HAL_Driver/Src/stm32wbxx_hal.o
                0x08002e08                HAL_IncTick
 .text.HAL_GetTick
                0x08002e30       0x18 ./Drivers/STM32WBxx_HAL_Driver/Src/stm32wbxx_hal.o
                0x08002e30                HAL_GetTick
 .text.HAL_GetTickPrio
                0x08002e48       0x18 ./Drivers/STM32WBxx_HAL_Driver/Src/stm32wbxx_hal.o
                0x08002e48                HAL_GetTickPrio
 .text.HAL_GetTickFreq
                0x08002e60       0x18 ./Drivers/STM32WBxx_HAL_Driver/Src/stm32wbxx_hal.o
                0x08002e60                HAL_GetTickFreq
 .text.HAL_SuspendTick
                0x08002e78       0x20 ./Drivers/STM32WBxx_HAL_Driver/Src/stm32wbxx_hal.o
                0x08002e78                HAL_SuspendTick
 .text.HAL_ResumeTick
                0x08002e98       0x20 ./Drivers/STM32WBxx_HAL_Driver/Src/stm32wbxx_hal.o
                0x08002e98                HAL_ResumeTick
 .text.HAL_DBGMCU_EnableDBGSleepMode
                0x08002eb8        0xc ./Drivers/STM32WBxx_HAL_Driver/Src/stm32wbxx_hal.o
                0x08002eb8                HAL_DBGMCU_EnableDBGSleepMode
 .text.HAL_DBGMCU_EnableDBGStopMode
                0x08002ec4        0xc ./Drivers/STM32WBxx_HAL_Driver/Src/stm32wbxx_hal.o
                0x08002ec4                HAL_DBGMCU_EnableDBGStopMode
 .text.__NVIC_SetPriorityGrouping
                0x08002ed0       0x48 ./Drivers/STM32WBxx_HAL_Driver/Src/stm32wbxx_hal_cortex.o
 .text.__NVIC_GetPriorityGrouping
                0x08002f18       0x1c ./Drivers/STM32WBxx_HAL_Driver/Src/stm32wbxx_hal_cortex.o
 .text.__NVIC_EnableIRQ
                0x08002f34       0x3c ./Drivers/STM32WBxx_HAL_Driver/Src/stm32wbxx_hal_cortex.o
 .text.__NVIC_DisableIRQ
                0x08002f70       0x48 ./Drivers/STM32WBxx_HAL_Driver/Src/stm32wbxx_hal_cortex.o
 .text.__NVIC_SetPendingIRQ
                0x08002fb8       0x3c ./Drivers/STM32WBxx_HAL_Driver/Src/stm32wbxx_hal_cortex.o
 .text.__NVIC_ClearPendingIRQ
                0x08002ff4       0x3c ./Drivers/STM32WBxx_HAL_Driver/Src/stm32wbxx_hal_cortex.o
 .text.__NVIC_SetPriority
                0x08003030       0x54 ./Drivers/STM32WBxx_HAL_Driver/Src/stm32wbxx_hal_cortex.o
 .text.NVIC_EncodePriority
                0x08003084       0x66 ./Drivers/STM32WBxx_HAL_Driver/Src/stm32wbxx_hal_cortex.o
 *fill*         0x080030ea        0x2 
 .text.SysTick_Config
                0x080030ec       0x44 ./Drivers/STM32WBxx_HAL_Driver/Src/stm32wbxx_hal_cortex.o
 .text.HAL_NVIC_SetPriorityGrouping
                0x08003130       0x16 ./Drivers/STM32WBxx_HAL_Driver/Src/stm32wbxx_hal_cortex.o
                0x08003130                HAL_NVIC_SetPriorityGrouping
 .text.HAL_NVIC_SetPriority
                0x08003146       0x34 ./Drivers/STM32WBxx_HAL_Driver/Src/stm32wbxx_hal_cortex.o
                0x08003146                HAL_NVIC_SetPriority
 .text.HAL_NVIC_EnableIRQ
                0x0800317a       0x1c ./Drivers/STM32WBxx_HAL_Driver/Src/stm32wbxx_hal_cortex.o
                0x0800317a                HAL_NVIC_EnableIRQ
 .text.HAL_NVIC_DisableIRQ
                0x08003196       0x1c ./Drivers/STM32WBxx_HAL_Driver/Src/stm32wbxx_hal_cortex.o
                0x08003196                HAL_NVIC_DisableIRQ
 .text.HAL_SYSTICK_Config
                0x080031b2       0x18 ./Drivers/STM32WBxx_HAL_Driver/Src/stm32wbxx_hal_cortex.o
                0x080031b2                HAL_SYSTICK_Config
 .text.HAL_NVIC_SetPendingIRQ
                0x080031ca       0x1c ./Drivers/STM32WBxx_HAL_Driver/Src/stm32wbxx_hal_cortex.o
                0x080031ca                HAL_NVIC_SetPendingIRQ
 .text.HAL_NVIC_ClearPendingIRQ
                0x080031e6       0x1c ./Drivers/STM32WBxx_HAL_Driver/Src/stm32wbxx_hal_cortex.o
                0x080031e6                HAL_NVIC_ClearPendingIRQ
 *fill*         0x08003202        0x2 
 .text.HAL_GPIO_Init
                0x08003204      0x2d0 ./Drivers/STM32WBxx_HAL_Driver/Src/stm32wbxx_hal_gpio.o
                0x08003204                HAL_GPIO_Init
 .text.HAL_GPIO_WritePin
                0x080034d4       0x30 ./Drivers/STM32WBxx_HAL_Driver/Src/stm32wbxx_hal_gpio.o
                0x080034d4                HAL_GPIO_WritePin
 .text.HAL_HSEM_IRQHandler
                0x08003504       0x34 ./Drivers/STM32WBxx_HAL_Driver/Src/stm32wbxx_hal_hsem.o
                0x08003504                HAL_HSEM_IRQHandler
 .text.HAL_HSEM_FreeCallback
                0x08003538       0x14 ./Drivers/STM32WBxx_HAL_Driver/Src/stm32wbxx_hal_hsem.o
                0x08003538                HAL_HSEM_FreeCallback
 .text.HAL_IPCC_Init
                0x0800354c       0x64 ./Drivers/STM32WBxx_HAL_Driver/Src/stm32wbxx_hal_ipcc.o
                0x0800354c                HAL_IPCC_Init
 .text.HAL_IPCC_RxCallback
                0x080035b0       0x1a ./Drivers/STM32WBxx_HAL_Driver/Src/stm32wbxx_hal_ipcc.o
                0x080035b0                HAL_IPCC_RxCallback
 .text.HAL_IPCC_TxCallback
                0x080035ca       0x1a ./Drivers/STM32WBxx_HAL_Driver/Src/stm32wbxx_hal_ipcc.o
                0x080035ca                HAL_IPCC_TxCallback
 .text.IPCC_SetDefaultCallbacks
                0x080035e4       0x4c ./Drivers/STM32WBxx_HAL_Driver/Src/stm32wbxx_hal_ipcc.o
                0x080035e4                IPCC_SetDefaultCallbacks
 .text.IPCC_Reset_Register
                0x08003630       0x28 ./Drivers/STM32WBxx_HAL_Driver/Src/stm32wbxx_hal_ipcc.o
                0x08003630                IPCC_Reset_Register
 .text.LL_APB1_GRP1_ForceReset
                0x08003658       0x24 ./Drivers/STM32WBxx_HAL_Driver/Src/stm32wbxx_hal_lptim.o
 .text.LL_APB1_GRP2_ForceReset
                0x0800367c       0x24 ./Drivers/STM32WBxx_HAL_Driver/Src/stm32wbxx_hal_lptim.o
 .text.LL_APB1_GRP1_ReleaseReset
                0x080036a0       0x26 ./Drivers/STM32WBxx_HAL_Driver/Src/stm32wbxx_hal_lptim.o
 .text.LL_APB1_GRP2_ReleaseReset
                0x080036c6       0x26 ./Drivers/STM32WBxx_HAL_Driver/Src/stm32wbxx_hal_lptim.o
 .text.HAL_LPTIM_Init
                0x080036ec      0x13c ./Drivers/STM32WBxx_HAL_Driver/Src/stm32wbxx_hal_lptim.o
                0x080036ec                HAL_LPTIM_Init
 .text.HAL_LPTIM_Counter_Start_IT
                0x08003828      0x104 ./Drivers/STM32WBxx_HAL_Driver/Src/stm32wbxx_hal_lptim.o
                0x08003828                HAL_LPTIM_Counter_Start_IT
 .text.HAL_LPTIM_GetState
                0x0800392c       0x1c ./Drivers/STM32WBxx_HAL_Driver/Src/stm32wbxx_hal_lptim.o
                0x0800392c                HAL_LPTIM_GetState
 .text.LPTIM_WaitForFlag
                0x08003948       0x60 ./Drivers/STM32WBxx_HAL_Driver/Src/stm32wbxx_hal_lptim.o
 .text.LPTIM_Disable
                0x080039a8      0x140 ./Drivers/STM32WBxx_HAL_Driver/Src/stm32wbxx_hal_lptim.o
                0x080039a8                LPTIM_Disable
 .text.HAL_PWR_EnableBkUpAccess
                0x08003ae8       0x20 ./Drivers/STM32WBxx_HAL_Driver/Src/stm32wbxx_hal_pwr.o
                0x08003ae8                HAL_PWR_EnableBkUpAccess
 .text.LL_PWR_EnableSRAM2Retention
                0x08003b08       0x20 ./Drivers/STM32WBxx_HAL_Driver/Src/stm32wbxx_hal_pwr_ex.o
 .text.HAL_PWREx_EnableSRAMRetention
                0x08003b28        0xc ./Drivers/STM32WBxx_HAL_Driver/Src/stm32wbxx_hal_pwr_ex.o
                0x08003b28                HAL_PWREx_EnableSRAMRetention
 .text.HAL_PWREx_GetWakeupFlag
                0x08003b34       0x2c ./Drivers/STM32WBxx_HAL_Driver/Src/stm32wbxx_hal_pwr_ex.o
                0x08003b34                HAL_PWREx_GetWakeupFlag
 .text.HAL_PWREx_ClearWakeupFlag
                0x08003b60       0x44 ./Drivers/STM32WBxx_HAL_Driver/Src/stm32wbxx_hal_pwr_ex.o
                0x08003b60                HAL_PWREx_ClearWakeupFlag
 .text.LL_RCC_HSE_IsEnabledDiv2
                0x08003ba4       0x24 ./Drivers/STM32WBxx_HAL_Driver/Src/stm32wbxx_hal_rcc.o
 .text.LL_RCC_HSE_Enable
                0x08003bc8       0x1e ./Drivers/STM32WBxx_HAL_Driver/Src/stm32wbxx_hal_rcc.o
 .text.LL_RCC_HSE_Disable
                0x08003be6       0x1e ./Drivers/STM32WBxx_HAL_Driver/Src/stm32wbxx_hal_rcc.o
 .text.LL_RCC_HSE_IsReady
                0x08003c04       0x24 ./Drivers/STM32WBxx_HAL_Driver/Src/stm32wbxx_hal_rcc.o
 .text.LL_RCC_HSI_Enable
                0x08003c28       0x1e ./Drivers/STM32WBxx_HAL_Driver/Src/stm32wbxx_hal_rcc.o
 .text.LL_RCC_HSI_Disable
                0x08003c46       0x1e ./Drivers/STM32WBxx_HAL_Driver/Src/stm32wbxx_hal_rcc.o
 .text.LL_RCC_HSI_IsReady
                0x08003c64       0x24 ./Drivers/STM32WBxx_HAL_Driver/Src/stm32wbxx_hal_rcc.o
 .text.LL_RCC_HSI_SetCalibTrimming
                0x08003c88       0x2a ./Drivers/STM32WBxx_HAL_Driver/Src/stm32wbxx_hal_rcc.o
 .text.LL_RCC_LSE_Enable
                0x08003cb2       0x22 ./Drivers/STM32WBxx_HAL_Driver/Src/stm32wbxx_hal_rcc.o
 .text.LL_RCC_LSE_Disable
                0x08003cd4       0x22 ./Drivers/STM32WBxx_HAL_Driver/Src/stm32wbxx_hal_rcc.o
 .text.LL_RCC_LSE_EnableBypass
                0x08003cf6       0x22 ./Drivers/STM32WBxx_HAL_Driver/Src/stm32wbxx_hal_rcc.o
 .text.LL_RCC_LSE_DisableBypass
                0x08003d18       0x22 ./Drivers/STM32WBxx_HAL_Driver/Src/stm32wbxx_hal_rcc.o
 .text.LL_RCC_LSE_IsReady
                0x08003d3a       0x24 ./Drivers/STM32WBxx_HAL_Driver/Src/stm32wbxx_hal_rcc.o
 .text.LL_RCC_LSI1_Enable
                0x08003d5e       0x22 ./Drivers/STM32WBxx_HAL_Driver/Src/stm32wbxx_hal_rcc.o
 .text.LL_RCC_LSI1_Disable
                0x08003d80       0x22 ./Drivers/STM32WBxx_HAL_Driver/Src/stm32wbxx_hal_rcc.o
 .text.LL_RCC_LSI1_IsReady
                0x08003da2       0x24 ./Drivers/STM32WBxx_HAL_Driver/Src/stm32wbxx_hal_rcc.o
 .text.LL_RCC_LSI2_Enable
                0x08003dc6       0x22 ./Drivers/STM32WBxx_HAL_Driver/Src/stm32wbxx_hal_rcc.o
 .text.LL_RCC_LSI2_Disable
                0x08003de8       0x22 ./Drivers/STM32WBxx_HAL_Driver/Src/stm32wbxx_hal_rcc.o
 .text.LL_RCC_LSI2_IsReady
                0x08003e0a       0x24 ./Drivers/STM32WBxx_HAL_Driver/Src/stm32wbxx_hal_rcc.o
 .text.LL_RCC_LSI2_SetTrimming
                0x08003e2e       0x2e ./Drivers/STM32WBxx_HAL_Driver/Src/stm32wbxx_hal_rcc.o
 .text.LL_RCC_MSI_Enable
                0x08003e5c       0x1e ./Drivers/STM32WBxx_HAL_Driver/Src/stm32wbxx_hal_rcc.o
 .text.LL_RCC_MSI_Disable
                0x08003e7a       0x1e ./Drivers/STM32WBxx_HAL_Driver/Src/stm32wbxx_hal_rcc.o
 .text.LL_RCC_MSI_IsReady
                0x08003e98       0x22 ./Drivers/STM32WBxx_HAL_Driver/Src/stm32wbxx_hal_rcc.o
 .text.LL_RCC_MSI_SetRange
                0x08003eba       0x28 ./Drivers/STM32WBxx_HAL_Driver/Src/stm32wbxx_hal_rcc.o
 .text.LL_RCC_MSI_GetRange
                0x08003ee2       0x2a ./Drivers/STM32WBxx_HAL_Driver/Src/stm32wbxx_hal_rcc.o
 .text.LL_RCC_MSI_SetCalibTrimming
                0x08003f0c       0x2a ./Drivers/STM32WBxx_HAL_Driver/Src/stm32wbxx_hal_rcc.o
 .text.LL_RCC_SetSysClkSource
                0x08003f36       0x28 ./Drivers/STM32WBxx_HAL_Driver/Src/stm32wbxx_hal_rcc.o
 .text.LL_RCC_GetSysClkSource
                0x08003f5e       0x18 ./Drivers/STM32WBxx_HAL_Driver/Src/stm32wbxx_hal_rcc.o
 .text.LL_RCC_SetAHBPrescaler
                0x08003f76       0x28 ./Drivers/STM32WBxx_HAL_Driver/Src/stm32wbxx_hal_rcc.o
 .text.LL_C2_RCC_SetAHBPrescaler
                0x08003f9e       0x2c ./Drivers/STM32WBxx_HAL_Driver/Src/stm32wbxx_hal_rcc.o
 .text.LL_RCC_SetAHB4Prescaler
                0x08003fca       0x2e ./Drivers/STM32WBxx_HAL_Driver/Src/stm32wbxx_hal_rcc.o
 .text.LL_RCC_SetAPB1Prescaler
                0x08003ff8       0x28 ./Drivers/STM32WBxx_HAL_Driver/Src/stm32wbxx_hal_rcc.o
 .text.LL_RCC_SetAPB2Prescaler
                0x08004020       0x28 ./Drivers/STM32WBxx_HAL_Driver/Src/stm32wbxx_hal_rcc.o
 .text.LL_RCC_GetAHBPrescaler
                0x08004048       0x18 ./Drivers/STM32WBxx_HAL_Driver/Src/stm32wbxx_hal_rcc.o
 .text.LL_RCC_GetAHB4Prescaler
                0x08004060       0x1c ./Drivers/STM32WBxx_HAL_Driver/Src/stm32wbxx_hal_rcc.o
 .text.LL_RCC_PLL_Enable
                0x0800407c       0x1e ./Drivers/STM32WBxx_HAL_Driver/Src/stm32wbxx_hal_rcc.o
 .text.LL_RCC_PLL_Disable
                0x0800409a       0x1e ./Drivers/STM32WBxx_HAL_Driver/Src/stm32wbxx_hal_rcc.o
 .text.LL_RCC_PLL_IsReady
                0x080040b8       0x24 ./Drivers/STM32WBxx_HAL_Driver/Src/stm32wbxx_hal_rcc.o
 .text.LL_RCC_PLL_GetN
                0x080040dc       0x1a ./Drivers/STM32WBxx_HAL_Driver/Src/stm32wbxx_hal_rcc.o
 .text.LL_RCC_PLL_GetR
                0x080040f6       0x18 ./Drivers/STM32WBxx_HAL_Driver/Src/stm32wbxx_hal_rcc.o
 .text.LL_RCC_PLL_GetDivider
                0x0800410e       0x18 ./Drivers/STM32WBxx_HAL_Driver/Src/stm32wbxx_hal_rcc.o
 .text.LL_RCC_PLL_GetMainSource
                0x08004126       0x18 ./Drivers/STM32WBxx_HAL_Driver/Src/stm32wbxx_hal_rcc.o
 .text.LL_RCC_IsActiveFlag_HPRE
                0x0800413e       0x24 ./Drivers/STM32WBxx_HAL_Driver/Src/stm32wbxx_hal_rcc.o
 .text.LL_RCC_IsActiveFlag_C2HPRE
                0x08004162       0x26 ./Drivers/STM32WBxx_HAL_Driver/Src/stm32wbxx_hal_rcc.o
 .text.LL_RCC_IsActiveFlag_SHDHPRE
                0x08004188       0x26 ./Drivers/STM32WBxx_HAL_Driver/Src/stm32wbxx_hal_rcc.o
 .text.LL_RCC_IsActiveFlag_PPRE1
                0x080041ae       0x24 ./Drivers/STM32WBxx_HAL_Driver/Src/stm32wbxx_hal_rcc.o
 .text.LL_RCC_IsActiveFlag_PPRE2
                0x080041d2       0x24 ./Drivers/STM32WBxx_HAL_Driver/Src/stm32wbxx_hal_rcc.o
 *fill*         0x080041f6        0x2 
 .text.HAL_RCC_OscConfig
                0x080041f8      0x66c ./Drivers/STM32WBxx_HAL_Driver/Src/stm32wbxx_hal_rcc.o
                0x080041f8                HAL_RCC_OscConfig
 .text.HAL_RCC_ClockConfig
                0x08004864      0x280 ./Drivers/STM32WBxx_HAL_Driver/Src/stm32wbxx_hal_rcc.o
                0x08004864                HAL_RCC_ClockConfig
 .text.HAL_RCC_GetSysClockFreq
                0x08004ae4       0xd8 ./Drivers/STM32WBxx_HAL_Driver/Src/stm32wbxx_hal_rcc.o
                0x08004ae4                HAL_RCC_GetSysClockFreq
 .text.HAL_RCC_GetHCLKFreq
                0x08004bbc       0x28 ./Drivers/STM32WBxx_HAL_Driver/Src/stm32wbxx_hal_rcc.o
                0x08004bbc                HAL_RCC_GetHCLKFreq
 .text.RCC_SetFlashLatencyFromMSIRange
                0x08004be4       0x6c ./Drivers/STM32WBxx_HAL_Driver/Src/stm32wbxx_hal_rcc.o
 .text.RCC_SetFlashLatency
                0x08004c50       0xa8 ./Drivers/STM32WBxx_HAL_Driver/Src/stm32wbxx_hal_rcc.o
 .text.LL_RCC_LSE_IsEnabled
                0x08004cf8       0x24 ./Drivers/STM32WBxx_HAL_Driver/Src/stm32wbxx_hal_rcc_ex.o
 .text.LL_RCC_LSE_IsReady
                0x08004d1c       0x24 ./Drivers/STM32WBxx_HAL_Driver/Src/stm32wbxx_hal_rcc_ex.o
 .text.LL_RCC_SetRFWKPClockSource
                0x08004d40       0x2c ./Drivers/STM32WBxx_HAL_Driver/Src/stm32wbxx_hal_rcc_ex.o
 .text.LL_RCC_SetSMPSClockSource
                0x08004d6c       0x28 ./Drivers/STM32WBxx_HAL_Driver/Src/stm32wbxx_hal_rcc_ex.o
 .text.LL_RCC_SetSMPSPrescaler
                0x08004d94       0x28 ./Drivers/STM32WBxx_HAL_Driver/Src/stm32wbxx_hal_rcc_ex.o
 .text.LL_RCC_SetUSARTClockSource
                0x08004dbc       0x2c ./Drivers/STM32WBxx_HAL_Driver/Src/stm32wbxx_hal_rcc_ex.o
 .text.LL_RCC_SetLPUARTClockSource
                0x08004de8       0x2c ./Drivers/STM32WBxx_HAL_Driver/Src/stm32wbxx_hal_rcc_ex.o
 .text.LL_RCC_SetI2CClockSource
                0x08004e14       0x3a ./Drivers/STM32WBxx_HAL_Driver/Src/stm32wbxx_hal_rcc_ex.o
 .text.LL_RCC_SetLPTIMClockSource
                0x08004e4e       0x34 ./Drivers/STM32WBxx_HAL_Driver/Src/stm32wbxx_hal_rcc_ex.o
 .text.LL_RCC_SetRNGClockSource
                0x08004e82       0x2c ./Drivers/STM32WBxx_HAL_Driver/Src/stm32wbxx_hal_rcc_ex.o
 .text.LL_RCC_SetCLK48ClockSource
                0x08004eae       0x2c ./Drivers/STM32WBxx_HAL_Driver/Src/stm32wbxx_hal_rcc_ex.o
 .text.LL_RCC_SetADCClockSource
                0x08004eda       0x2c ./Drivers/STM32WBxx_HAL_Driver/Src/stm32wbxx_hal_rcc_ex.o
 .text.LL_RCC_SetRTCClockSource
                0x08004f06       0x2c ./Drivers/STM32WBxx_HAL_Driver/Src/stm32wbxx_hal_rcc_ex.o
 .text.LL_RCC_GetRTCClockSource
                0x08004f32       0x1a ./Drivers/STM32WBxx_HAL_Driver/Src/stm32wbxx_hal_rcc_ex.o
 .text.LL_RCC_ForceBackupDomainReset
                0x08004f4c       0x22 ./Drivers/STM32WBxx_HAL_Driver/Src/stm32wbxx_hal_rcc_ex.o
 .text.LL_RCC_ReleaseBackupDomainReset
                0x08004f6e       0x22 ./Drivers/STM32WBxx_HAL_Driver/Src/stm32wbxx_hal_rcc_ex.o
 .text.HAL_RCCEx_PeriphCLKConfig
                0x08004f90      0x1ec ./Drivers/STM32WBxx_HAL_Driver/Src/stm32wbxx_hal_rcc_ex.o
                0x08004f90                HAL_RCCEx_PeriphCLKConfig
 .text.HAL_RTC_Init
                0x0800517c      0x10e ./Drivers/STM32WBxx_HAL_Driver/Src/stm32wbxx_hal_rtc.o
                0x0800517c                HAL_RTC_Init
 *fill*         0x0800528a        0x2 
 .text.HAL_RTC_WaitForSynchro
                0x0800528c       0x4c ./Drivers/STM32WBxx_HAL_Driver/Src/stm32wbxx_hal_rtc.o
                0x0800528c                HAL_RTC_WaitForSynchro
 .text.RTC_EnterInitMode
                0x080052d8       0x70 ./Drivers/STM32WBxx_HAL_Driver/Src/stm32wbxx_hal_rtc.o
                0x080052d8                RTC_EnterInitMode
 .text.RTC_ExitInitMode
                0x08005348       0x4c ./Drivers/STM32WBxx_HAL_Driver/Src/stm32wbxx_hal_rtc.o
                0x08005348                RTC_ExitInitMode
 .text.HAL_RTCEx_SetWakeUpTimer_IT
                0x08005394      0x198 ./Drivers/STM32WBxx_HAL_Driver/Src/stm32wbxx_hal_rtc_ex.o
                0x08005394                HAL_RTCEx_SetWakeUpTimer_IT
 .text.HAL_SPI_Init
                0x0800552c      0x146 ./Drivers/STM32WBxx_HAL_Driver/Src/stm32wbxx_hal_spi.o
                0x0800552c                HAL_SPI_Init
 .text.HAL_SPI_Transmit
                0x08005672      0x2ec ./Drivers/STM32WBxx_HAL_Driver/Src/stm32wbxx_hal_spi.o
                0x08005672                HAL_SPI_Transmit
 .text.HAL_SPI_Receive
                0x0800595e      0x270 ./Drivers/STM32WBxx_HAL_Driver/Src/stm32wbxx_hal_spi.o
                0x0800595e                HAL_SPI_Receive
 .text.HAL_SPI_TransmitReceive
                0x08005bce      0x43e ./Drivers/STM32WBxx_HAL_Driver/Src/stm32wbxx_hal_spi.o
                0x08005bce                HAL_SPI_TransmitReceive
 .text.SPI_WaitFlagStateUntilTimeout
                0x0800600c      0x110 ./Drivers/STM32WBxx_HAL_Driver/Src/stm32wbxx_hal_spi.o
 .text.SPI_WaitFifoStateUntilTimeout
                0x0800611c      0x12c ./Drivers/STM32WBxx_HAL_Driver/Src/stm32wbxx_hal_spi.o
 .text.SPI_EndRxTransaction
                0x08006248       0xb0 ./Drivers/STM32WBxx_HAL_Driver/Src/stm32wbxx_hal_spi.o
 .text.SPI_EndRxTxTransaction
                0x080062f8       0x8c ./Drivers/STM32WBxx_HAL_Driver/Src/stm32wbxx_hal_spi.o
 .text.aci_gap_set_non_discoverable
                0x08006384       0x48 ./Middlewares/ST/STM32_WPAN/ble/core/auto/ble_gap_aci.o
                0x08006384                aci_gap_set_non_discoverable
 .text.aci_gap_set_discoverable
                0x080063cc      0x1f4 ./Middlewares/ST/STM32_WPAN/ble/core/auto/ble_gap_aci.o
                0x080063cc                aci_gap_set_discoverable
 .text.aci_gap_set_io_capability
                0x080065c0       0xa8 ./Middlewares/ST/STM32_WPAN/ble/core/auto/ble_gap_aci.o
                0x080065c0                aci_gap_set_io_capability
 .text.aci_gap_set_authentication_requirement
                0x08006668      0x188 ./Middlewares/ST/STM32_WPAN/ble/core/auto/ble_gap_aci.o
                0x08006668                aci_gap_set_authentication_requirement
 .text.aci_gap_pass_key_resp
                0x080067f0       0xce ./Middlewares/ST/STM32_WPAN/ble/core/auto/ble_gap_aci.o
                0x080067f0                aci_gap_pass_key_resp
 .text.aci_gap_init
                0x080068be      0x15a ./Middlewares/ST/STM32_WPAN/ble/core/auto/ble_gap_aci.o
                0x080068be                aci_gap_init
 .text.aci_gap_update_adv_data
                0x08006a18       0xe4 ./Middlewares/ST/STM32_WPAN/ble/core/auto/ble_gap_aci.o
                0x08006a18                aci_gap_update_adv_data
 .text.aci_gap_configure_filter_accept_list
                0x08006afc       0x48 ./Middlewares/ST/STM32_WPAN/ble/core/auto/ble_gap_aci.o
                0x08006afc                aci_gap_configure_filter_accept_list
 .text.aci_gap_terminate
                0x08006b44       0xd4 ./Middlewares/ST/STM32_WPAN/ble/core/auto/ble_gap_aci.o
                0x08006b44                aci_gap_terminate
 .text.aci_gap_numeric_comparison_value_confirm_yesno
                0x08006c18       0xce ./Middlewares/ST/STM32_WPAN/ble/core/auto/ble_gap_aci.o
                0x08006c18                aci_gap_numeric_comparison_value_confirm_yesno
 .text.aci_gatt_init
                0x08006ce6       0x4a ./Middlewares/ST/STM32_WPAN/ble/core/auto/ble_gatt_aci.o
                0x08006ce6                aci_gatt_init
 .text.aci_gatt_add_service
                0x08006d30      0x1ac ./Middlewares/ST/STM32_WPAN/ble/core/auto/ble_gatt_aci.o
                0x08006d30                aci_gatt_add_service
 .text.aci_gatt_add_char
                0x08006edc      0x210 ./Middlewares/ST/STM32_WPAN/ble/core/auto/ble_gatt_aci.o
                0x08006edc                aci_gatt_add_char
 .text.aci_gatt_update_char_value
                0x080070ec      0x152 ./Middlewares/ST/STM32_WPAN/ble/core/auto/ble_gatt_aci.o
                0x080070ec                aci_gatt_update_char_value
 .text.aci_gatt_confirm_indication
                0x0800723e       0xaa ./Middlewares/ST/STM32_WPAN/ble/core/auto/ble_gatt_aci.o
                0x0800723e                aci_gatt_confirm_indication
 .text.aci_gatt_allow_read
                0x080072e8       0xaa ./Middlewares/ST/STM32_WPAN/ble/core/auto/ble_gatt_aci.o
                0x080072e8                aci_gatt_allow_read
 .text.aci_hal_write_config_data
                0x08007392      0x10a ./Middlewares/ST/STM32_WPAN/ble/core/auto/ble_hal_aci.o
                0x08007392                aci_hal_write_config_data
 .text.aci_hal_set_tx_power_level
                0x0800749c       0xce ./Middlewares/ST/STM32_WPAN/ble/core/auto/ble_hal_aci.o
                0x0800749c                aci_hal_set_tx_power_level
 .text.aci_hal_set_radio_activity_mask
                0x0800756a       0xa8 ./Middlewares/ST/STM32_WPAN/ble/core/auto/ble_hal_aci.o
                0x0800756a                aci_hal_set_radio_activity_mask
 .text.hci_reset
                0x08007612       0x48 ./Middlewares/ST/STM32_WPAN/ble/core/auto/ble_hci_le.o
                0x08007612                hci_reset
 .text.hci_le_set_default_phy
                0x0800765a       0xfa ./Middlewares/ST/STM32_WPAN/ble/core/auto/ble_hci_le.o
                0x0800765a                hci_le_set_default_phy
 .text.Osal_MemCpy
                0x08007754       0x20 ./Middlewares/ST/STM32_WPAN/ble/core/template/osal.o
                0x08007754                Osal_MemCpy
 .text.Osal_MemSet
                0x08007774       0x20 ./Middlewares/ST/STM32_WPAN/ble/core/template/osal.o
                0x08007774                Osal_MemSet
 .text.BAS_Init
                0x08007794        0xe ./Middlewares/ST/STM32_WPAN/ble/svc/Src/svc_ctl.o
                0x08007794                BAS_Init
 .text.BLS_Init
                0x080077a2        0xe ./Middlewares/ST/STM32_WPAN/ble/svc/Src/svc_ctl.o
                0x080077a2                BLS_Init
 .text.CRS_STM_Init
                0x080077b0        0xe ./Middlewares/ST/STM32_WPAN/ble/svc/Src/svc_ctl.o
                0x080077b0                CRS_STM_Init
 .text.DIS_Init
                0x080077be        0xe ./Middlewares/ST/STM32_WPAN/ble/svc/Src/svc_ctl.o
                0x080077be                DIS_Init
 .text.EDS_STM_Init
                0x080077cc        0xe ./Middlewares/ST/STM32_WPAN/ble/svc/Src/svc_ctl.o
                0x080077cc                EDS_STM_Init
 .text.HIDS_Init
                0x080077da        0xe ./Middlewares/ST/STM32_WPAN/ble/svc/Src/svc_ctl.o
                0x080077da                HIDS_Init
 .text.HRS_Init
                0x080077e8        0xe ./Middlewares/ST/STM32_WPAN/ble/svc/Src/svc_ctl.o
                0x080077e8                HRS_Init
 .text.HTS_Init
                0x080077f6        0xe ./Middlewares/ST/STM32_WPAN/ble/svc/Src/svc_ctl.o
                0x080077f6                HTS_Init
 .text.IAS_Init
                0x08007804        0xe ./Middlewares/ST/STM32_WPAN/ble/svc/Src/svc_ctl.o
                0x08007804                IAS_Init
 .text.LLS_Init
                0x08007812        0xe ./Middlewares/ST/STM32_WPAN/ble/svc/Src/svc_ctl.o
                0x08007812                LLS_Init
 .text.TPS_Init
                0x08007820        0xe ./Middlewares/ST/STM32_WPAN/ble/svc/Src/svc_ctl.o
                0x08007820                TPS_Init
 .text.MOTENV_STM_Init
                0x0800782e        0xe ./Middlewares/ST/STM32_WPAN/ble/svc/Src/svc_ctl.o
                0x0800782e                MOTENV_STM_Init
 .text.P2PS_STM_Init
                0x0800783c        0xe ./Middlewares/ST/STM32_WPAN/ble/svc/Src/svc_ctl.o
                0x0800783c                P2PS_STM_Init
 .text.ZDD_STM_Init
                0x0800784a        0xe ./Middlewares/ST/STM32_WPAN/ble/svc/Src/svc_ctl.o
                0x0800784a                ZDD_STM_Init
 .text.OTAS_STM_Init
                0x08007858        0xe ./Middlewares/ST/STM32_WPAN/ble/svc/Src/svc_ctl.o
                0x08007858                OTAS_STM_Init
 .text.MESH_Init
                0x08007866        0xe ./Middlewares/ST/STM32_WPAN/ble/svc/Src/svc_ctl.o
                0x08007866                MESH_Init
 .text.BVOPUS_STM_Init
                0x08007874        0xe ./Middlewares/ST/STM32_WPAN/ble/svc/Src/svc_ctl.o
                0x08007874                BVOPUS_STM_Init
 *fill*         0x08007882        0x2 
 .text.SVCCTL_Init
                0x08007884       0x20 ./Middlewares/ST/STM32_WPAN/ble/svc/Src/svc_ctl.o
                0x08007884                SVCCTL_Init
 .text.SVCCTL_SvcInit
                0x080078a4       0x50 ./Middlewares/ST/STM32_WPAN/ble/svc/Src/svc_ctl.o
                0x080078a4                SVCCTL_SvcInit
 .text.SVCCTL_RegisterSvcHandler
                0x080078f4       0x34 ./Middlewares/ST/STM32_WPAN/ble/svc/Src/svc_ctl.o
                0x080078f4                SVCCTL_RegisterSvcHandler
 .text.SVCCTL_UserEvtRx
                0x08007928       0xa8 ./Middlewares/ST/STM32_WPAN/ble/svc/Src/svc_ctl.o
                0x08007928                SVCCTL_UserEvtRx
 .text.SHCI_C2_BLE_Init
                0x080079d0       0x2e ./Middlewares/ST/STM32_WPAN/interface/patterns/ble_thread/shci/shci.o
                0x080079d0                SHCI_C2_BLE_Init
 .text.SHCI_C2_DEBUG_Init
                0x080079fe       0x2e ./Middlewares/ST/STM32_WPAN/interface/patterns/ble_thread/shci/shci.o
                0x080079fe                SHCI_C2_DEBUG_Init
 .text.SHCI_C2_Config
                0x08007a2c       0x2a ./Middlewares/ST/STM32_WPAN/interface/patterns/ble_thread/shci/shci.o
                0x08007a2c                SHCI_C2_Config
 *fill*         0x08007a56        0x2 
 .text.SHCI_GetWirelessFwInfo
                0x08007a58      0x15c ./Middlewares/ST/STM32_WPAN/interface/patterns/ble_thread/shci/shci.o
                0x08007a58                SHCI_GetWirelessFwInfo
 .text.hci_init
                0x08007bb4       0x38 ./Middlewares/ST/STM32_WPAN/interface/patterns/ble_thread/tl/hci_tl.o
                0x08007bb4                hci_init
 .text.hci_user_evt_proc
                0x08007bec       0x9c ./Middlewares/ST/STM32_WPAN/interface/patterns/ble_thread/tl/hci_tl.o
                0x08007bec                hci_user_evt_proc
 .text.hci_send_req
                0x08007c88      0x108 ./Middlewares/ST/STM32_WPAN/interface/patterns/ble_thread/tl/hci_tl.o
                0x08007c88                hci_send_req
 .text.TlInit   0x08007d90       0x60 ./Middlewares/ST/STM32_WPAN/interface/patterns/ble_thread/tl/hci_tl.o
 .text.SendCmd  0x08007df0       0x4c ./Middlewares/ST/STM32_WPAN/interface/patterns/ble_thread/tl/hci_tl.o
 .text.NotifyCmdStatus
                0x08007e3c       0x40 ./Middlewares/ST/STM32_WPAN/interface/patterns/ble_thread/tl/hci_tl.o
 .text.TlEvtReceived
                0x08007e7c       0x48 ./Middlewares/ST/STM32_WPAN/interface/patterns/ble_thread/tl/hci_tl.o
 .text.hci_register_io_bus
                0x08007ec4       0x28 ./Middlewares/ST/STM32_WPAN/interface/patterns/ble_thread/tl/hci_tl_if.o
                0x08007ec4                hci_register_io_bus
 .text.shci_init
                0x08007eec       0x38 ./Middlewares/ST/STM32_WPAN/interface/patterns/ble_thread/tl/shci_tl.o
                0x08007eec                shci_init
 .text.shci_user_evt_proc
                0x08007f24       0x9c ./Middlewares/ST/STM32_WPAN/interface/patterns/ble_thread/tl/shci_tl.o
                0x08007f24                shci_user_evt_proc
 .text.shci_send
                0x08007fc0       0x84 ./Middlewares/ST/STM32_WPAN/interface/patterns/ble_thread/tl/shci_tl.o
                0x08007fc0                shci_send
 .text.TlInit   0x08008044       0x64 ./Middlewares/ST/STM32_WPAN/interface/patterns/ble_thread/tl/shci_tl.o
 .text.Cmd_SetStatus
                0x080080a8       0x50 ./Middlewares/ST/STM32_WPAN/interface/patterns/ble_thread/tl/shci_tl.o
 .text.TlCmdEvtReceived
                0x080080f8       0x16 ./Middlewares/ST/STM32_WPAN/interface/patterns/ble_thread/tl/shci_tl.o
 *fill*         0x0800810e        0x2 
 .text.TlUserEvtReceived
                0x08008110       0x24 ./Middlewares/ST/STM32_WPAN/interface/patterns/ble_thread/tl/shci_tl.o
 .text.shci_register_io_bus
                0x08008134       0x28 ./Middlewares/ST/STM32_WPAN/interface/patterns/ble_thread/tl/shci_tl_if.o
                0x08008134                shci_register_io_bus
 .text.TL_Enable
                0x0800815c        0xc ./Middlewares/ST/STM32_WPAN/interface/patterns/ble_thread/tl/tl_mbox.o
                0x0800815c                TL_Enable
 .text.TL_Init  0x08008168       0x74 ./Middlewares/ST/STM32_WPAN/interface/patterns/ble_thread/tl/tl_mbox.o
                0x08008168                TL_Init
 .text.TL_BLE_Init
                0x080081dc       0x68 ./Middlewares/ST/STM32_WPAN/interface/patterns/ble_thread/tl/tl_mbox.o
                0x080081dc                TL_BLE_Init
 .text.TL_BLE_SendCmd
                0x08008244       0x38 ./Middlewares/ST/STM32_WPAN/interface/patterns/ble_thread/tl/tl_mbox.o
                0x08008244                TL_BLE_SendCmd
 .text.HW_IPCC_BLE_RxEvtNot
                0x0800827c       0x60 ./Middlewares/ST/STM32_WPAN/interface/patterns/ble_thread/tl/tl_mbox.o
                0x0800827c                HW_IPCC_BLE_RxEvtNot
 .text.HW_IPCC_BLE_AclDataAckNot
                0x080082dc       0x14 ./Middlewares/ST/STM32_WPAN/interface/patterns/ble_thread/tl/tl_mbox.o
                0x080082dc                HW_IPCC_BLE_AclDataAckNot
 .text.TL_SYS_Init
                0x080082f0       0x54 ./Middlewares/ST/STM32_WPAN/interface/patterns/ble_thread/tl/tl_mbox.o
                0x080082f0                TL_SYS_Init
 .text.TL_SYS_SendCmd
                0x08008344       0x38 ./Middlewares/ST/STM32_WPAN/interface/patterns/ble_thread/tl/tl_mbox.o
                0x08008344                TL_SYS_SendCmd
 .text.HW_IPCC_SYS_CmdEvtNot
                0x0800837c       0x2c ./Middlewares/ST/STM32_WPAN/interface/patterns/ble_thread/tl/tl_mbox.o
                0x0800837c                HW_IPCC_SYS_CmdEvtNot
 .text.HW_IPCC_SYS_EvtNot
                0x080083a8       0x44 ./Middlewares/ST/STM32_WPAN/interface/patterns/ble_thread/tl/tl_mbox.o
                0x080083a8                HW_IPCC_SYS_EvtNot
 .text.TL_MM_Init
                0x080083ec       0x78 ./Middlewares/ST/STM32_WPAN/interface/patterns/ble_thread/tl/tl_mbox.o
                0x080083ec                TL_MM_Init
 .text.TL_MM_EvtDone
                0x08008464       0x30 ./Middlewares/ST/STM32_WPAN/interface/patterns/ble_thread/tl/tl_mbox.o
                0x08008464                TL_MM_EvtDone
 .text.SendFreeBuf
                0x08008494       0x40 ./Middlewares/ST/STM32_WPAN/interface/patterns/ble_thread/tl/tl_mbox.o
 .text.TL_TRACES_Init
                0x080084d4       0x24 ./Middlewares/ST/STM32_WPAN/interface/patterns/ble_thread/tl/tl_mbox.o
                0x080084d4                TL_TRACES_Init
 .text.HW_IPCC_TRACES_EvtNot
                0x080084f8       0x34 ./Middlewares/ST/STM32_WPAN/interface/patterns/ble_thread/tl/tl_mbox.o
                0x080084f8                HW_IPCC_TRACES_EvtNot
 .text.TL_TRACES_EvtReceived
                0x0800852c       0x14 ./Middlewares/ST/STM32_WPAN/interface/patterns/ble_thread/tl/tl_mbox.o
                0x0800852c                TL_TRACES_EvtReceived
 .text.OutputDbgTrace
                0x08008540       0xac ./Middlewares/ST/STM32_WPAN/interface/patterns/ble_thread/tl/tl_mbox.o
 .text.OTP_Read
                0x080085ec       0x50 ./Middlewares/ST/STM32_WPAN/utilities/otp.o
                0x080085ec                OTP_Read
 .text.LST_init_head
                0x0800863c       0x20 ./Middlewares/ST/STM32_WPAN/utilities/stm_list.o
                0x0800863c                LST_init_head
 .text.LST_is_empty
                0x0800865c       0x44 ./Middlewares/ST/STM32_WPAN/utilities/stm_list.o
                0x0800865c                LST_is_empty
 .text.LST_insert_head
                0x080086a0       0x4c ./Middlewares/ST/STM32_WPAN/utilities/stm_list.o
                0x080086a0                LST_insert_head
 .text.LST_insert_tail
                0x080086ec       0x4c ./Middlewares/ST/STM32_WPAN/utilities/stm_list.o
                0x080086ec                LST_insert_tail
 .text.LST_remove_node
                0x08008738       0x42 ./Middlewares/ST/STM32_WPAN/utilities/stm_list.o
                0x08008738                LST_remove_node
 .text.LST_remove_head
                0x0800877a       0x3e ./Middlewares/ST/STM32_WPAN/utilities/stm_list.o
                0x0800877a                LST_remove_head
 .text.LL_FLASH_GetUDN
                0x080087b8       0x18 ./STM32_WPAN/App/app_ble.o
 .text.LL_FLASH_GetDeviceID
                0x080087d0       0x18 ./STM32_WPAN/App/app_ble.o
 .text.LL_FLASH_GetSTCompanyID
                0x080087e8       0x18 ./STM32_WPAN/App/app_ble.o
 .text.APP_BLE_Init
                0x08008800       0xbc ./STM32_WPAN/App/app_ble.o
                0x08008800                APP_BLE_Init
 .text.SVCCTL_App_Notification
                0x080088bc      0x1b8 ./STM32_WPAN/App/app_ble.o
                0x080088bc                SVCCTL_App_Notification
 .text.Ble_Tl_Init
                0x08008a74       0x2c ./STM32_WPAN/App/app_ble.o
 .text.Ble_Hci_Gap_Gatt_Init
                0x08008aa0      0x168 ./STM32_WPAN/App/app_ble.o
 .text.Adv_Request
                0x08008c08       0x60 ./STM32_WPAN/App/app_ble.o
 .text.BleGetBdAddress
                0x08008c68       0x88 ./STM32_WPAN/App/app_ble.o
 .text.Adv_Cancel
                0x08008cf0       0x34 ./STM32_WPAN/App/app_ble.o
 .text.hci_notify_asynch_evt
                0x08008d24       0x18 ./STM32_WPAN/App/app_ble.o
                0x08008d24                hci_notify_asynch_evt
 .text.hci_cmd_resp_release
                0x08008d3c       0x16 ./STM32_WPAN/App/app_ble.o
                0x08008d3c                hci_cmd_resp_release
 .text.hci_cmd_resp_wait
                0x08008d52       0x16 ./STM32_WPAN/App/app_ble.o
                0x08008d52                hci_cmd_resp_wait
 .text.BLE_UserEvtRx
                0x08008d68       0x38 ./STM32_WPAN/App/app_ble.o
 .text.BLE_StatusNot
                0x08008da0       0x36 ./STM32_WPAN/App/app_ble.o
 *fill*         0x08008dd6        0x2 
 .text.Custom_STM_App_Notification
                0x08008dd8       0x64 ./STM32_WPAN/App/custom_app.o
                0x08008dd8                Custom_STM_App_Notification
 .text.Custom_APP_Notification
                0x08008e3c       0x4c ./STM32_WPAN/App/custom_app.o
                0x08008e3c                Custom_APP_Notification
 .text.Custom_APP_Init
                0x08008e88       0x1c ./STM32_WPAN/App/custom_app.o
                0x08008e88                Custom_APP_Init
 .text.Sensor_ReadTempPressure
                0x08008ea4      0x1f4 ./STM32_WPAN/App/custom_app.o
                0x08008ea4                Sensor_ReadTempPressure
 .text.Sensor_Timer_Callback
                0x08009098       0x68 ./STM32_WPAN/App/custom_app.o
 .text.Custom_STM_Event_Handler
                0x08009100      0x198 ./STM32_WPAN/App/custom_stm.o
 .text.SVCCTL_InitCustomSvc
                0x08009298       0xec ./STM32_WPAN/App/custom_stm.o
                0x08009298                SVCCTL_InitCustomSvc
 .text.Custom_STM_App_Update_Char
                0x08009384       0x4c ./STM32_WPAN/App/custom_stm.o
                0x08009384                Custom_STM_App_Update_Char
 .text.LL_PWR_EnableBootC2
                0x080093d0       0x20 ./STM32_WPAN/Target/hw_ipcc.o
 .text.LL_C2_EXTI_EnableEvent_32_63
                0x080093f0       0x28 ./STM32_WPAN/Target/hw_ipcc.o
 .text.LL_EXTI_EnableRisingTrig_32_63
                0x08009418       0x24 ./STM32_WPAN/Target/hw_ipcc.o
 .text.LL_AHB3_GRP1_EnableClock
                0x0800943c       0x32 ./STM32_WPAN/Target/hw_ipcc.o
 .text.LL_C2_AHB3_GRP1_EnableClock
                0x0800946e       0x38 ./STM32_WPAN/Target/hw_ipcc.o
 .text.LL_C1_IPCC_EnableIT_TXF
                0x080094a6       0x20 ./STM32_WPAN/Target/hw_ipcc.o
 .text.LL_C1_IPCC_EnableIT_RXO
                0x080094c6       0x20 ./STM32_WPAN/Target/hw_ipcc.o
 .text.LL_C1_IPCC_EnableTransmitChannel
                0x080094e6       0x26 ./STM32_WPAN/Target/hw_ipcc.o
 .text.LL_C1_IPCC_DisableTransmitChannel
                0x0800950c       0x24 ./STM32_WPAN/Target/hw_ipcc.o
 .text.LL_C1_IPCC_EnableReceiveChannel
                0x08009530       0x24 ./STM32_WPAN/Target/hw_ipcc.o
 .text.LL_C1_IPCC_ClearFlag_CHx
                0x08009554       0x1c ./STM32_WPAN/Target/hw_ipcc.o
 .text.LL_C1_IPCC_SetFlag_CHx
                0x08009570       0x1e ./STM32_WPAN/Target/hw_ipcc.o
 .text.LL_C1_IPCC_IsActiveFlag_CHx
                0x0800958e       0x2a ./STM32_WPAN/Target/hw_ipcc.o
 .text.LL_C2_IPCC_IsActiveFlag_CHx
                0x080095b8       0x2a ./STM32_WPAN/Target/hw_ipcc.o
 *fill*         0x080095e2        0x2 
 .text.HW_IPCC_Rx_Handler
                0x080095e4       0x6c ./STM32_WPAN/Target/hw_ipcc.o
                0x080095e4                HW_IPCC_Rx_Handler
 .text.HW_IPCC_Tx_Handler
                0x08009650       0x6c ./STM32_WPAN/Target/hw_ipcc.o
                0x08009650                HW_IPCC_Tx_Handler
 .text.HW_IPCC_Enable
                0x080096bc       0x28 ./STM32_WPAN/Target/hw_ipcc.o
                0x080096bc                HW_IPCC_Enable
 .text.HW_IPCC_Init
                0x080096e4       0x2c ./STM32_WPAN/Target/hw_ipcc.o
                0x080096e4                HW_IPCC_Init
 .text.HW_IPCC_BLE_Init
                0x08009710       0x34 ./STM32_WPAN/Target/hw_ipcc.o
                0x08009710                HW_IPCC_BLE_Init
 .text.HW_IPCC_BLE_SendCmd
                0x08009744       0x14 ./STM32_WPAN/Target/hw_ipcc.o
                0x08009744                HW_IPCC_BLE_SendCmd
 .text.HW_IPCC_BLE_EvtHandler
                0x08009758       0x18 ./STM32_WPAN/Target/hw_ipcc.o
 .text.HW_IPCC_BLE_AclDataEvtHandler
                0x08009770       0x38 ./STM32_WPAN/Target/hw_ipcc.o
 .text.HW_IPCC_SYS_Init
                0x080097a8       0x34 ./STM32_WPAN/Target/hw_ipcc.o
                0x080097a8                HW_IPCC_SYS_Init
 .text.HW_IPCC_SYS_SendCmd
                0x080097dc       0x3c ./STM32_WPAN/Target/hw_ipcc.o
                0x080097dc                HW_IPCC_SYS_SendCmd
 .text.HW_IPCC_SYS_CmdEvtHandler
                0x08009818       0x38 ./STM32_WPAN/Target/hw_ipcc.o
 .text.HW_IPCC_SYS_EvtHandler
                0x08009850       0x18 ./STM32_WPAN/Target/hw_ipcc.o
 .text.HW_IPCC_MM_SendFreeBuf
                0x08009868       0x5c ./STM32_WPAN/Target/hw_ipcc.o
                0x08009868                HW_IPCC_MM_SendFreeBuf
 .text.HW_IPCC_MM_FreeBufHandler
                0x080098c4       0x48 ./STM32_WPAN/Target/hw_ipcc.o
 .text.HW_IPCC_TRACES_Init
                0x0800990c       0x34 ./STM32_WPAN/Target/hw_ipcc.o
                0x0800990c                HW_IPCC_TRACES_Init
 .text.HW_IPCC_TRACES_EvtHandler
                0x08009940       0x18 ./STM32_WPAN/Target/hw_ipcc.o
 .text.UTIL_LPM_Init
                0x08009958       0x24 ./Utilities/lpm/tiny_lpm/stm32_lpm.o
                0x08009958                UTIL_LPM_Init
 .text.UTIL_LPM_SetStopMode
                0x0800997c       0x60 ./Utilities/lpm/tiny_lpm/stm32_lpm.o
                0x0800997c                UTIL_LPM_SetStopMode
 .text.UTIL_LPM_SetOffMode
                0x080099dc       0x60 ./Utilities/lpm/tiny_lpm/stm32_lpm.o
                0x080099dc                UTIL_LPM_SetOffMode
 .text.UTIL_LPM_EnterLowPower
                0x08009a3c       0x6c ./Utilities/lpm/tiny_lpm/stm32_lpm.o
                0x08009a3c                UTIL_LPM_EnterLowPower
 .text.UTIL_SEQ_Run
                0x08009aa8      0x1f8 ./Utilities/sequencer/stm32_seq.o
                0x08009aa8                UTIL_SEQ_Run
 .text.UTIL_SEQ_RegTask
                0x08009ca0       0x44 ./Utilities/sequencer/stm32_seq.o
                0x08009ca0                UTIL_SEQ_RegTask
 .text.UTIL_SEQ_SetTask
                0x08009ce4       0x58 ./Utilities/sequencer/stm32_seq.o
                0x08009ce4                UTIL_SEQ_SetTask
 .text.UTIL_SEQ_PauseTask
                0x08009d3c       0x40 ./Utilities/sequencer/stm32_seq.o
                0x08009d3c                UTIL_SEQ_PauseTask
 .text.UTIL_SEQ_ResumeTask
                0x08009d7c       0x40 ./Utilities/sequencer/stm32_seq.o
                0x08009d7c                UTIL_SEQ_ResumeTask
 .text.UTIL_SEQ_SetEvt
                0x08009dbc       0x40 ./Utilities/sequencer/stm32_seq.o
                0x08009dbc                UTIL_SEQ_SetEvt
 .text.UTIL_SEQ_WaitEvt
                0x08009dfc       0x94 ./Utilities/sequencer/stm32_seq.o
                0x08009dfc                UTIL_SEQ_WaitEvt
 .text.UTIL_SEQ_EvtIdle
                0x08009e90       0x1c ./Utilities/sequencer/stm32_seq.o
                0x08009e90                UTIL_SEQ_EvtIdle
 .text.UTIL_SEQ_PreIdle
                0x08009eac        0xe ./Utilities/sequencer/stm32_seq.o
                0x08009eac                UTIL_SEQ_PreIdle
 .text.UTIL_SEQ_PostIdle
                0x08009eba        0xe ./Utilities/sequencer/stm32_seq.o
                0x08009eba                UTIL_SEQ_PostIdle
 .text.SEQ_BitPosition
                0x08009ec8       0x30 ./Utilities/sequencer/stm32_seq.o
                0x08009ec8                SEQ_BitPosition
 .text.memset   0x08009ef8       0x10 C:/ST/STM32CubeIDE_1.18.0/STM32CubeIDE/plugins/com.st.stm32cube.ide.mcu.externaltools.gnu-tools-for-stm32.13.3.rel1.win32_1.0.0.202411081344/tools/bin/../lib/gcc/arm-none-eabi/13.3.1/../../../../arm-none-eabi/lib/thumb/v7e-m+fp/hard\libc_nano.a(libc_a-memset.o)
                0x08009ef8                memset
 .text.__libc_init_array
                0x08009f08       0x48 C:/ST/STM32CubeIDE_1.18.0/STM32CubeIDE/plugins/com.st.stm32cube.ide.mcu.externaltools.gnu-tools-for-stm32.13.3.rel1.win32_1.0.0.202411081344/tools/bin/../lib/gcc/arm-none-eabi/13.3.1/../../../../arm-none-eabi/lib/thumb/v7e-m+fp/hard\libc_nano.a(libc_a-init.o)
                0x08009f08                __libc_init_array
 .text.memcpy   0x08009f50       0x1c C:/ST/STM32CubeIDE_1.18.0/STM32CubeIDE/plugins/com.st.stm32cube.ide.mcu.externaltools.gnu-tools-for-stm32.13.3.rel1.win32_1.0.0.202411081344/tools/bin/../lib/gcc/arm-none-eabi/13.3.1/../../../../arm-none-eabi/lib/thumb/v7e-m+fp/hard\libc_nano.a(libc_a-memcpy-stub.o)
                0x08009f50                memcpy
 *(.glue_7)
 .glue_7        0x08009f6c        0x0 linker stubs
 *(.glue_7t)
 .glue_7t       0x08009f6c        0x0 linker stubs
 *(.eh_frame)
 .eh_frame      0x08009f6c        0x0 C:/ST/STM32CubeIDE_1.18.0/STM32CubeIDE/plugins/com.st.stm32cube.ide.mcu.externaltools.gnu-tools-for-stm32.13.3.rel1.win32_1.0.0.202411081344/tools/bin/../lib/gcc/arm-none-eabi/13.3.1/thumb/v7e-m+fp/hard/crtbegin.o
 *(.init)
 .init          0x08009f6c        0x4 C:/ST/STM32CubeIDE_1.18.0/STM32CubeIDE/plugins/com.st.stm32cube.ide.mcu.externaltools.gnu-tools-for-stm32.13.3.rel1.win32_1.0.0.202411081344/tools/bin/../lib/gcc/arm-none-eabi/13.3.1/thumb/v7e-m+fp/hard/crti.o
                0x08009f6c                _init
 .init          0x08009f70        0x8 C:/ST/STM32CubeIDE_1.18.0/STM32CubeIDE/plugins/com.st.stm32cube.ide.mcu.externaltools.gnu-tools-for-stm32.13.3.rel1.win32_1.0.0.202411081344/tools/bin/../lib/gcc/arm-none-eabi/13.3.1/thumb/v7e-m+fp/hard/crtn.o
 *(.fini)
 .fini          0x08009f78        0x4 C:/ST/STM32CubeIDE_1.18.0/STM32CubeIDE/plugins/com.st.stm32cube.ide.mcu.externaltools.gnu-tools-for-stm32.13.3.rel1.win32_1.0.0.202411081344/tools/bin/../lib/gcc/arm-none-eabi/13.3.1/thumb/v7e-m+fp/hard/crti.o
                0x08009f78                _fini
 .fini          0x08009f7c        0x8 C:/ST/STM32CubeIDE_1.18.0/STM32CubeIDE/plugins/com.st.stm32cube.ide.mcu.externaltools.gnu-tools-for-stm32.13.3.rel1.win32_1.0.0.202411081344/tools/bin/../lib/gcc/arm-none-eabi/13.3.1/thumb/v7e-m+fp/hard/crtn.o
                0x08009f84                        . = ALIGN (0x4)
                0x08009f84                        _etext = .

.vfp11_veneer   0x08009f84        0x0
 .vfp11_veneer  0x08009f84        0x0 linker stubs

.v4_bx          0x08009f84        0x0
 .v4_bx         0x08009f84        0x0 linker stubs

.iplt           0x08009f84        0x0
 .iplt          0x08009f84        0x0 C:/ST/STM32CubeIDE_1.18.0/STM32CubeIDE/plugins/com.st.stm32cube.ide.mcu.externaltools.gnu-tools-for-stm32.13.3.rel1.win32_1.0.0.202411081344/tools/bin/../lib/gcc/arm-none-eabi/13.3.1/thumb/v7e-m+fp/hard/crtbegin.o

.rodata         0x08009f84      0x274
                0x08009f84                        . = ALIGN (0x4)
 *(.rodata)
 .rodata        0x08009f84       0x1b ./Core/Src/app_debug.o
 *fill*         0x08009f9f        0x1 
 .rodata        0x08009fa0       0x20 ./Drivers/STM32WBxx_HAL_Driver/Src/stm32wbxx_hal_rcc.o
 .rodata        0x08009fc0       0x45 ./STM32_WPAN/App/app_ble.o
 *(.rodata*)
 *fill*         0x0800a005        0x3 
 .rodata.aGpioConfigList
                0x0800a008      0x130 ./Core/Src/app_debug.o
 .rodata.UTIL_PowerDriver
                0x0800a138       0x18 ./Core/Src/stm32_lpm_if.o
                0x0800a138                UTIL_PowerDriver
 .rodata.AHBPrescTable
                0x0800a150       0x40 ./Core/Src/system_stm32wbxx.o
                0x0800a150                AHBPrescTable
 .rodata.MSIRangeTable
                0x0800a190       0x40 ./Core/Src/system_stm32wbxx.o
                0x0800a190                MSIRangeTable
 .rodata.a_MBdAddr
                0x0800a1d0        0x6 ./STM32_WPAN/App/app_ble.o
 *fill*         0x0800a1d6        0x2 
 .rodata.a_BLE_CfgIrValue
                0x0800a1d8       0x10 ./STM32_WPAN/App/app_ble.o
 .rodata.a_BLE_CfgErValue
                0x0800a1e8       0x10 ./STM32_WPAN/App/app_ble.o
                0x0800a1f8                        . = ALIGN (0x4)

.ARM.extab
 *(.ARM.extab* .gnu.linkonce.armextab.*)

.ARM            0x0800a1f8        0x8
                0x0800a1f8                        __exidx_start = .
 *(.ARM.exidx*)
 .ARM.exidx     0x0800a1f8        0x8 C:/ST/STM32CubeIDE_1.18.0/STM32CubeIDE/plugins/com.st.stm32cube.ide.mcu.externaltools.gnu-tools-for-stm32.13.3.rel1.win32_1.0.0.202411081344/tools/bin/../lib/gcc/arm-none-eabi/13.3.1/../../../../arm-none-eabi/lib/thumb/v7e-m+fp/hard\libc_nano.a(libc_a-strlen.o)
                0x0800a200                        __exidx_end = .

.preinit_array  0x0800a200        0x0
                0x0800a200                        PROVIDE (__preinit_array_start = .)
 *(.preinit_array*)
                0x0800a200                        PROVIDE (__preinit_array_end = .)

.init_array     0x0800a200        0x4
                0x0800a200                        PROVIDE (__init_array_start = .)
 *(SORT_BY_NAME(.init_array.*))
 *(.init_array*)
 .init_array    0x0800a200        0x4 C:/ST/STM32CubeIDE_1.18.0/STM32CubeIDE/plugins/com.st.stm32cube.ide.mcu.externaltools.gnu-tools-for-stm32.13.3.rel1.win32_1.0.0.202411081344/tools/bin/../lib/gcc/arm-none-eabi/13.3.1/thumb/v7e-m+fp/hard/crtbegin.o
                0x0800a204                        PROVIDE (__init_array_end = .)

.fini_array     0x0800a204        0x4
                [!provide]                        PROVIDE (__fini_array_start = .)
 *(SORT_BY_NAME(.fini_array.*))
 *(.fini_array*)
 .fini_array    0x0800a204        0x4 C:/ST/STM32CubeIDE_1.18.0/STM32CubeIDE/plugins/com.st.stm32cube.ide.mcu.externaltools.gnu-tools-for-stm32.13.3.rel1.win32_1.0.0.202411081344/tools/bin/../lib/gcc/arm-none-eabi/13.3.1/thumb/v7e-m+fp/hard/crtbegin.o
                [!provide]                        PROVIDE (__fini_array_end = .)
                0x0800a208                        _sidata = LOADADDR (.data)

.rel.dyn        0x0800a208        0x0
 .rel.iplt      0x0800a208        0x0 C:/ST/STM32CubeIDE_1.18.0/STM32CubeIDE/plugins/com.st.stm32cube.ide.mcu.externaltools.gnu-tools-for-stm32.13.3.rel1.win32_1.0.0.202411081344/tools/bin/../lib/gcc/arm-none-eabi/13.3.1/thumb/v7e-m+fp/hard/crtbegin.o

.data           0x20000008       0x48 load address 0x0800a208
                0x20000008                        . = ALIGN (0x4)
                0x20000008                        _sdata = .
 *(.data)
 *(.data*)
 .data.reset_cmd
                0x20000008        0x1 ./Core/Src/main.o
                0x20000008                reset_cmd
 .data.read_c1_cmd
                0x20000009        0x1 ./Core/Src/main.o
                0x20000009                read_c1_cmd
 .data.read_c2_cmd
                0x2000000a        0x1 ./Core/Src/main.o
                0x2000000a                read_c2_cmd
 .data.read_c3_cmd
                0x2000000b        0x1 ./Core/Src/main.o
                0x2000000b                read_c3_cmd
 .data.read_c4_cmd
                0x2000000c        0x1 ./Core/Src/main.o
                0x2000000c                read_c4_cmd
 .data.read_c5_cmd
                0x2000000d        0x1 ./Core/Src/main.o
                0x2000000d                read_c5_cmd
 .data.read_c6_cmd
                0x2000000e        0x1 ./Core/Src/main.o
                0x2000000e                read_c6_cmd
 .data.read_c7_cmd
                0x2000000f        0x1 ./Core/Src/main.o
                0x2000000f                read_c7_cmd
 .data.read_c8_cmd
                0x20000010        0x1 ./Core/Src/main.o
                0x20000010                read_c8_cmd
 .data.read_c9_cmd
                0x20000011        0x1 ./Core/Src/main.o
                0x20000011                read_c9_cmd
 .data.read_c10_cmd
                0x20000012        0x1 ./Core/Src/main.o
                0x20000012                read_c10_cmd
 .data.start_conversion_cmd
                0x20000013        0x1 ./Core/Src/main.o
                0x20000013                start_conversion_cmd
 .data.read_adc_cmd
                0x20000014        0x1 ./Core/Src/main.o
                0x20000014                read_adc_cmd
 *fill*         0x20000015        0x1 
 .data.STBY_DebugGpioaPinList
                0x20000016        0x2 ./Core/Src/standby.o
                0x20000016                STBY_DebugGpioaPinList
 .data.STBY_DebugGpiobPinList
                0x20000018        0x2 ./Core/Src/standby.o
                0x20000018                STBY_DebugGpiobPinList
 .data.STBY_DebugGpiocPinList
                0x2000001a        0x2 ./Core/Src/standby.o
                0x2000001a                STBY_DebugGpiocPinList
 .data.STBY_DtbGpioaPinList
                0x2000001c        0x2 ./Core/Src/standby.o
                0x2000001c                STBY_DtbGpioaPinList
 .data.STBY_DtbGpiobPinList
                0x2000001e        0x2 ./Core/Src/standby.o
                0x2000001e                STBY_DtbGpiobPinList
 .data.SystemCoreClock
                0x20000020        0x4 ./Core/Src/system_stm32wbxx.o
                0x20000020                SystemCoreClock
 .data.uwTickPrio
                0x20000024        0x4 ./Drivers/STM32WBxx_HAL_Driver/Src/stm32wbxx_hal.o
                0x20000024                uwTickPrio
 .data.uwTickFreq
                0x20000028        0x1 ./Drivers/STM32WBxx_HAL_Driver/Src/stm32wbxx_hal.o
                0x20000028                uwTickFreq
 *fill*         0x20000029        0x3 
 .data.a_AdvData
                0x2000002c       0x19 ./STM32_WPAN/App/app_ble.o
                0x2000002c                a_AdvData
 *fill*         0x20000045        0x1 
 .data.SizeTemperature_Pressure
                0x20000046        0x2 ./STM32_WPAN/App/custom_stm.o
                0x20000046                SizeTemperature_Pressure
 .data.TaskMask
                0x20000048        0x4 ./Utilities/sequencer/stm32_seq.o
 .data.SuperMask
                0x2000004c        0x4 ./Utilities/sequencer/stm32_seq.o
 *(.RamFunc)
 *(.RamFunc*)
                0x20000050                        . = ALIGN (0x4)
                0x20000050                        _edata = .

.igot.plt       0x20000050        0x0 load address 0x0800a250
 .igot.plt      0x20000050        0x0 C:/ST/STM32CubeIDE_1.18.0/STM32CubeIDE/plugins/com.st.stm32cube.ide.mcu.externaltools.gnu-tools-for-stm32.13.3.rel1.win32_1.0.0.202411081344/tools/bin/../lib/gcc/arm-none-eabi/13.3.1/thumb/v7e-m+fp/hard/crtbegin.o

BLE_DRIVER_CONTEXT
                0x20000050       0x35 load address 0x0800a250
 BLE_DRIVER_CONTEXT
                0x20000050       0x21 ./Middlewares/ST/STM32_WPAN/ble/svc/Src/svc_ctl.o
                0x20000050                SVCCTL_EvtHandler
                0x20000070                SVCCTL_CltHandler
 *fill*         0x20000071        0x3 
 BLE_DRIVER_CONTEXT
                0x20000074       0x11 ./Middlewares/ST/STM32_WPAN/interface/patterns/ble_thread/tl/hci_tl.o
                0x20000084                UserEventFlow

SYSTEM_DRIVER_CONTEXT
                0x20000088       0x11 load address 0x0800a285
 SYSTEM_DRIVER_CONTEXT
                0x20000088       0x11 ./Middlewares/ST/STM32_WPAN/interface/patterns/ble_thread/tl/shci_tl.o
                0x20000098                SHCI_TL_UserEventFlow
                0x2000009c                        . = ALIGN (0x4)

.bss            0x2000009c      0x3b4 load address 0x0800a296
                0x2000009c                        _sbss = .
                0x2000009c                        __bss_start__ = _sbss
 *(.bss)
 .bss           0x2000009c       0x1c C:/ST/STM32CubeIDE_1.18.0/STM32CubeIDE/plugins/com.st.stm32cube.ide.mcu.externaltools.gnu-tools-for-stm32.13.3.rel1.win32_1.0.0.202411081344/tools/bin/../lib/gcc/arm-none-eabi/13.3.1/thumb/v7e-m+fp/hard/crtbegin.o
 *(.bss*)
 .bss.aTimerContext
                0x200000b8       0x90 ./Core/Src/hw_timerserver.o
 .bss.CurrentRunningTimerID
                0x20000148        0x1 ./Core/Src/hw_timerserver.o
 .bss.PreviousRunningTimerID
                0x20000149        0x1 ./Core/Src/hw_timerserver.o
 *fill*         0x2000014a        0x2 
 .bss.SSRValueOnLastSetup
                0x2000014c        0x4 ./Core/Src/hw_timerserver.o
 .bss.WakeupTimerLimitation
                0x20000150        0x1 ./Core/Src/hw_timerserver.o
 .bss.WakeupTimerDivider
                0x20000151        0x1 ./Core/Src/hw_timerserver.o
 .bss.AsynchPrescalerUserConfig
                0x20000152        0x1 ./Core/Src/hw_timerserver.o
 *fill*         0x20000153        0x1 
 .bss.SynchPrescalerUserConfig
                0x20000154        0x2 ./Core/Src/hw_timerserver.o
 .bss.MaxWakeupTimerSetup
                0x20000156        0x2 ./Core/Src/hw_timerserver.o
 .bss.hipcc     0x20000158       0x3c ./Core/Src/main.o
                0x20000158                hipcc
 .bss.hlptim1   0x20000194       0x38 ./Core/Src/main.o
                0x20000194                hlptim1
 .bss.hrtc      0x200001cc       0x24 ./Core/Src/main.o
                0x200001cc                hrtc
 .bss.hspi1     0x200001f0       0x64 ./Core/Src/main.o
                0x200001f0                hspi1
 .bss.C1        0x20000254        0x2 ./Core/Src/main.o
                0x20000254                C1
 .bss.C2        0x20000256        0x2 ./Core/Src/main.o
                0x20000256                C2
 .bss.C3        0x20000258        0x2 ./Core/Src/main.o
                0x20000258                C3
 .bss.C4        0x2000025a        0x2 ./Core/Src/main.o
                0x2000025a                C4
 .bss.C5        0x2000025c        0x2 ./Core/Src/main.o
                0x2000025c                C5
 .bss.C6        0x2000025e        0x2 ./Core/Src/main.o
                0x2000025e                C6
 .bss.C7        0x20000260        0x2 ./Core/Src/main.o
                0x20000260                C7
 .bss.C8        0x20000262        0x2 ./Core/Src/main.o
                0x20000262                C8
 .bss.C9        0x20000264        0x2 ./Core/Src/main.o
                0x20000264                C9
 .bss.C10       0x20000266        0x2 ./Core/Src/main.o
                0x20000266                C10
 .bss.raw_pressure
                0x20000268        0x4 ./Core/Src/main.o
                0x20000268                raw_pressure
 .bss.raw_temp  0x2000026c        0x4 ./Core/Src/main.o
                0x2000026c                raw_temp
 .bss.temperature
                0x20000270        0x4 ./Core/Src/main.o
                0x20000270                temperature
 .bss.offset    0x20000274        0x4 ./Core/Src/main.o
                0x20000274                offset
 .bss.sensitivity
                0x20000278        0x4 ./Core/Src/main.o
                0x20000278                sensitivity
 .bss.pressure  0x2000027c        0x4 ./Core/Src/main.o
                0x2000027c                pressure
 .bss.TX_BUFFER
                0x20000280        0x1 ./Core/Src/main.o
                0x20000280                TX_BUFFER
 *fill*         0x20000281        0x3 
 .bss.RX_BUFFER
                0x20000284        0x8 ./Core/Src/main.o
                0x20000284                RX_BUFFER
 .bss.STBY_BackupIpccC1MR
                0x2000028c        0x4 ./Core/Src/standby.o
                0x2000028c                STBY_BackupIpccC1MR
 .bss.STBY_BackupVTOR
                0x20000290        0x4 ./Core/Src/standby.o
                0x20000290                STBY_BackupVTOR
 .bss.STBY_BootStatus
                0x20000294        0x4 ./Core/Src/standby.o
                0x20000294                STBY_BootStatus
 .bss.uwTick    0x20000298        0x4 ./Drivers/STM32WBxx_HAL_Driver/Src/stm32wbxx_hal.o
                0x20000298                uwTick
 .bss.hciContext
                0x2000029c       0x20 ./Middlewares/ST/STM32_WPAN/interface/patterns/ble_thread/tl/hci_tl.o
 .bss.HciCmdEventQueue
                0x200002bc        0x8 ./Middlewares/ST/STM32_WPAN/interface/patterns/ble_thread/tl/hci_tl.o
 .bss.StatusNotCallBackFunction
                0x200002c4        0x4 ./Middlewares/ST/STM32_WPAN/interface/patterns/ble_thread/tl/hci_tl.o
 .bss.CmdRspStatusFlag
                0x200002c8        0x1 ./Middlewares/ST/STM32_WPAN/interface/patterns/ble_thread/tl/hci_tl.o
 *fill*         0x200002c9        0x3 
 .bss.shciContext
                0x200002cc       0x20 ./Middlewares/ST/STM32_WPAN/interface/patterns/ble_thread/tl/shci_tl.o
 .bss.StatusNotCallBackFunction
                0x200002ec        0x4 ./Middlewares/ST/STM32_WPAN/interface/patterns/ble_thread/tl/shci_tl.o
 .bss.CmdRspStatusFlag
                0x200002f0        0x1 ./Middlewares/ST/STM32_WPAN/interface/patterns/ble_thread/tl/shci_tl.o
 *fill*         0x200002f1        0x3 
 .bss.LocalFreeBufQueue
                0x200002f4        0x8 ./Middlewares/ST/STM32_WPAN/interface/patterns/ble_thread/tl/tl_mbox.o
 .bss.BLE_IoBusEvtCallBackFunction
                0x200002fc        0x4 ./Middlewares/ST/STM32_WPAN/interface/patterns/ble_thread/tl/tl_mbox.o
 .bss.BLE_IoBusAclDataTxAck
                0x20000300        0x4 ./Middlewares/ST/STM32_WPAN/interface/patterns/ble_thread/tl/tl_mbox.o
 .bss.SYS_CMD_IoBusCallBackFunction
                0x20000304        0x4 ./Middlewares/ST/STM32_WPAN/interface/patterns/ble_thread/tl/tl_mbox.o
 .bss.SYS_EVT_IoBusCallBackFunction
                0x20000308        0x4 ./Middlewares/ST/STM32_WPAN/interface/patterns/ble_thread/tl/tl_mbox.o
 .bss.p_mem_manager_table.0
                0x2000030c        0x4 ./Middlewares/ST/STM32_WPAN/interface/patterns/ble_thread/tl/tl_mbox.o
 .bss.a_BdAddrUdn
                0x20000310        0x6 ./STM32_WPAN/App/app_ble.o
 *fill*         0x20000316        0x2 
 .bss.BleApplicationContext
                0x20000318       0x84 ./STM32_WPAN/App/app_ble.o
 .bss.HandleNotification
                0x2000039c        0x4 ./STM32_WPAN/App/app_ble.o
                0x2000039c                HandleNotification
 .bss.Custom_App_Context
                0x200003a0        0x4 ./STM32_WPAN/App/custom_app.o
 .bss.TemperatureTimerId
                0x200003a4        0x1 ./STM32_WPAN/App/custom_app.o
 *fill*         0x200003a5        0x3 
 .bss.CustomContext
                0x200003a8        0x4 ./STM32_WPAN/App/custom_stm.o
 .bss.FreeBufCb
                0x200003ac        0x4 ./STM32_WPAN/Target/hw_ipcc.o
 .bss.StopModeDisable
                0x200003b0        0x4 ./Utilities/lpm/tiny_lpm/stm32_lpm.o
 .bss.OffModeDisable
                0x200003b4        0x4 ./Utilities/lpm/tiny_lpm/stm32_lpm.o
 .bss.TaskSet   0x200003b8        0x4 ./Utilities/sequencer/stm32_seq.o
 .bss.EvtSet    0x200003bc        0x4 ./Utilities/sequencer/stm32_seq.o
 .bss.EvtWaited
                0x200003c0        0x4 ./Utilities/sequencer/stm32_seq.o
 .bss.CurrentTaskIdx
                0x200003c4        0x4 ./Utilities/sequencer/stm32_seq.o
 .bss.TaskCb    0x200003c8       0x80 ./Utilities/sequencer/stm32_seq.o
 .bss.TaskPrio  0x20000448        0x8 ./Utilities/sequencer/stm32_seq.o
 *(COMMON)
                0x20000450                        . = ALIGN (0x4)
                0x20000450                        _ebss = .
                0x20000450                        __bss_end__ = _ebss

._user_heap_stack
                0x20000450      0x600 load address 0x0800a296
                0x20000450                        . = ALIGN (0x8)
                [!provide]                        PROVIDE (end = .)
                0x20000450                        PROVIDE (_end = .)
                0x20000650                        . = (. + _Min_Heap_Size)
 *fill*         0x20000450      0x200 
                0x20000a50                        . = (. + _Min_Stack_Size)
 *fill*         0x20000650      0x400 
                0x20000a50                        . = ALIGN (0x8)

/DISCARD/
 libc.a(*)
 libm.a(*)
 libgcc.a(*)

.ARM.attributes
                0x00000000       0x30
 *(.ARM.attributes)
 .ARM.attributes
                0x00000000       0x22 C:/ST/STM32CubeIDE_1.18.0/STM32CubeIDE/plugins/com.st.stm32cube.ide.mcu.externaltools.gnu-tools-for-stm32.13.3.rel1.win32_1.0.0.202411081344/tools/bin/../lib/gcc/arm-none-eabi/13.3.1/thumb/v7e-m+fp/hard/crti.o
 .ARM.attributes
                0x00000022       0x34 C:/ST/STM32CubeIDE_1.18.0/STM32CubeIDE/plugins/com.st.stm32cube.ide.mcu.externaltools.gnu-tools-for-stm32.13.3.rel1.win32_1.0.0.202411081344/tools/bin/../lib/gcc/arm-none-eabi/13.3.1/thumb/v7e-m+fp/hard/crtbegin.o
 .ARM.attributes
                0x00000056       0x34 ./Core/Src/app_debug.o
 .ARM.attributes
                0x0000008a       0x34 ./Core/Src/app_entry.o
 .ARM.attributes
                0x000000be       0x34 ./Core/Src/hw_timerserver.o
 .ARM.attributes
                0x000000f2       0x34 ./Core/Src/main.o
 .ARM.attributes
                0x00000126       0x34 ./Core/Src/standby.o
 .ARM.attributes
                0x0000015a       0x34 ./Core/Src/stm32_lpm_if.o
 .ARM.attributes
                0x0000018e       0x34 ./Core/Src/stm32wbxx_hal_msp.o
 .ARM.attributes
                0x000001c2       0x34 ./Core/Src/stm32wbxx_it.o
 .ARM.attributes
                0x000001f6       0x34 ./Core/Src/system_stm32wbxx.o
 .ARM.attributes
                0x0000022a       0x21 ./Core/Startup/startup_stm32wb1mmchx.o
 .ARM.attributes
                0x0000024b       0x34 ./Drivers/STM32WBxx_HAL_Driver/Src/stm32wbxx_hal.o
 .ARM.attributes
                0x0000027f       0x34 ./Drivers/STM32WBxx_HAL_Driver/Src/stm32wbxx_hal_cortex.o
 .ARM.attributes
                0x000002b3       0x34 ./Drivers/STM32WBxx_HAL_Driver/Src/stm32wbxx_hal_gpio.o
 .ARM.attributes
                0x000002e7       0x34 ./Drivers/STM32WBxx_HAL_Driver/Src/stm32wbxx_hal_hsem.o
 .ARM.attributes
                0x0000031b       0x34 ./Drivers/STM32WBxx_HAL_Driver/Src/stm32wbxx_hal_ipcc.o
 .ARM.attributes
                0x0000034f       0x34 ./Drivers/STM32WBxx_HAL_Driver/Src/stm32wbxx_hal_lptim.o
 .ARM.attributes
                0x00000383       0x34 ./Drivers/STM32WBxx_HAL_Driver/Src/stm32wbxx_hal_pwr.o
 .ARM.attributes
                0x000003b7       0x34 ./Drivers/STM32WBxx_HAL_Driver/Src/stm32wbxx_hal_pwr_ex.o
 .ARM.attributes
                0x000003eb       0x34 ./Drivers/STM32WBxx_HAL_Driver/Src/stm32wbxx_hal_rcc.o
 .ARM.attributes
                0x0000041f       0x34 ./Drivers/STM32WBxx_HAL_Driver/Src/stm32wbxx_hal_rcc_ex.o
 .ARM.attributes
                0x00000453       0x34 ./Drivers/STM32WBxx_HAL_Driver/Src/stm32wbxx_hal_rtc.o
 .ARM.attributes
                0x00000487       0x34 ./Drivers/STM32WBxx_HAL_Driver/Src/stm32wbxx_hal_rtc_ex.o
 .ARM.attributes
                0x000004bb       0x34 ./Drivers/STM32WBxx_HAL_Driver/Src/stm32wbxx_hal_spi.o
 .ARM.attributes
                0x000004ef       0x34 ./Middlewares/ST/STM32_WPAN/ble/core/auto/ble_gap_aci.o
 .ARM.attributes
                0x00000523       0x34 ./Middlewares/ST/STM32_WPAN/ble/core/auto/ble_gatt_aci.o
 .ARM.attributes
                0x00000557       0x34 ./Middlewares/ST/STM32_WPAN/ble/core/auto/ble_hal_aci.o
 .ARM.attributes
                0x0000058b       0x34 ./Middlewares/ST/STM32_WPAN/ble/core/auto/ble_hci_le.o
 .ARM.attributes
                0x000005bf       0x34 ./Middlewares/ST/STM32_WPAN/ble/core/template/osal.o
 .ARM.attributes