20:39:28 **** Incremental Build of configuration Debug for project Tire_Sensor ****
make -j12 all 
arm-none-eabi-gcc "../STM32_WPAN/App/custom_app.c" -mcpu=cortex-m4 -std=gnu11 -g3 -DDEBUG -DUSE_HAL_DRIVER -DSTM32WB1Mxx -c -I../Core/Inc -I../Drivers/STM32WBxx_HAL_Driver/Inc -I../Drivers/STM32WBxx_HAL_Driver/Inc/Legacy -I../Drivers/CMSIS/Device/ST/STM32WBxx/Include -I../Drivers/CMSIS/Include -I../STM32_WPAN/App -I../Utilities/lpm/tiny_lpm -I../Middlewares/ST/STM32_WPAN -I../Middlewares/ST/STM32_WPAN/interface/patterns/ble_thread -I../Middlewares/ST/STM32_WPAN/interface/patterns/ble_thread/tl -I../Middlewares/ST/STM32_WPAN/interface/patterns/ble_thread/shci -I../Middlewares/ST/STM32_WPAN/utilities -I../Middlewares/ST/STM32_WPAN/ble/core -I../Middlewares/ST/STM32_WPAN/ble/core/auto -I../Middlewares/ST/STM32_WPAN/ble/core/template -I../Middlewares/ST/STM32_WPAN/ble/svc/Inc -I../Middlewares/ST/STM32_WPAN/ble/svc/Src -I../Utilities/sequencer -I../Middlewares/ST/STM32_WPAN/ble -O0 -ffunction-sections -fdata-sections -Wall -fstack-usage -fcyclomatic-complexity -MMD -MP -MF"STM32_WPAN/App/custom_app.d" -MT"STM32_WPAN/App/custom_app.o" --specs=nano.specs -mfpu=fpv4-sp-d16 -mfloat-abi=hard -mthumb -o "STM32_WPAN/App/custom_app.o"
../STM32_WPAN/App/custom_app.c:247:6: warning: 'Custom_Temperature_pressure_Send_Notification' defined but not used [-Wunused-function]
  247 | void Custom_Temperature_pressure_Send_Notification(void) /* Property Notification */
      |      ^~~~~~~~~~~~~~~~~~~~~~~~~~~~~~~~~~~~~~~~~~~~~
../STM32_WPAN/App/custom_app.c:93:22: warning: 'read_c10_cmd' defined but not used [-Wunused-const-variable=]
   93 | static const uint8_t read_c10_cmd = 0b11111010;
      |                      ^~~~~~~~~~~~
../STM32_WPAN/App/custom_app.c:92:22: warning: 'read_c9_cmd' defined but not used [-Wunused-const-variable=]
   92 | static const uint8_t read_c9_cmd = 0b11111000;
      |                      ^~~~~~~~~~~
../STM32_WPAN/App/custom_app.c:91:22: warning: 'read_c8_cmd' defined but not used [-Wunused-const-variable=]
   91 | static const uint8_t read_c8_cmd = 0b11110110;
      |                      ^~~~~~~~~~~
../STM32_WPAN/App/custom_app.c:90:22: warning: 'read_c7_cmd' defined but not used [-Wunused-const-variable=]
   90 | static const uint8_t read_c7_cmd = 0b11110100;
      |                      ^~~~~~~~~~~
../STM32_WPAN/App/custom_app.c:89:22: warning: 'read_c6_cmd' defined but not used [-Wunused-const-variable=]
   89 | static const uint8_t read_c6_cmd = 0b11110010;
      |                      ^~~~~~~~~~~
../STM32_WPAN/App/custom_app.c:88:22: warning: 'read_c5_cmd' defined but not used [-Wunused-const-variable=]
   88 | static const uint8_t read_c5_cmd = 0b11110000;
      |                      ^~~~~~~~~~~
../STM32_WPAN/App/custom_app.c:87:22: warning: 'read_c4_cmd' defined but not used [-Wunused-const-variable=]
   87 | static const uint8_t read_c4_cmd = 0b11101110;
      |                      ^~~~~~~~~~~
../STM32_WPAN/App/custom_app.c:86:22: warning: 'read_c3_cmd' defined but not used [-Wunused-const-variable=]
   86 | static const uint8_t read_c3_cmd = 0b11101100;
      |                      ^~~~~~~~~~~
../STM32_WPAN/App/custom_app.c:85:22: warning: 'read_c2_cmd' defined but not used [-Wunused-const-variable=]
   85 | static const uint8_t read_c2_cmd = 0b11101010;
      |                      ^~~~~~~~~~~
../STM32_WPAN/App/custom_app.c:84:22: warning: 'read_c1_cmd' defined but not used [-Wunused-const-variable=]
   84 | static const uint8_t read_c1_cmd = 0b11101000;
      |                      ^~~~~~~~~~~
../STM32_WPAN/App/custom_app.c:83:22: warning: 'reset_cmd' defined but not used [-Wunused-const-variable=]
   83 | static const uint8_t reset_cmd = 0b00010000;
      |                      ^~~~~~~~~
arm-none-eabi-gcc -o "Tire_Sensor.elf" @"objects.list"   -mcpu=cortex-m4 -T"D:\stm32_workspaces\rehviandur\Tire_Sensor\STM32WB1MMCHX_FLASH.ld" --specs=nosys.specs -Wl,-Map="Tire_Sensor.map" -Wl,--gc-sections -static --specs=nano.specs -mfpu=fpv4-sp-d16 -mfloat-abi=hard -mthumb -Wl,--start-group -lc -lm -Wl,--end-group
Finished building target: Tire_Sensor.elf
 
arm-none-eabi-size  Tire_Sensor.elf 
arm-none-eabi-objdump -h -S Tire_Sensor.elf  > "Tire_Sensor.list"
   text	   data	    bss	    dec	    hex	filename
  37024	   2321	   2903	  42248	   a508	Tire_Sensor.elf
Finished building: default.size.stdout
 
Finished building: Tire_Sensor.list
 

20:39:31 Build Finished. 0 errors, 12 warnings. (took 2s.943ms)

